Archive member included to satisfy reference by file (symbol)

/home/y/github/EmbeddedSoftwareMCU/Tools/gcc-arm-none-eabi-unix/bin/../lib/gcc/arm-none-eabi/6.2.1/../../../../arm-none-eabi/lib/thumb/v7e-m/libc.a(lib_a-exit.o)
                              /home/y/github/EmbeddedSoftwareMCU/Tools/gcc-arm-none-eabi-unix/bin/../lib/gcc/arm-none-eabi/6.2.1/../../../../arm-none-eabi/lib/thumb/v7e-m/crt0.o (exit)
/home/y/github/EmbeddedSoftwareMCU/Tools/gcc-arm-none-eabi-unix/bin/../lib/gcc/arm-none-eabi/6.2.1/../../../../arm-none-eabi/lib/thumb/v7e-m/libc.a(lib_a-impure.o)
                              /home/y/github/EmbeddedSoftwareMCU/Tools/gcc-arm-none-eabi-unix/bin/../lib/gcc/arm-none-eabi/6.2.1/../../../../arm-none-eabi/lib/thumb/v7e-m/libc.a(lib_a-exit.o) (_global_impure_ptr)
/home/y/github/EmbeddedSoftwareMCU/Tools/gcc-arm-none-eabi-unix/bin/../lib/gcc/arm-none-eabi/6.2.1/../../../../arm-none-eabi/lib/thumb/v7e-m/libc.a(lib_a-init.o)
                              /home/y/github/EmbeddedSoftwareMCU/Tools/gcc-arm-none-eabi-unix/bin/../lib/gcc/arm-none-eabi/6.2.1/../../../../arm-none-eabi/lib/thumb/v7e-m/crt0.o (__libc_init_array)
/home/y/github/EmbeddedSoftwareMCU/Tools/gcc-arm-none-eabi-unix/bin/../lib/gcc/arm-none-eabi/6.2.1/../../../../arm-none-eabi/lib/thumb/v7e-m/libc.a(lib_a-memset.o)
                              /home/y/github/EmbeddedSoftwareMCU/Tools/gcc-arm-none-eabi-unix/bin/../lib/gcc/arm-none-eabi/6.2.1/../../../../arm-none-eabi/lib/thumb/v7e-m/crt0.o (memset)
/home/y/github/EmbeddedSoftwareMCU/Tools/gcc-arm-none-eabi-unix/bin/../lib/gcc/arm-none-eabi/6.2.1/../../../../arm-none-eabi/lib/thumb/v7e-m/libc.a(lib_a-__call_atexit.o)
                              /home/y/github/EmbeddedSoftwareMCU/Tools/gcc-arm-none-eabi-unix/bin/../lib/gcc/arm-none-eabi/6.2.1/../../../../arm-none-eabi/lib/thumb/v7e-m/libc.a(lib_a-exit.o) (__call_exitprocs)
/home/y/github/EmbeddedSoftwareMCU/Tools/gcc-arm-none-eabi-unix/bin/../lib/gcc/arm-none-eabi/6.2.1/../../../../arm-none-eabi/lib/thumb/v7e-m/libc.a(lib_a-atexit.o)
                              /home/y/github/EmbeddedSoftwareMCU/Tools/gcc-arm-none-eabi-unix/bin/../lib/gcc/arm-none-eabi/6.2.1/../../../../arm-none-eabi/lib/thumb/v7e-m/libc.a(lib_a-__call_atexit.o) (atexit)
/home/y/github/EmbeddedSoftwareMCU/Tools/gcc-arm-none-eabi-unix/bin/../lib/gcc/arm-none-eabi/6.2.1/../../../../arm-none-eabi/lib/thumb/v7e-m/libc.a(lib_a-fini.o)
                              /home/y/github/EmbeddedSoftwareMCU/Tools/gcc-arm-none-eabi-unix/bin/../lib/gcc/arm-none-eabi/6.2.1/../../../../arm-none-eabi/lib/thumb/v7e-m/libc.a(lib_a-__call_atexit.o) (__libc_fini_array)
/home/y/github/EmbeddedSoftwareMCU/Tools/gcc-arm-none-eabi-unix/bin/../lib/gcc/arm-none-eabi/6.2.1/../../../../arm-none-eabi/lib/thumb/v7e-m/libc.a(lib_a-__atexit.o)
                              /home/y/github/EmbeddedSoftwareMCU/Tools/gcc-arm-none-eabi-unix/bin/../lib/gcc/arm-none-eabi/6.2.1/../../../../arm-none-eabi/lib/thumb/v7e-m/libc.a(lib_a-atexit.o) (__register_exitproc)
/home/y/github/EmbeddedSoftwareMCU/Tools/gcc-arm-none-eabi-unix/bin/../lib/gcc/arm-none-eabi/6.2.1/../../../../arm-none-eabi/lib/thumb/v7e-m/libnosys.a(_exit.o)
                              /home/y/github/EmbeddedSoftwareMCU/Tools/gcc-arm-none-eabi-unix/bin/../lib/gcc/arm-none-eabi/6.2.1/../../../../arm-none-eabi/lib/thumb/v7e-m/libc.a(lib_a-exit.o) (_exit)

Discarded input sections

 .text          0x0000000000000000        0x0 /home/y/github/EmbeddedSoftwareMCU/Tools/gcc-arm-none-eabi-unix/bin/../lib/gcc/arm-none-eabi/6.2.1/thumb/v7e-m/crti.o
 .data          0x0000000000000000        0x0 /home/y/github/EmbeddedSoftwareMCU/Tools/gcc-arm-none-eabi-unix/bin/../lib/gcc/arm-none-eabi/6.2.1/thumb/v7e-m/crti.o
 .bss           0x0000000000000000        0x0 /home/y/github/EmbeddedSoftwareMCU/Tools/gcc-arm-none-eabi-unix/bin/../lib/gcc/arm-none-eabi/6.2.1/thumb/v7e-m/crti.o
 .data          0x0000000000000000        0x4 /home/y/github/EmbeddedSoftwareMCU/Tools/gcc-arm-none-eabi-unix/bin/../lib/gcc/arm-none-eabi/6.2.1/thumb/v7e-m/crtbegin.o
 .text          0x0000000000000000       0x74 /home/y/github/EmbeddedSoftwareMCU/Tools/gcc-arm-none-eabi-unix/bin/../lib/gcc/arm-none-eabi/6.2.1/../../../../arm-none-eabi/lib/thumb/v7e-m/crt0.o
 .data          0x0000000000000000        0x0 /home/y/github/EmbeddedSoftwareMCU/Tools/gcc-arm-none-eabi-unix/bin/../lib/gcc/arm-none-eabi/6.2.1/../../../../arm-none-eabi/lib/thumb/v7e-m/crt0.o
 .bss           0x0000000000000000        0x0 /home/y/github/EmbeddedSoftwareMCU/Tools/gcc-arm-none-eabi-unix/bin/../lib/gcc/arm-none-eabi/6.2.1/../../../../arm-none-eabi/lib/thumb/v7e-m/crt0.o
 .ARM.extab     0x0000000000000000        0x0 /home/y/github/EmbeddedSoftwareMCU/Tools/gcc-arm-none-eabi-unix/bin/../lib/gcc/arm-none-eabi/6.2.1/../../../../arm-none-eabi/lib/thumb/v7e-m/crt0.o
 .ARM.exidx     0x0000000000000000        0x8 /home/y/github/EmbeddedSoftwareMCU/Tools/gcc-arm-none-eabi-unix/bin/../lib/gcc/arm-none-eabi/6.2.1/../../../../arm-none-eabi/lib/thumb/v7e-m/crt0.o
 .ARM.attributes
                0x0000000000000000       0x1c /home/y/github/EmbeddedSoftwareMCU/Tools/gcc-arm-none-eabi-unix/bin/../lib/gcc/arm-none-eabi/6.2.1/../../../../arm-none-eabi/lib/thumb/v7e-m/crt0.o
 .text          0x0000000000000000        0x0 build/at32f403a_407_clock.o
 .data          0x0000000000000000        0x0 build/at32f403a_407_clock.o
 .bss           0x0000000000000000        0x0 build/at32f403a_407_clock.o
 .text          0x0000000000000000        0x0 build/at32f403a_407_int.o
 .data          0x0000000000000000        0x0 build/at32f403a_407_int.o
 .bss           0x0000000000000000        0x0 build/at32f403a_407_int.o
 .text          0x0000000000000000        0x0 build/at32f403a_407_board.o
 .data          0x0000000000000000        0x0 build/at32f403a_407_board.o
 .bss           0x0000000000000000        0x0 build/at32f403a_407_board.o
 .text.__io_putchar
                0x0000000000000000       0x20 build/at32f403a_407_board.o
 .text.uart_print_init
                0x0000000000000000       0x74 build/at32f403a_407_board.o
 .text.at32_button_state
                0x0000000000000000       0x10 build/at32f403a_407_board.o
 .text.at32_led_on
                0x0000000000000000       0x20 build/at32f403a_407_board.o
 .text.delay_us
                0x0000000000000000       0x3c build/at32f403a_407_board.o
 .text.at32_button_press
                0x0000000000000000       0x44 build/at32f403a_407_board.o
 .text.delay_sec
                0x0000000000000000       0x22 build/at32f403a_407_board.o
 .data.pressed.13699
                0x0000000000000000        0x1 build/at32f403a_407_board.o
 .text          0x0000000000000000        0x0 build/at32f403a_407_crm.o
 .data          0x0000000000000000        0x0 build/at32f403a_407_crm.o
 .bss           0x0000000000000000        0x0 build/at32f403a_407_crm.o
 .text.crm_lext_bypass
                0x0000000000000000       0x10 build/at32f403a_407_crm.o
 .text.crm_hext_bypass
                0x0000000000000000       0x10 build/at32f403a_407_crm.o
 .text.crm_hick_clock_trimming_set
                0x0000000000000000       0x10 build/at32f403a_407_crm.o
 .text.crm_hick_clock_calibration_set
                0x0000000000000000       0x24 build/at32f403a_407_crm.o
 .text.crm_periph_reset
                0x0000000000000000       0x3c build/at32f403a_407_crm.o
 .text.crm_periph_sleep_mode_clock_enable
                0x0000000000000000       0x3c build/at32f403a_407_crm.o
 .text.crm_flag_clear
                0x0000000000000000       0xa8 build/at32f403a_407_crm.o
 .text.crm_rtc_clock_select
                0x0000000000000000       0x10 build/at32f403a_407_crm.o
 .text.crm_rtc_clock_enable
                0x0000000000000000       0x10 build/at32f403a_407_crm.o
 .text.crm_adc_clock_div_set
                0x0000000000000000       0x1c build/at32f403a_407_crm.o
 .text.crm_usb_clock_div_set
                0x0000000000000000       0x1c build/at32f403a_407_crm.o
 .text.crm_clock_failure_detection_enable
                0x0000000000000000       0x10 build/at32f403a_407_crm.o
 .text.crm_battery_powered_domain_reset
                0x0000000000000000       0x10 build/at32f403a_407_crm.o
 .text.crm_clocks_freq_get
                0x0000000000000000      0x104 build/at32f403a_407_crm.o
 .text.crm_clock_out_set
                0x0000000000000000       0x1c build/at32f403a_407_crm.o
 .text.crm_interrupt_enable
                0x0000000000000000       0x20 build/at32f403a_407_crm.o
 .text.crm_usb_interrupt_remapping_set
                0x0000000000000000       0x10 build/at32f403a_407_crm.o
 .text.crm_hick_divider_select
                0x0000000000000000       0x10 build/at32f403a_407_crm.o
 .text.crm_hick_sclk_frequency_select
                0x0000000000000000       0x1c build/at32f403a_407_crm.o
 .text.crm_usb_clock_source_select
                0x0000000000000000       0x20 build/at32f403a_407_crm.o
 .text.crm_clkout_to_tmr10_enable
                0x0000000000000000       0x10 build/at32f403a_407_crm.o
 .text.crm_clkout_div_set
                0x0000000000000000       0x10 build/at32f403a_407_crm.o
 .rodata.adc_div_table.12798
                0x0000000000000000        0x8 build/at32f403a_407_crm.o
 .rodata.ahb_apb1_div_table.12796
                0x0000000000000000        0x8 build/at32f403a_407_crm.o
 .rodata.ahb_apb2_div_table.12797
                0x0000000000000000        0x8 build/at32f403a_407_crm.o
 .rodata.sclk_ahb_div_table.12795
                0x0000000000000000       0x10 build/at32f403a_407_crm.o
 .text          0x0000000000000000        0x0 build/system_at32f403a_407.o
 .data          0x0000000000000000        0x0 build/system_at32f403a_407.o
 .bss           0x0000000000000000        0x0 build/system_at32f403a_407.o
 .text          0x0000000000000000        0x0 build/at32f403a_407_gpio.o
 .data          0x0000000000000000        0x0 build/at32f403a_407_gpio.o
 .bss           0x0000000000000000        0x0 build/at32f403a_407_gpio.o
 .text.gpio_reset
                0x0000000000000000       0xb0 build/at32f403a_407_gpio.o
 .text.gpio_iomux_reset
                0x0000000000000000       0x18 build/at32f403a_407_gpio.o
 .text.gpio_input_data_bit_read
                0x0000000000000000       0x10 build/at32f403a_407_gpio.o
 .text.gpio_input_data_read
                0x0000000000000000        0x6 build/at32f403a_407_gpio.o
 .text.gpio_output_data_bit_read
                0x0000000000000000        0xe build/at32f403a_407_gpio.o
 .text.gpio_output_data_read
                0x0000000000000000        0x6 build/at32f403a_407_gpio.o
 .text.gpio_bits_set
                0x0000000000000000        0x4 build/at32f403a_407_gpio.o
 .text.gpio_bits_reset
                0x0000000000000000        0x4 build/at32f403a_407_gpio.o
 .text.gpio_bits_write
                0x0000000000000000        0xa build/at32f403a_407_gpio.o
 .text.gpio_port_wirte
                0x0000000000000000        0x4 build/at32f403a_407_gpio.o
 .text.gpio_pin_wp_config
                0x0000000000000000       0x10 build/at32f403a_407_gpio.o
 .text.gpio_pins_huge_driven_config
                0x0000000000000000       0x14 build/at32f403a_407_gpio.o
 .text.gpio_event_output_config
                0x0000000000000000       0x18 build/at32f403a_407_gpio.o
 .text.gpio_event_output_enable
                0x0000000000000000       0x10 build/at32f403a_407_gpio.o
 .text.gpio_pin_remap_config
                0x0000000000000000       0x3c build/at32f403a_407_gpio.o
 .text.gpio_exint_line_config
                0x0000000000000000       0x78 build/at32f403a_407_gpio.o
 .text          0x0000000000000000        0x0 build/at32f403a_407_misc.o
 .data          0x0000000000000000        0x0 build/at32f403a_407_misc.o
 .bss           0x0000000000000000        0x0 build/at32f403a_407_misc.o
 .text.nvic_system_reset
                0x0000000000000000       0x24 build/at32f403a_407_misc.o
 .text.nvic_irq_enable
                0x0000000000000000       0x80 build/at32f403a_407_misc.o
 .text.nvic_irq_disable
                0x0000000000000000       0x28 build/at32f403a_407_misc.o
 .text.nvic_priority_group_config
                0x0000000000000000       0x24 build/at32f403a_407_misc.o
 .text.nvic_vector_table_set
                0x0000000000000000       0x14 build/at32f403a_407_misc.o
 .text.nvic_lowpower_mode_config
                0x0000000000000000       0x1c build/at32f403a_407_misc.o
 .text          0x0000000000000000        0x0 build/main.o
 .data          0x0000000000000000        0x0 build/main.o
 .bss           0x0000000000000000        0x0 build/main.o
 .text          0x0000000000000000       0x14 build/startup_at32f403a_407.o
 .data          0x0000000000000000        0x0 build/startup_at32f403a_407.o
 .bss           0x0000000000000000        0x0 build/startup_at32f403a_407.o
 .text          0x0000000000000000        0x0 /home/y/github/EmbeddedSoftwareMCU/Tools/gcc-arm-none-eabi-unix/bin/../lib/gcc/arm-none-eabi/6.2.1/../../../../arm-none-eabi/lib/thumb/v7e-m/libc.a(lib_a-exit.o)
 .data          0x0000000000000000        0x0 /home/y/github/EmbeddedSoftwareMCU/Tools/gcc-arm-none-eabi-unix/bin/../lib/gcc/arm-none-eabi/6.2.1/../../../../arm-none-eabi/lib/thumb/v7e-m/libc.a(lib_a-exit.o)
 .bss           0x0000000000000000        0x0 /home/y/github/EmbeddedSoftwareMCU/Tools/gcc-arm-none-eabi-unix/bin/../lib/gcc/arm-none-eabi/6.2.1/../../../../arm-none-eabi/lib/thumb/v7e-m/libc.a(lib_a-exit.o)
 .text.exit     0x0000000000000000       0x20 /home/y/github/EmbeddedSoftwareMCU/Tools/gcc-arm-none-eabi-unix/bin/../lib/gcc/arm-none-eabi/6.2.1/../../../../arm-none-eabi/lib/thumb/v7e-m/libc.a(lib_a-exit.o)
 .debug_frame   0x0000000000000000       0x28 /home/y/github/EmbeddedSoftwareMCU/Tools/gcc-arm-none-eabi-unix/bin/../lib/gcc/arm-none-eabi/6.2.1/../../../../arm-none-eabi/lib/thumb/v7e-m/libc.a(lib_a-exit.o)
 .ARM.attributes
                0x0000000000000000       0x2e /home/y/github/EmbeddedSoftwareMCU/Tools/gcc-arm-none-eabi-unix/bin/../lib/gcc/arm-none-eabi/6.2.1/../../../../arm-none-eabi/lib/thumb/v7e-m/libc.a(lib_a-exit.o)
 .text          0x0000000000000000        0x0 /home/y/github/EmbeddedSoftwareMCU/Tools/gcc-arm-none-eabi-unix/bin/../lib/gcc/arm-none-eabi/6.2.1/../../../../arm-none-eabi/lib/thumb/v7e-m/libc.a(lib_a-impure.o)
 .data          0x0000000000000000        0x0 /home/y/github/EmbeddedSoftwareMCU/Tools/gcc-arm-none-eabi-unix/bin/../lib/gcc/arm-none-eabi/6.2.1/../../../../arm-none-eabi/lib/thumb/v7e-m/libc.a(lib_a-impure.o)
 .bss           0x0000000000000000        0x0 /home/y/github/EmbeddedSoftwareMCU/Tools/gcc-arm-none-eabi-unix/bin/../lib/gcc/arm-none-eabi/6.2.1/../../../../arm-none-eabi/lib/thumb/v7e-m/libc.a(lib_a-impure.o)
 .data._impure_ptr
                0x0000000000000000        0x4 /home/y/github/EmbeddedSoftwareMCU/Tools/gcc-arm-none-eabi-unix/bin/../lib/gcc/arm-none-eabi/6.2.1/../../../../arm-none-eabi/lib/thumb/v7e-m/libc.a(lib_a-impure.o)
 .text          0x0000000000000000        0x0 /home/y/github/EmbeddedSoftwareMCU/Tools/gcc-arm-none-eabi-unix/bin/../lib/gcc/arm-none-eabi/6.2.1/../../../../arm-none-eabi/lib/thumb/v7e-m/libc.a(lib_a-init.o)
 .data          0x0000000000000000        0x0 /home/y/github/EmbeddedSoftwareMCU/Tools/gcc-arm-none-eabi-unix/bin/../lib/gcc/arm-none-eabi/6.2.1/../../../../arm-none-eabi/lib/thumb/v7e-m/libc.a(lib_a-init.o)
 .bss           0x0000000000000000        0x0 /home/y/github/EmbeddedSoftwareMCU/Tools/gcc-arm-none-eabi-unix/bin/../lib/gcc/arm-none-eabi/6.2.1/../../../../arm-none-eabi/lib/thumb/v7e-m/libc.a(lib_a-init.o)
 .text          0x0000000000000000        0x0 /home/y/github/EmbeddedSoftwareMCU/Tools/gcc-arm-none-eabi-unix/bin/../lib/gcc/arm-none-eabi/6.2.1/../../../../arm-none-eabi/lib/thumb/v7e-m/libc.a(lib_a-memset.o)
 .data          0x0000000000000000        0x0 /home/y/github/EmbeddedSoftwareMCU/Tools/gcc-arm-none-eabi-unix/bin/../lib/gcc/arm-none-eabi/6.2.1/../../../../arm-none-eabi/lib/thumb/v7e-m/libc.a(lib_a-memset.o)
 .bss           0x0000000000000000        0x0 /home/y/github/EmbeddedSoftwareMCU/Tools/gcc-arm-none-eabi-unix/bin/../lib/gcc/arm-none-eabi/6.2.1/../../../../arm-none-eabi/lib/thumb/v7e-m/libc.a(lib_a-memset.o)
 .text.memset   0x0000000000000000       0x9c /home/y/github/EmbeddedSoftwareMCU/Tools/gcc-arm-none-eabi-unix/bin/../lib/gcc/arm-none-eabi/6.2.1/../../../../arm-none-eabi/lib/thumb/v7e-m/libc.a(lib_a-memset.o)
 .debug_frame   0x0000000000000000       0x34 /home/y/github/EmbeddedSoftwareMCU/Tools/gcc-arm-none-eabi-unix/bin/../lib/gcc/arm-none-eabi/6.2.1/../../../../arm-none-eabi/lib/thumb/v7e-m/libc.a(lib_a-memset.o)
 .ARM.attributes
                0x0000000000000000       0x2e /home/y/github/EmbeddedSoftwareMCU/Tools/gcc-arm-none-eabi-unix/bin/../lib/gcc/arm-none-eabi/6.2.1/../../../../arm-none-eabi/lib/thumb/v7e-m/libc.a(lib_a-memset.o)
 .text          0x0000000000000000        0x0 /home/y/github/EmbeddedSoftwareMCU/Tools/gcc-arm-none-eabi-unix/bin/../lib/gcc/arm-none-eabi/6.2.1/../../../../arm-none-eabi/lib/thumb/v7e-m/libc.a(lib_a-__call_atexit.o)
 .data          0x0000000000000000        0x0 /home/y/github/EmbeddedSoftwareMCU/Tools/gcc-arm-none-eabi-unix/bin/../lib/gcc/arm-none-eabi/6.2.1/../../../../arm-none-eabi/lib/thumb/v7e-m/libc.a(lib_a-__call_atexit.o)
 .bss           0x0000000000000000        0x0 /home/y/github/EmbeddedSoftwareMCU/Tools/gcc-arm-none-eabi-unix/bin/../lib/gcc/arm-none-eabi/6.2.1/../../../../arm-none-eabi/lib/thumb/v7e-m/libc.a(lib_a-__call_atexit.o)
 .text.__call_exitprocs
                0x0000000000000000       0xd4 /home/y/github/EmbeddedSoftwareMCU/Tools/gcc-arm-none-eabi-unix/bin/../lib/gcc/arm-none-eabi/6.2.1/../../../../arm-none-eabi/lib/thumb/v7e-m/libc.a(lib_a-__call_atexit.o)
 .text          0x0000000000000000        0x0 /home/y/github/EmbeddedSoftwareMCU/Tools/gcc-arm-none-eabi-unix/bin/../lib/gcc/arm-none-eabi/6.2.1/../../../../arm-none-eabi/lib/thumb/v7e-m/libc.a(lib_a-atexit.o)
 .data          0x0000000000000000        0x0 /home/y/github/EmbeddedSoftwareMCU/Tools/gcc-arm-none-eabi-unix/bin/../lib/gcc/arm-none-eabi/6.2.1/../../../../arm-none-eabi/lib/thumb/v7e-m/libc.a(lib_a-atexit.o)
 .bss           0x0000000000000000        0x0 /home/y/github/EmbeddedSoftwareMCU/Tools/gcc-arm-none-eabi-unix/bin/../lib/gcc/arm-none-eabi/6.2.1/../../../../arm-none-eabi/lib/thumb/v7e-m/libc.a(lib_a-atexit.o)
 .text          0x0000000000000000        0x0 /home/y/github/EmbeddedSoftwareMCU/Tools/gcc-arm-none-eabi-unix/bin/../lib/gcc/arm-none-eabi/6.2.1/../../../../arm-none-eabi/lib/thumb/v7e-m/libc.a(lib_a-fini.o)
 .data          0x0000000000000000        0x0 /home/y/github/EmbeddedSoftwareMCU/Tools/gcc-arm-none-eabi-unix/bin/../lib/gcc/arm-none-eabi/6.2.1/../../../../arm-none-eabi/lib/thumb/v7e-m/libc.a(lib_a-fini.o)
 .bss           0x0000000000000000        0x0 /home/y/github/EmbeddedSoftwareMCU/Tools/gcc-arm-none-eabi-unix/bin/../lib/gcc/arm-none-eabi/6.2.1/../../../../arm-none-eabi/lib/thumb/v7e-m/libc.a(lib_a-fini.o)
 .text          0x0000000000000000        0x0 /home/y/github/EmbeddedSoftwareMCU/Tools/gcc-arm-none-eabi-unix/bin/../lib/gcc/arm-none-eabi/6.2.1/../../../../arm-none-eabi/lib/thumb/v7e-m/libc.a(lib_a-__atexit.o)
 .data          0x0000000000000000        0x0 /home/y/github/EmbeddedSoftwareMCU/Tools/gcc-arm-none-eabi-unix/bin/../lib/gcc/arm-none-eabi/6.2.1/../../../../arm-none-eabi/lib/thumb/v7e-m/libc.a(lib_a-__atexit.o)
 .bss           0x0000000000000000        0x0 /home/y/github/EmbeddedSoftwareMCU/Tools/gcc-arm-none-eabi-unix/bin/../lib/gcc/arm-none-eabi/6.2.1/../../../../arm-none-eabi/lib/thumb/v7e-m/libc.a(lib_a-__atexit.o)
 .text          0x0000000000000000        0x0 /home/y/github/EmbeddedSoftwareMCU/Tools/gcc-arm-none-eabi-unix/bin/../lib/gcc/arm-none-eabi/6.2.1/../../../../arm-none-eabi/lib/thumb/v7e-m/libnosys.a(_exit.o)
 .data          0x0000000000000000        0x0 /home/y/github/EmbeddedSoftwareMCU/Tools/gcc-arm-none-eabi-unix/bin/../lib/gcc/arm-none-eabi/6.2.1/../../../../arm-none-eabi/lib/thumb/v7e-m/libnosys.a(_exit.o)
 .bss           0x0000000000000000        0x0 /home/y/github/EmbeddedSoftwareMCU/Tools/gcc-arm-none-eabi-unix/bin/../lib/gcc/arm-none-eabi/6.2.1/../../../../arm-none-eabi/lib/thumb/v7e-m/libnosys.a(_exit.o)
 .text._exit    0x0000000000000000        0x4 /home/y/github/EmbeddedSoftwareMCU/Tools/gcc-arm-none-eabi-unix/bin/../lib/gcc/arm-none-eabi/6.2.1/../../../../arm-none-eabi/lib/thumb/v7e-m/libnosys.a(_exit.o)
 .debug_frame   0x0000000000000000       0x20 /home/y/github/EmbeddedSoftwareMCU/Tools/gcc-arm-none-eabi-unix/bin/../lib/gcc/arm-none-eabi/6.2.1/../../../../arm-none-eabi/lib/thumb/v7e-m/libnosys.a(_exit.o)
 .ARM.attributes
                0x0000000000000000       0x2e /home/y/github/EmbeddedSoftwareMCU/Tools/gcc-arm-none-eabi-unix/bin/../lib/gcc/arm-none-eabi/6.2.1/../../../../arm-none-eabi/lib/thumb/v7e-m/libnosys.a(_exit.o)
 .text          0x0000000000000000        0x0 /home/y/github/EmbeddedSoftwareMCU/Tools/gcc-arm-none-eabi-unix/bin/../lib/gcc/arm-none-eabi/6.2.1/thumb/v7e-m/crtend.o
 .data          0x0000000000000000        0x0 /home/y/github/EmbeddedSoftwareMCU/Tools/gcc-arm-none-eabi-unix/bin/../lib/gcc/arm-none-eabi/6.2.1/thumb/v7e-m/crtend.o
 .bss           0x0000000000000000        0x0 /home/y/github/EmbeddedSoftwareMCU/Tools/gcc-arm-none-eabi-unix/bin/../lib/gcc/arm-none-eabi/6.2.1/thumb/v7e-m/crtend.o
 .eh_frame      0x0000000000000000        0x4 /home/y/github/EmbeddedSoftwareMCU/Tools/gcc-arm-none-eabi-unix/bin/../lib/gcc/arm-none-eabi/6.2.1/thumb/v7e-m/crtend.o
 .jcr           0x0000000000000000        0x4 /home/y/github/EmbeddedSoftwareMCU/Tools/gcc-arm-none-eabi-unix/bin/../lib/gcc/arm-none-eabi/6.2.1/thumb/v7e-m/crtend.o
 .ARM.attributes
                0x0000000000000000       0x2e /home/y/github/EmbeddedSoftwareMCU/Tools/gcc-arm-none-eabi-unix/bin/../lib/gcc/arm-none-eabi/6.2.1/thumb/v7e-m/crtend.o
 .text          0x0000000000000000        0x0 /home/y/github/EmbeddedSoftwareMCU/Tools/gcc-arm-none-eabi-unix/bin/../lib/gcc/arm-none-eabi/6.2.1/thumb/v7e-m/crtn.o
 .data          0x0000000000000000        0x0 /home/y/github/EmbeddedSoftwareMCU/Tools/gcc-arm-none-eabi-unix/bin/../lib/gcc/arm-none-eabi/6.2.1/thumb/v7e-m/crtn.o
 .bss           0x0000000000000000        0x0 /home/y/github/EmbeddedSoftwareMCU/Tools/gcc-arm-none-eabi-unix/bin/../lib/gcc/arm-none-eabi/6.2.1/thumb/v7e-m/crtn.o

Memory Configuration

Name             Origin             Length             Attributes
FLASH            0x0000000008000000 0x00000000000fa000 xr
RAM              0x0000000020000000 0x0000000000018000 xrw
*default*        0x0000000000000000 0xffffffffffffffff

Linker script and memory map

LOAD /home/y/github/EmbeddedSoftwareMCU/Tools/gcc-arm-none-eabi-unix/bin/../lib/gcc/arm-none-eabi/6.2.1/thumb/v7e-m/crti.o
LOAD /home/y/github/EmbeddedSoftwareMCU/Tools/gcc-arm-none-eabi-unix/bin/../lib/gcc/arm-none-eabi/6.2.1/thumb/v7e-m/crtbegin.o
LOAD /home/y/github/EmbeddedSoftwareMCU/Tools/gcc-arm-none-eabi-unix/bin/../lib/gcc/arm-none-eabi/6.2.1/../../../../arm-none-eabi/lib/thumb/v7e-m/crt0.o
LOAD build/at32f403a_407_clock.o
LOAD build/at32f403a_407_int.o
LOAD build/at32f403a_407_board.o
LOAD build/at32f403a_407_crm.o
LOAD build/system_at32f403a_407.o
LOAD build/at32f403a_407_gpio.o
LOAD build/at32f403a_407_misc.o
LOAD build/main.o
LOAD build/startup_at32f403a_407.o
LOAD /home/y/github/EmbeddedSoftwareMCU/Tools/gcc-arm-none-eabi-unix/bin/../lib/gcc/arm-none-eabi/6.2.1/../../../../arm-none-eabi/lib/thumb/v7e-m/libc.a
LOAD /home/y/github/EmbeddedSoftwareMCU/Tools/gcc-arm-none-eabi-unix/bin/../lib/gcc/arm-none-eabi/6.2.1/../../../../arm-none-eabi/lib/thumb/v7e-m/libm.a
LOAD /home/y/github/EmbeddedSoftwareMCU/Tools/gcc-arm-none-eabi-unix/bin/../lib/gcc/arm-none-eabi/6.2.1/../../../../arm-none-eabi/lib/thumb/v7e-m/libnosys.a
START GROUP
LOAD /home/y/github/EmbeddedSoftwareMCU/Tools/gcc-arm-none-eabi-unix/bin/../lib/gcc/arm-none-eabi/6.2.1/thumb/v7e-m/libgcc.a
LOAD /home/y/github/EmbeddedSoftwareMCU/Tools/gcc-arm-none-eabi-unix/bin/../lib/gcc/arm-none-eabi/6.2.1/../../../../arm-none-eabi/lib/thumb/v7e-m/libc.a
END GROUP
LOAD /home/y/github/EmbeddedSoftwareMCU/Tools/gcc-arm-none-eabi-unix/bin/../lib/gcc/arm-none-eabi/6.2.1/thumb/v7e-m/crtend.o
LOAD /home/y/github/EmbeddedSoftwareMCU/Tools/gcc-arm-none-eabi-unix/bin/../lib/gcc/arm-none-eabi/6.2.1/thumb/v7e-m/crtn.o
                0x0000000020018000                _estack = 0x20018000
                0x0000000000000200                _Min_Heap_Size = 0x200
                0x0000000000000400                _Min_Stack_Size = 0x400

.isr_vector     0x0000000008000000      0x184
                0x0000000008000000                . = ALIGN (0x4)
 *(.isr_vector)
 .isr_vector    0x0000000008000000      0x184 build/startup_at32f403a_407.o
                0x0000000008000000                g_pfnVectors
                0x0000000008000184                . = ALIGN (0x4)

.text           0x0000000008000184      0x86c
                0x0000000008000184                . = ALIGN (0x4)
 *(.text)
 .text          0x0000000008000184       0x6c /home/y/github/EmbeddedSoftwareMCU/Tools/gcc-arm-none-eabi-unix/bin/../lib/gcc/arm-none-eabi/6.2.1/thumb/v7e-m/crtbegin.o
 *(.text*)
 .text.system_clock_config
                0x00000000080001f0       0x6a build/at32f403a_407_clock.o
                0x00000000080001f0                system_clock_config
 .text.NMI_Handler
                0x000000000800025a        0x2 build/at32f403a_407_int.o
                0x000000000800025a                NMI_Handler
 .text.HardFault_Handler
                0x000000000800025c        0x2 build/at32f403a_407_int.o
                0x000000000800025c                HardFault_Handler
 .text.MemManage_Handler
                0x000000000800025e        0x2 build/at32f403a_407_int.o
                0x000000000800025e                MemManage_Handler
 .text.BusFault_Handler
                0x0000000008000260        0x2 build/at32f403a_407_int.o
                0x0000000008000260                BusFault_Handler
 .text.UsageFault_Handler
                0x0000000008000262        0x2 build/at32f403a_407_int.o
                0x0000000008000262                UsageFault_Handler
 .text.SVC_Handler
                0x0000000008000264        0x2 build/at32f403a_407_int.o
                0x0000000008000264                SVC_Handler
 .text.DebugMon_Handler
                0x0000000008000266        0x2 build/at32f403a_407_int.o
                0x0000000008000266                DebugMon_Handler
 .text.PendSV_Handler
                0x0000000008000268        0x2 build/at32f403a_407_int.o
                0x0000000008000268                PendSV_Handler
 .text.SysTick_Handler
                0x000000000800026a        0x2 build/at32f403a_407_int.o
                0x000000000800026a                SysTick_Handler
 .text.at32_button_init
                0x000000000800026c       0x40 build/at32f403a_407_board.o
                0x000000000800026c                at32_button_init
 .text.at32_led_init
                0x00000000080002ac       0x54 build/at32f403a_407_board.o
                0x00000000080002ac                at32_led_init
 .text.at32_led_off
                0x0000000008000300       0x20 build/at32f403a_407_board.o
                0x0000000008000300                at32_led_off
 .text.at32_led_toggle
                0x0000000008000320       0x24 build/at32f403a_407_board.o
                0x0000000008000320                at32_led_toggle
 .text.delay_init
                0x0000000008000344       0x38 build/at32f403a_407_board.o
                0x0000000008000344                delay_init
 .text.at32_board_init
                0x000000000800037c       0x30 build/at32f403a_407_board.o
                0x000000000800037c                at32_board_init
 .text.delay_ms
                0x00000000080003ac       0x5c build/at32f403a_407_board.o
                0x00000000080003ac                delay_ms
 .text.crm_reset
                0x0000000008000408       0x48 build/at32f403a_407_crm.o
                0x0000000008000408                crm_reset
 .text.crm_flag_get
                0x0000000008000450       0x24 build/at32f403a_407_crm.o
                0x0000000008000450                crm_flag_get
 .text.crm_hext_stable_wait
                0x0000000008000474       0x2a build/at32f403a_407_crm.o
                0x0000000008000474                crm_hext_stable_wait
 .text.crm_periph_clock_enable
                0x000000000800049e       0x3c build/at32f403a_407_crm.o
                0x000000000800049e                crm_periph_clock_enable
 *fill*         0x00000000080004da        0x2 
 .text.crm_clock_source_enable
                0x00000000080004dc       0x50 build/at32f403a_407_crm.o
                0x00000000080004dc                crm_clock_source_enable
 .text.crm_ahb_div_set
                0x000000000800052c       0x10 build/at32f403a_407_crm.o
                0x000000000800052c                crm_ahb_div_set
 .text.crm_apb1_div_set
                0x000000000800053c       0x10 build/at32f403a_407_crm.o
                0x000000000800053c                crm_apb1_div_set
 .text.crm_apb2_div_set
                0x000000000800054c       0x10 build/at32f403a_407_crm.o
                0x000000000800054c                crm_apb2_div_set
 .text.crm_pll_config
                0x000000000800055c       0x5c build/at32f403a_407_crm.o
                0x000000000800055c                crm_pll_config
 .text.crm_sysclk_switch
                0x00000000080005b8       0x10 build/at32f403a_407_crm.o
                0x00000000080005b8                crm_sysclk_switch
 .text.crm_sysclk_switch_status_get
                0x00000000080005c8       0x10 build/at32f403a_407_crm.o
                0x00000000080005c8                crm_sysclk_switch_status_get
 .text.crm_auto_step_mode_enable
                0x00000000080005d8       0x20 build/at32f403a_407_crm.o
                0x00000000080005d8                crm_auto_step_mode_enable
 .text.crm_hext_clock_div_set
                0x00000000080005f8       0x10 build/at32f403a_407_crm.o
                0x00000000080005f8                crm_hext_clock_div_set
 .text.SystemInit
                0x0000000008000608       0x54 build/system_at32f403a_407.o
                0x0000000008000608                SystemInit
 .text.system_core_clock_update
                0x000000000800065c       0xd4 build/system_at32f403a_407.o
                0x000000000800065c                system_core_clock_update
 .text.gpio_init
                0x0000000008000730       0xac build/at32f403a_407_gpio.o
                0x0000000008000730                gpio_init
 .text.gpio_default_para_init
                0x00000000080007dc       0x16 build/at32f403a_407_gpio.o
                0x00000000080007dc                gpio_default_para_init
 *fill*         0x00000000080007f2        0x2 
 .text.systick_clock_source_config
                0x00000000080007f4       0x20 build/at32f403a_407_misc.o
                0x00000000080007f4                systick_clock_source_config
 .text.main     0x0000000008000814       0x30 build/main.o
                0x0000000008000814                main
 .text.Reset_Handler
                0x0000000008000844       0x48 build/startup_at32f403a_407.o
                0x0000000008000844                Reset_Handler
 .text.Default_Handler
                0x000000000800088c        0x2 build/startup_at32f403a_407.o
                0x000000000800088c                SDIO1_IRQHandler
                0x000000000800088c                XMC_IRQHandler
                0x000000000800088c                EXINT2_IRQHandler
                0x000000000800088c                USBFS_L_CAN1_RX0_IRQHandler
                0x000000000800088c                UART8_IRQHandler
                0x000000000800088c                SPI4_IRQHandler
                0x000000000800088c                I2C2_EVT_IRQHandler
                0x000000000800088c                TMR1_OVF_TMR10_IRQHandler
                0x000000000800088c                TMR8_TRG_HALL_TMR14_IRQHandler
                0x000000000800088c                USBFS_H_CAN1_TX_IRQHandler
                0x000000000800088c                I2C1_ERR_IRQHandler
                0x000000000800088c                EXINT9_5_IRQHandler
                0x000000000800088c                EMAC_IRQHandler
                0x000000000800088c                CAN2_RX1_IRQHandler
                0x000000000800088c                TMR5_GLOBAL_IRQHandler
                0x000000000800088c                SDIO2_IRQHandler
                0x000000000800088c                ADC1_2_IRQHandler
                0x000000000800088c                SPI1_IRQHandler
                0x000000000800088c                TAMPER_IRQHandler
                0x000000000800088c                CAN2_RX0_IRQHandler
                0x000000000800088c                DMA2_Channel2_IRQHandler
                0x000000000800088c                DMA1_Channel4_IRQHandler
                0x000000000800088c                TMR8_CH_IRQHandler
                0x000000000800088c                USART6_IRQHandler
                0x000000000800088c                EXINT0_IRQHandler
                0x000000000800088c                USART3_IRQHandler
                0x000000000800088c                RTC_IRQHandler
                0x000000000800088c                DMA1_Channel7_IRQHandler
                0x000000000800088c                CAN1_RX1_IRQHandler
                0x000000000800088c                UART5_IRQHandler
                0x000000000800088c                ADC3_IRQHandler
                0x000000000800088c                ACC_IRQHandler
                0x000000000800088c                EMAC_WKUP_IRQHandler
                0x000000000800088c                DMA2_Channel1_IRQHandler
                0x000000000800088c                EXINT3_IRQHandler
                0x000000000800088c                DMA1_Channel6_IRQHandler
                0x000000000800088c                UART4_IRQHandler
                0x000000000800088c                DMA1_Channel1_IRQHandler
                0x000000000800088c                Default_Handler
                0x000000000800088c                USBFS_MAPH_IRQHandler
                0x000000000800088c                TMR3_GLOBAL_IRQHandler
                0x000000000800088c                TMR7_GLOBAL_IRQHandler
                0x000000000800088c                CAN1_SE_IRQHandler
                0x000000000800088c                CAN2_TX_IRQHandler
                0x000000000800088c                I2C3_ERR_IRQHandler
                0x000000000800088c                SPI3_I2S3EXT_IRQHandler
                0x000000000800088c                TMR1_BRK_TMR9_IRQHandler
                0x000000000800088c                USBFS_MAPL_IRQHandler
                0x000000000800088c                TMR8_BRK_TMR12_IRQHandler
                0x000000000800088c                TMR1_TRG_HALL_TMR11_IRQHandler
                0x000000000800088c                DMA1_Channel5_IRQHandler
                0x000000000800088c                TMR4_GLOBAL_IRQHandler
                0x000000000800088c                EXINT4_IRQHandler
                0x000000000800088c                CAN2_SE_IRQHandler
                0x000000000800088c                DMA2_Channel6_7_IRQHandler
                0x000000000800088c                PVM_IRQHandler
                0x000000000800088c                I2C3_EVT_IRQHandler
                0x000000000800088c                DMA1_Channel3_IRQHandler
                0x000000000800088c                I2C1_EVT_IRQHandler
                0x000000000800088c                TMR8_OVF_TMR13_IRQHandler
                0x000000000800088c                TMR6_GLOBAL_IRQHandler
                0x000000000800088c                EXINT1_IRQHandler
                0x000000000800088c                RTCAlarm_IRQHandler
                0x000000000800088c                DMA2_Channel4_5_IRQHandler
                0x000000000800088c                UART7_IRQHandler
                0x000000000800088c                USART2_IRQHandler
                0x000000000800088c                DMA1_Channel2_IRQHandler
                0x000000000800088c                TMR2_GLOBAL_IRQHandler
                0x000000000800088c                FLASH_IRQHandler
                0x000000000800088c                SPI2_I2S2EXT_IRQHandler
                0x000000000800088c                I2C2_ERR_IRQHandler
                0x000000000800088c                USBFSWakeUp_IRQHandler
                0x000000000800088c                USART1_IRQHandler
                0x000000000800088c                TMR1_CH_IRQHandler
                0x000000000800088c                CRM_IRQHandler
                0x000000000800088c                EXINT15_10_IRQHandler
                0x000000000800088c                WWDT_IRQHandler
                0x000000000800088c                DMA2_Channel3_IRQHandler
 *fill*         0x000000000800088e        0x2 
 .text.__libc_init_array
                0x0000000008000890       0x50 /home/y/github/EmbeddedSoftwareMCU/Tools/gcc-arm-none-eabi-unix/bin/../lib/gcc/arm-none-eabi/6.2.1/../../../../arm-none-eabi/lib/thumb/v7e-m/libc.a(lib_a-init.o)
                0x0000000008000890                __libc_init_array
 .text.startup.register_fini
                0x00000000080008e0       0x14 /home/y/github/EmbeddedSoftwareMCU/Tools/gcc-arm-none-eabi-unix/bin/../lib/gcc/arm-none-eabi/6.2.1/../../../../arm-none-eabi/lib/thumb/v7e-m/libc.a(lib_a-__call_atexit.o)
 .text.atexit   0x00000000080008f4        0xc /home/y/github/EmbeddedSoftwareMCU/Tools/gcc-arm-none-eabi-unix/bin/../lib/gcc/arm-none-eabi/6.2.1/../../../../arm-none-eabi/lib/thumb/v7e-m/libc.a(lib_a-atexit.o)
                0x00000000080008f4                atexit
 .text.__libc_fini_array
                0x0000000008000900       0x34 /home/y/github/EmbeddedSoftwareMCU/Tools/gcc-arm-none-eabi-unix/bin/../lib/gcc/arm-none-eabi/6.2.1/../../../../arm-none-eabi/lib/thumb/v7e-m/libc.a(lib_a-fini.o)
                0x0000000008000900                __libc_fini_array
 .text.__register_exitproc
                0x0000000008000934       0xa4 /home/y/github/EmbeddedSoftwareMCU/Tools/gcc-arm-none-eabi-unix/bin/../lib/gcc/arm-none-eabi/6.2.1/../../../../arm-none-eabi/lib/thumb/v7e-m/libc.a(lib_a-__atexit.o)
                0x0000000008000934                __register_exitproc
 *(.glue_7)
 .glue_7        0x00000000080009d8        0x0 linker stubs
 *(.glue_7t)
 .glue_7t       0x00000000080009d8        0x0 linker stubs
 *(.eh_frame)
 .eh_frame      0x00000000080009d8        0x0 /home/y/github/EmbeddedSoftwareMCU/Tools/gcc-arm-none-eabi-unix/bin/../lib/gcc/arm-none-eabi/6.2.1/thumb/v7e-m/crtbegin.o
 *(.init)
 .init          0x00000000080009d8        0x4 /home/y/github/EmbeddedSoftwareMCU/Tools/gcc-arm-none-eabi-unix/bin/../lib/gcc/arm-none-eabi/6.2.1/thumb/v7e-m/crti.o
                0x00000000080009d8                _init
 .init          0x00000000080009dc        0x8 /home/y/github/EmbeddedSoftwareMCU/Tools/gcc-arm-none-eabi-unix/bin/../lib/gcc/arm-none-eabi/6.2.1/thumb/v7e-m/crtn.o
 *(.fini)
 .fini          0x00000000080009e4        0x4 /home/y/github/EmbeddedSoftwareMCU/Tools/gcc-arm-none-eabi-unix/bin/../lib/gcc/arm-none-eabi/6.2.1/thumb/v7e-m/crti.o
                0x00000000080009e4                _fini
 .fini          0x00000000080009e8        0x8 /home/y/github/EmbeddedSoftwareMCU/Tools/gcc-arm-none-eabi-unix/bin/../lib/gcc/arm-none-eabi/6.2.1/thumb/v7e-m/crtn.o
                0x00000000080009f0                . = ALIGN (0x4)
                0x00000000080009f0                _etext = .

.vfp11_veneer   0x00000000080009f0        0x0
 .vfp11_veneer  0x00000000080009f0        0x0 linker stubs

.v4_bx          0x00000000080009f0        0x0
 .v4_bx         0x00000000080009f0        0x0 linker stubs

.iplt           0x00000000080009f0        0x0
 .iplt          0x00000000080009f0        0x0 /home/y/github/EmbeddedSoftwareMCU/Tools/gcc-arm-none-eabi-unix/bin/../lib/gcc/arm-none-eabi/6.2.1/thumb/v7e-m/crtbegin.o

.rodata         0x00000000080009f0       0x14
                0x00000000080009f0                . = ALIGN (0x4)
 *(.rodata)
 *(.rodata*)
 .rodata.sys_ahb_div_table.12693
                0x00000000080009f0       0x10 build/system_at32f403a_407.o
 .rodata._global_impure_ptr
                0x0000000008000a00        0x4 /home/y/github/EmbeddedSoftwareMCU/Tools/gcc-arm-none-eabi-unix/bin/../lib/gcc/arm-none-eabi/6.2.1/../../../../arm-none-eabi/lib/thumb/v7e-m/libc.a(lib_a-impure.o)
                0x0000000008000a00                _global_impure_ptr
                0x0000000008000a04                . = ALIGN (0x4)

.rel.dyn        0x0000000008000a04        0x0
 .rel.iplt      0x0000000008000a04        0x0 /home/y/github/EmbeddedSoftwareMCU/Tools/gcc-arm-none-eabi-unix/bin/../lib/gcc/arm-none-eabi/6.2.1/thumb/v7e-m/crtbegin.o

.ARM.extab
 *(.ARM.extab* .gnu.linkonce.armextab.*)

.ARM            0x0000000008000a04        0x0
                0x0000000008000a04                __exidx_start = .
 *(.ARM.exidx*)
                0x0000000008000a04                __exidx_end = .

.preinit_array  0x0000000008000a04        0x0
                0x0000000008000a04                PROVIDE (__preinit_array_start, .)
 *(.preinit_array*)
                0x0000000008000a04                PROVIDE (__preinit_array_end, .)

.init_array     0x0000000008000a04        0x8
                0x0000000008000a04                PROVIDE (__init_array_start, .)
 *(SORT(.init_array.*))
 .init_array.00000
                0x0000000008000a04        0x4 /home/y/github/EmbeddedSoftwareMCU/Tools/gcc-arm-none-eabi-unix/bin/../lib/gcc/arm-none-eabi/6.2.1/../../../../arm-none-eabi/lib/thumb/v7e-m/libc.a(lib_a-__call_atexit.o)
 *(.init_array*)
 .init_array    0x0000000008000a08        0x4 /home/y/github/EmbeddedSoftwareMCU/Tools/gcc-arm-none-eabi-unix/bin/../lib/gcc/arm-none-eabi/6.2.1/thumb/v7e-m/crtbegin.o
                0x0000000008000a0c                PROVIDE (__init_array_end, .)

.fini_array     0x0000000008000a0c        0x4
                0x0000000008000a0c                PROVIDE (__fini_array_start, .)
 *(SORT(.fini_array.*))
 *(.fini_array*)
 .fini_array    0x0000000008000a0c        0x4 /home/y/github/EmbeddedSoftwareMCU/Tools/gcc-arm-none-eabi-unix/bin/../lib/gcc/arm-none-eabi/6.2.1/thumb/v7e-m/crtbegin.o
                0x0000000008000a10                PROVIDE (__fini_array_end, .)
                0x0000000008000a10                _sidata = LOADADDR (.data)

.data           0x0000000020000000      0x450 load address 0x0000000008000a10
                0x0000000020000000                . = ALIGN (0x4)
                0x0000000020000000                _sdata = .
 *(.data)
 *(.data*)
 .data.led_gpio_crm_clk
                0x0000000020000000        0xc build/at32f403a_407_board.o
                0x0000000020000000                led_gpio_crm_clk
 .data.led_gpio_pin
                0x000000002000000c        0x6 build/at32f403a_407_board.o
                0x000000002000000c                led_gpio_pin
 *fill*         0x0000000020000012        0x2 
 .data.led_gpio_port
                0x0000000020000014        0xc build/at32f403a_407_board.o
                0x0000000020000014                led_gpio_port
 .data.system_core_clock
                0x0000000020000020        0x4 build/system_at32f403a_407.o
                0x0000000020000020                system_core_clock
 *fill*         0x0000000020000024        0x4 
 .data.impure_data
                0x0000000020000028      0x428 /home/y/github/EmbeddedSoftwareMCU/Tools/gcc-arm-none-eabi-unix/bin/../lib/gcc/arm-none-eabi/6.2.1/../../../../arm-none-eabi/lib/thumb/v7e-m/libc.a(lib_a-impure.o)
                0x0000000020000450                . = ALIGN (0x4)
                0x0000000020000450                _edata = .

.jcr            0x0000000020000450        0x0 load address 0x0000000008000e60
 .jcr           0x0000000020000450        0x0 /home/y/github/EmbeddedSoftwareMCU/Tools/gcc-arm-none-eabi-unix/bin/../lib/gcc/arm-none-eabi/6.2.1/thumb/v7e-m/crtbegin.o

.igot.plt       0x0000000020000450        0x0 load address 0x0000000008000e60
 .igot.plt      0x0000000020000450        0x0 /home/y/github/EmbeddedSoftwareMCU/Tools/gcc-arm-none-eabi-unix/bin/../lib/gcc/arm-none-eabi/6.2.1/thumb/v7e-m/crtbegin.o
                0x0000000020000450                . = ALIGN (0x4)

.bss            0x0000000020000450       0x24 load address 0x0000000008000e60
                0x0000000020000450                _sbss = .
                0x0000000020000450                __bss_start__ = _sbss
 *(.bss)
 .bss           0x0000000020000450       0x1c /home/y/github/EmbeddedSoftwareMCU/Tools/gcc-arm-none-eabi-unix/bin/../lib/gcc/arm-none-eabi/6.2.1/thumb/v7e-m/crtbegin.o
 *(.bss*)
 .bss.fac_ms    0x000000002000046c        0x4 build/at32f403a_407_board.o
 .bss.fac_us    0x0000000020000470        0x4 build/at32f403a_407_board.o
 *(COMMON)
                0x0000000020000474                . = ALIGN (0x4)
                0x0000000020000474                _ebss = .
                0x0000000020000474                __bss_end__ = _ebss

._user_heap_stack
                0x0000000020000474      0x604 load address 0x0000000008000e60
                0x0000000020000478                . = ALIGN (0x8)
 *fill*         0x0000000020000474        0x4 
                [!provide]                        PROVIDE (end, .)
                [!provide]                        PROVIDE (_end, .)
                0x0000000020000678                . = (. + _Min_Heap_Size)
 *fill*         0x0000000020000478      0x200 
                0x0000000020000a78                . = (. + _Min_Stack_Size)
 *fill*         0x0000000020000678      0x400 
                0x0000000020000a78                . = ALIGN (0x8)

/DISCARD/
 libc.a(*)
 libm.a(*)
 libgcc.a(*)

.ARM.attributes
                0x0000000000000000       0x2a
 *(.ARM.attributes)
 .ARM.attributes
                0x0000000000000000       0x1e /home/y/github/EmbeddedSoftwareMCU/Tools/gcc-arm-none-eabi-unix/bin/../lib/gcc/arm-none-eabi/6.2.1/thumb/v7e-m/crti.o
 .ARM.attributes
                0x000000000000001e       0x2e /home/y/github/EmbeddedSoftwareMCU/Tools/gcc-arm-none-eabi-unix/bin/../lib/gcc/arm-none-eabi/6.2.1/thumb/v7e-m/crtbegin.o
 .ARM.attributes
                0x000000000000004c       0x33 build/at32f403a_407_clock.o
 .ARM.attributes
                0x000000000000007f       0x33 build/at32f403a_407_int.o
 .ARM.attributes
                0x00000000000000b2       0x33 build/at32f403a_407_board.o
 .ARM.attributes
                0x00000000000000e5       0x33 build/at32f403a_407_crm.o
 .ARM.attributes
                0x0000000000000118       0x33 build/system_at32f403a_407.o
 .ARM.attributes
                0x000000000000014b       0x33 build/at32f403a_407_gpio.o
 .ARM.attributes
                0x000000000000017e       0x33 build/at32f403a_407_misc.o
 .ARM.attributes
                0x00000000000001b1       0x33 build/main.o
 .ARM.attributes
                0x00000000000001e4       0x21 build/startup_at32f403a_407.o
 .ARM.attributes
                0x0000000000000205       0x2e /home/y/github/EmbeddedSoftwareMCU/Tools/gcc-arm-none-eabi-unix/bin/../lib/gcc/arm-none-eabi/6.2.1/../../../../arm-none-eabi/lib/thumb/v7e-m/libc.a(lib_a-impure.o)
 .ARM.attributes
                0x0000000000000233       0x2e /home/y/github/EmbeddedSoftwareMCU/Tools/gcc-arm-none-eabi-unix/bin/../lib/gcc/arm-none-eabi/6.2.1/../../../../arm-none-eabi/lib/thumb/v7e-m/libc.a(lib_a-init.o)
 .ARM.attributes
                0x0000000000000261       0x2e /home/y/github/EmbeddedSoftwareMCU/Tools/gcc-arm-none-eabi-unix/bin/../lib/gcc/arm-none-eabi/6.2.1/../../../../arm-none-eabi/lib/thumb/v7e-m/libc.a(lib_a-__call_atexit.o)
 .ARM.attributes
                0x000000000000028f       0x2e /home/y/github/EmbeddedSoftwareMCU/Tools/gcc-arm-none-eabi-unix/bin/../lib/gcc/arm-none-eabi/6.2.1/../../../../arm-none-eabi/lib/thumb/v7e-m/libc.a(lib_a-atexit.o)
 .ARM.attributes
                0x00000000000002bd       0x2e /home/y/github/EmbeddedSoftwareMCU/Tools/gcc-arm-none-eabi-unix/bin/../lib/gcc/arm-none-eabi/6.2.1/../../../../arm-none-eabi/lib/thumb/v7e-m/libc.a(lib_a-fini.o)
 .ARM.attributes
                0x00000000000002eb       0x2e /home/y/github/EmbeddedSoftwareMCU/Tools/gcc-arm-none-eabi-unix/bin/../lib/gcc/arm-none-eabi/6.2.1/../../../../arm-none-eabi/lib/thumb/v7e-m/libc.a(lib_a-__atexit.o)
 .ARM.attributes
                0x0000000000000319       0x1e /home/y/github/EmbeddedSoftwareMCU/Tools/gcc-arm-none-eabi-unix/bin/../lib/gcc/arm-none-eabi/6.2.1/thumb/v7e-m/crtn.o
OUTPUT(build/AT32F403ACGU7-Test.elf elf32-littlearm)

.debug_info     0x0000000000000000     0xa08a
 .debug_info    0x0000000000000000      0x5c9 build/at32f403a_407_clock.o
 .debug_info    0x00000000000005c9      0x18e build/at32f403a_407_int.o
 .debug_info    0x0000000000000757     0x265b build/at32f403a_407_board.o
 .debug_info    0x0000000000002db2     0x2474 build/at32f403a_407_crm.o
 .debug_info    0x0000000000005226     0x16ad build/system_at32f403a_407.o
 .debug_info    0x00000000000068d3     0x2176 build/at32f403a_407_gpio.o
 .debug_info    0x0000000000008a49      0xaaf build/at32f403a_407_misc.o
 .debug_info    0x00000000000094f8      0xac0 build/main.o
 .debug_info    0x0000000000009fb8       0xd2 build/startup_at32f403a_407.o

.debug_abbrev   0x0000000000000000      0xfb3
 .debug_abbrev  0x0000000000000000       0xe5 build/at32f403a_407_clock.o
 .debug_abbrev  0x00000000000000e5       0x7a build/at32f403a_407_int.o
 .debug_abbrev  0x000000000000015f      0x38a build/at32f403a_407_board.o
 .debug_abbrev  0x00000000000004e9      0x279 build/at32f403a_407_crm.o
 .debug_abbrev  0x0000000000000762      0x1a0 build/system_at32f403a_407.o
 .debug_abbrev  0x0000000000000902      0x270 build/at32f403a_407_gpio.o
 .debug_abbrev  0x0000000000000b72      0x240 build/at32f403a_407_misc.o
 .debug_abbrev  0x0000000000000db2      0x1ef build/main.o
 .debug_abbrev  0x0000000000000fa1       0x12 build/startup_at32f403a_407.o

.debug_loc      0x0000000000000000     0x1304
 .debug_loc     0x0000000000000000       0x20 build/at32f403a_407_clock.o
 .debug_loc     0x0000000000000020      0x2bd build/at32f403a_407_board.o
 .debug_loc     0x00000000000002dd      0x5f0 build/at32f403a_407_crm.o
 .debug_loc     0x00000000000008cd      0x15c build/system_at32f403a_407.o
 .debug_loc     0x0000000000000a29      0x5c0 build/at32f403a_407_gpio.o
 .debug_loc     0x0000000000000fe9      0x2fb build/at32f403a_407_misc.o
 .debug_loc     0x00000000000012e4       0x20 build/main.o

.debug_aranges  0x0000000000000000      0x3a0
 .debug_aranges
                0x0000000000000000       0x20 build/at32f403a_407_clock.o
 .debug_aranges
                0x0000000000000020       0x60 build/at32f403a_407_int.o
 .debug_aranges
                0x0000000000000080       0x88 build/at32f403a_407_board.o
 .debug_aranges
                0x0000000000000108      0x130 build/at32f403a_407_crm.o
 .debug_aranges
                0x0000000000000238       0x28 build/system_at32f403a_407.o
 .debug_aranges
                0x0000000000000260       0xa8 build/at32f403a_407_gpio.o
 .debug_aranges
                0x0000000000000308       0x50 build/at32f403a_407_misc.o
 .debug_aranges
                0x0000000000000358       0x20 build/main.o
 .debug_aranges
                0x0000000000000378       0x28 build/startup_at32f403a_407.o

.debug_ranges   0x0000000000000000      0x348
 .debug_ranges  0x0000000000000000       0x10 build/at32f403a_407_clock.o
 .debug_ranges  0x0000000000000010       0x50 build/at32f403a_407_int.o
 .debug_ranges  0x0000000000000060       0x78 build/at32f403a_407_board.o
 .debug_ranges  0x00000000000000d8      0x120 build/at32f403a_407_crm.o
 .debug_ranges  0x00000000000001f8       0x18 build/system_at32f403a_407.o
 .debug_ranges  0x0000000000000210       0x98 build/at32f403a_407_gpio.o
 .debug_ranges  0x00000000000002a8       0x70 build/at32f403a_407_misc.o
 .debug_ranges  0x0000000000000318       0x10 build/main.o
 .debug_ranges  0x0000000000000328       0x20 build/startup_at32f403a_407.o

.debug_line     0x0000000000000000     0x1dd1
 .debug_line    0x0000000000000000      0x27d build/at32f403a_407_clock.o
 .debug_line    0x000000000000027d      0x2b5 build/at32f403a_407_int.o
 .debug_line    0x0000000000000532      0x4d5 build/at32f403a_407_board.o
 .debug_line    0x0000000000000a07      0x579 build/at32f403a_407_crm.o
 .debug_line    0x0000000000000f80      0x2c4 build/system_at32f403a_407.o
 .debug_line    0x0000000000001244      0x44e build/at32f403a_407_gpio.o
 .debug_line    0x0000000000001692      0x369 build/at32f403a_407_misc.o
 .debug_line    0x00000000000019fb      0x30c build/main.o
 .debug_line    0x0000000000001d07       0xca build/startup_at32f403a_407.o

.debug_str      0x0000000000000000     0x4245
 .debug_str     0x0000000000000000      0x912 build/at32f403a_407_clock.o
                                        0x95d (size before relaxing)
 .debug_str     0x0000000000000912       0xad build/at32f403a_407_int.o
                                        0x268 (size before relaxing)
 .debug_str     0x00000000000009bf     0x131a build/at32f403a_407_board.o
                                       0x1552 (size before relaxing)
 .debug_str     0x0000000000001cd9     0x1380 build/at32f403a_407_crm.o
                                       0x218c (size before relaxing)
 .debug_str     0x0000000000003059       0xdd build/system_at32f403a_407.o
                                        0xb66 (size before relaxing)
 .debug_str     0x0000000000003136      0x894 build/at32f403a_407_gpio.o
                                       0x1404 (size before relaxing)
 .debug_str     0x00000000000039ca      0x86f build/at32f403a_407_misc.o
                                        0xb1c (size before relaxing)
 .debug_str     0x0000000000004239        0xc build/main.o
                                        0x603 (size before relaxing)

.comment        0x0000000000000000       0x6e
 .comment       0x0000000000000000       0x6e build/at32f403a_407_clock.o
                                         0x6f (size before relaxing)
 .comment       0x000000000000006e       0x6f build/at32f403a_407_int.o
 .comment       0x000000000000006e       0x6f build/at32f403a_407_board.o
 .comment       0x000000000000006e       0x6f build/at32f403a_407_crm.o
 .comment       0x000000000000006e       0x6f build/system_at32f403a_407.o
 .comment       0x000000000000006e       0x6f build/at32f403a_407_gpio.o
 .comment       0x000000000000006e       0x6f build/at32f403a_407_misc.o
 .comment       0x000000000000006e       0x6f build/main.o

.debug_frame    0x0000000000000000      0x840
 .debug_frame   0x0000000000000000       0x2c build/at32f403a_407_clock.o
 .debug_frame   0x000000000000002c       0xa0 build/at32f403a_407_int.o
 .debug_frame   0x00000000000000cc      0x170 build/at32f403a_407_board.o
 .debug_frame   0x000000000000023c      0x280 build/at32f403a_407_crm.o
 .debug_frame   0x00000000000004bc       0x3c build/system_at32f403a_407.o
 .debug_frame   0x00000000000004f8      0x184 build/at32f403a_407_gpio.o
 .debug_frame   0x000000000000067c       0x94 build/at32f403a_407_misc.o
 .debug_frame   0x0000000000000710       0x2c build/main.o
 .debug_frame   0x000000000000073c       0x2c /home/y/github/EmbeddedSoftwareMCU/Tools/gcc-arm-none-eabi-unix/bin/../lib/gcc/arm-none-eabi/6.2.1/../../../../arm-none-eabi/lib/thumb/v7e-m/libc.a(lib_a-init.o)
 .debug_frame   0x0000000000000768       0x50 /home/y/github/EmbeddedSoftwareMCU/Tools/gcc-arm-none-eabi-unix/bin/../lib/gcc/arm-none-eabi/6.2.1/../../../../arm-none-eabi/lib/thumb/v7e-m/libc.a(lib_a-__call_atexit.o)
 .debug_frame   0x00000000000007b8       0x20 /home/y/github/EmbeddedSoftwareMCU/Tools/gcc-arm-none-eabi-unix/bin/../lib/gcc/arm-none-eabi/6.2.1/../../../../arm-none-eabi/lib/thumb/v7e-m/libc.a(lib_a-atexit.o)
 .debug_frame   0x00000000000007d8       0x34 /home/y/github/EmbeddedSoftwareMCU/Tools/gcc-arm-none-eabi-unix/bin/../lib/gcc/arm-none-eabi/6.2.1/../../../../arm-none-eabi/lib/thumb/v7e-m/libc.a(lib_a-fini.o)
 .debug_frame   0x000000000000080c       0x34 /home/y/github/EmbeddedSoftwareMCU/Tools/gcc-arm-none-eabi-unix/bin/../lib/gcc/arm-none-eabi/6.2.1/../../../../arm-none-eabi/lib/thumb/v7e-m/libc.a(lib_a-__atexit.o)

Cross Reference Table

Symbol                                            File
ACC_IRQHandler                                    build/startup_at32f403a_407.o
ADC1_2_IRQHandler                                 build/startup_at32f403a_407.o
ADC3_IRQHandler                                   build/startup_at32f403a_407.o
BusFault_Handler                                  build/at32f403a_407_int.o
CAN1_RX1_IRQHandler                               build/startup_at32f403a_407.o
CAN1_SE_IRQHandler                                build/startup_at32f403a_407.o
CAN2_RX0_IRQHandler                               build/startup_at32f403a_407.o
CAN2_RX1_IRQHandler                               build/startup_at32f403a_407.o
CAN2_SE_IRQHandler                                build/startup_at32f403a_407.o
CAN2_TX_IRQHandler                                build/startup_at32f403a_407.o
CRM_IRQHandler                                    build/startup_at32f403a_407.o
DMA1_Channel1_IRQHandler                          build/startup_at32f403a_407.o
DMA1_Channel2_IRQHandler                          build/startup_at32f403a_407.o
DMA1_Channel3_IRQHandler                          build/startup_at32f403a_407.o
DMA1_Channel4_IRQHandler                          build/startup_at32f403a_407.o
DMA1_Channel5_IRQHandler                          build/startup_at32f403a_407.o
DMA1_Channel6_IRQHandler                          build/startup_at32f403a_407.o
DMA1_Channel7_IRQHandler                          build/startup_at32f403a_407.o
DMA2_Channel1_IRQHandler                          build/startup_at32f403a_407.o
DMA2_Channel2_IRQHandler                          build/startup_at32f403a_407.o
DMA2_Channel3_IRQHandler                          build/startup_at32f403a_407.o
DMA2_Channel4_5_IRQHandler                        build/startup_at32f403a_407.o
DMA2_Channel6_7_IRQHandler                        build/startup_at32f403a_407.o
DebugMon_Handler                                  build/at32f403a_407_int.o
Default_Handler                                   build/startup_at32f403a_407.o
EMAC_IRQHandler                                   build/startup_at32f403a_407.o
EMAC_WKUP_IRQHandler                              build/startup_at32f403a_407.o
EXINT0_IRQHandler                                 build/startup_at32f403a_407.o
EXINT15_10_IRQHandler                             build/startup_at32f403a_407.o
EXINT1_IRQHandler                                 build/startup_at32f403a_407.o
EXINT2_IRQHandler                                 build/startup_at32f403a_407.o
EXINT3_IRQHandler                                 build/startup_at32f403a_407.o
EXINT4_IRQHandler                                 build/startup_at32f403a_407.o
EXINT9_5_IRQHandler                               build/startup_at32f403a_407.o
FLASH_IRQHandler                                  build/startup_at32f403a_407.o
HardFault_Handler                                 build/at32f403a_407_int.o
I2C1_ERR_IRQHandler                               build/startup_at32f403a_407.o
I2C1_EVT_IRQHandler                               build/startup_at32f403a_407.o
I2C2_ERR_IRQHandler                               build/startup_at32f403a_407.o
I2C2_EVT_IRQHandler                               build/startup_at32f403a_407.o
I2C3_ERR_IRQHandler                               build/startup_at32f403a_407.o
I2C3_EVT_IRQHandler                               build/startup_at32f403a_407.o
MemManage_Handler                                 build/at32f403a_407_int.o
NMI_Handler                                       build/at32f403a_407_int.o
PVM_IRQHandler                                    build/startup_at32f403a_407.o
PendSV_Handler                                    build/at32f403a_407_int.o
RTCAlarm_IRQHandler                               build/startup_at32f403a_407.o
RTC_IRQHandler                                    build/startup_at32f403a_407.o
Reset_Handler                                     build/startup_at32f403a_407.o
SDIO1_IRQHandler                                  build/startup_at32f403a_407.o
SDIO2_IRQHandler                                  build/startup_at32f403a_407.o
SPI1_IRQHandler                                   build/startup_at32f403a_407.o
SPI2_I2S2EXT_IRQHandler                           build/startup_at32f403a_407.o
SPI3_I2S3EXT_IRQHandler                           build/startup_at32f403a_407.o
SPI4_IRQHandler                                   build/startup_at32f403a_407.o
SVC_Handler                                       build/at32f403a_407_int.o
SysTick_Handler                                   build/at32f403a_407_int.o
SystemInit                                        build/system_at32f403a_407.o
                                                  build/startup_at32f403a_407.o
TAMPER_IRQHandler                                 build/startup_at32f403a_407.o
TMR1_BRK_TMR9_IRQHandler                          build/startup_at32f403a_407.o
TMR1_CH_IRQHandler                                build/startup_at32f403a_407.o
TMR1_OVF_TMR10_IRQHandler                         build/startup_at32f403a_407.o
TMR1_TRG_HALL_TMR11_IRQHandler                    build/startup_at32f403a_407.o
TMR2_GLOBAL_IRQHandler                            build/startup_at32f403a_407.o
TMR3_GLOBAL_IRQHandler                            build/startup_at32f403a_407.o
TMR4_GLOBAL_IRQHandler                            build/startup_at32f403a_407.o
TMR5_GLOBAL_IRQHandler                            build/startup_at32f403a_407.o
TMR6_GLOBAL_IRQHandler                            build/startup_at32f403a_407.o
TMR7_GLOBAL_IRQHandler                            build/startup_at32f403a_407.o
TMR8_BRK_TMR12_IRQHandler                         build/startup_at32f403a_407.o
TMR8_CH_IRQHandler                                build/startup_at32f403a_407.o
TMR8_OVF_TMR13_IRQHandler                         build/startup_at32f403a_407.o
TMR8_TRG_HALL_TMR14_IRQHandler                    build/startup_at32f403a_407.o
UART4_IRQHandler                                  build/startup_at32f403a_407.o
UART5_IRQHandler                                  build/startup_at32f403a_407.o
UART7_IRQHandler                                  build/startup_at32f403a_407.o
UART8_IRQHandler                                  build/startup_at32f403a_407.o
USART1_IRQHandler                                 build/startup_at32f403a_407.o
USART2_IRQHandler                                 build/startup_at32f403a_407.o
USART3_IRQHandler                                 build/startup_at32f403a_407.o
USART6_IRQHandler                                 build/startup_at32f403a_407.o
USBFSWakeUp_IRQHandler                            build/startup_at32f403a_407.o
USBFS_H_CAN1_TX_IRQHandler                        build/startup_at32f403a_407.o
USBFS_L_CAN1_RX0_IRQHandler                       build/startup_at32f403a_407.o
USBFS_MAPH_IRQHandler                             build/startup_at32f403a_407.o
USBFS_MAPL_IRQHandler                             build/startup_at32f403a_407.o
UsageFault_Handler                                build/at32f403a_407_int.o
WWDT_IRQHandler                                   build/startup_at32f403a_407.o
XMC_IRQHandler                                    build/startup_at32f403a_407.o
_Jv_RegisterClasses                               /home/y/github/EmbeddedSoftwareMCU/Tools/gcc-arm-none-eabi-unix/bin/../lib/gcc/arm-none-eabi/6.2.1/thumb/v7e-m/crtbegin.o
__bss_end__                                       /home/y/github/EmbeddedSoftwareMCU/Tools/gcc-arm-none-eabi-unix/bin/../lib/gcc/arm-none-eabi/6.2.1/../../../../arm-none-eabi/lib/thumb/v7e-m/crt0.o
__bss_start__                                     /home/y/github/EmbeddedSoftwareMCU/Tools/gcc-arm-none-eabi-unix/bin/../lib/gcc/arm-none-eabi/6.2.1/../../../../arm-none-eabi/lib/thumb/v7e-m/crt0.o
__call_exitprocs                                  /home/y/github/EmbeddedSoftwareMCU/Tools/gcc-arm-none-eabi-unix/bin/../lib/gcc/arm-none-eabi/6.2.1/../../../../arm-none-eabi/lib/thumb/v7e-m/libc.a(lib_a-__call_atexit.o)
                                                  /home/y/github/EmbeddedSoftwareMCU/Tools/gcc-arm-none-eabi-unix/bin/../lib/gcc/arm-none-eabi/6.2.1/../../../../arm-none-eabi/lib/thumb/v7e-m/libc.a(lib_a-exit.o)
__deregister_frame_info                           /home/y/github/EmbeddedSoftwareMCU/Tools/gcc-arm-none-eabi-unix/bin/../lib/gcc/arm-none-eabi/6.2.1/thumb/v7e-m/crtbegin.o
__dso_handle                                      /home/y/github/EmbeddedSoftwareMCU/Tools/gcc-arm-none-eabi-unix/bin/../lib/gcc/arm-none-eabi/6.2.1/thumb/v7e-m/crtbegin.o
__fini_array_end                                  /home/y/github/EmbeddedSoftwareMCU/Tools/gcc-arm-none-eabi-unix/bin/../lib/gcc/arm-none-eabi/6.2.1/../../../../arm-none-eabi/lib/thumb/v7e-m/libc.a(lib_a-fini.o)
__fini_array_start                                /home/y/github/EmbeddedSoftwareMCU/Tools/gcc-arm-none-eabi-unix/bin/../lib/gcc/arm-none-eabi/6.2.1/../../../../arm-none-eabi/lib/thumb/v7e-m/libc.a(lib_a-fini.o)
__init_array_end                                  /home/y/github/EmbeddedSoftwareMCU/Tools/gcc-arm-none-eabi-unix/bin/../lib/gcc/arm-none-eabi/6.2.1/../../../../arm-none-eabi/lib/thumb/v7e-m/libc.a(lib_a-init.o)
__init_array_start                                /home/y/github/EmbeddedSoftwareMCU/Tools/gcc-arm-none-eabi-unix/bin/../lib/gcc/arm-none-eabi/6.2.1/../../../../arm-none-eabi/lib/thumb/v7e-m/libc.a(lib_a-init.o)
__io_putchar                                      build/at32f403a_407_board.o
__libc_fini                                       /home/y/github/EmbeddedSoftwareMCU/Tools/gcc-arm-none-eabi-unix/bin/../lib/gcc/arm-none-eabi/6.2.1/../../../../arm-none-eabi/lib/thumb/v7e-m/libc.a(lib_a-__call_atexit.o)
__libc_fini_array                                 /home/y/github/EmbeddedSoftwareMCU/Tools/gcc-arm-none-eabi-unix/bin/../lib/gcc/arm-none-eabi/6.2.1/../../../../arm-none-eabi/lib/thumb/v7e-m/libc.a(lib_a-fini.o)
                                                  /home/y/github/EmbeddedSoftwareMCU/Tools/gcc-arm-none-eabi-unix/bin/../lib/gcc/arm-none-eabi/6.2.1/../../../../arm-none-eabi/lib/thumb/v7e-m/libc.a(lib_a-__call_atexit.o)
                                                  /home/y/github/EmbeddedSoftwareMCU/Tools/gcc-arm-none-eabi-unix/bin/../lib/gcc/arm-none-eabi/6.2.1/../../../../arm-none-eabi/lib/thumb/v7e-m/crt0.o
__libc_init_array                                 /home/y/github/EmbeddedSoftwareMCU/Tools/gcc-arm-none-eabi-unix/bin/../lib/gcc/arm-none-eabi/6.2.1/../../../../arm-none-eabi/lib/thumb/v7e-m/libc.a(lib_a-init.o)
                                                  build/startup_at32f403a_407.o
                                                  /home/y/github/EmbeddedSoftwareMCU/Tools/gcc-arm-none-eabi-unix/bin/../lib/gcc/arm-none-eabi/6.2.1/../../../../arm-none-eabi/lib/thumb/v7e-m/crt0.o
__preinit_array_end                               /home/y/github/EmbeddedSoftwareMCU/Tools/gcc-arm-none-eabi-unix/bin/../lib/gcc/arm-none-eabi/6.2.1/../../../../arm-none-eabi/lib/thumb/v7e-m/libc.a(lib_a-init.o)
__preinit_array_start                             /home/y/github/EmbeddedSoftwareMCU/Tools/gcc-arm-none-eabi-unix/bin/../lib/gcc/arm-none-eabi/6.2.1/../../../../arm-none-eabi/lib/thumb/v7e-m/libc.a(lib_a-init.o)
__register_exitproc                               /home/y/github/EmbeddedSoftwareMCU/Tools/gcc-arm-none-eabi-unix/bin/../lib/gcc/arm-none-eabi/6.2.1/../../../../arm-none-eabi/lib/thumb/v7e-m/libc.a(lib_a-__atexit.o)
                                                  /home/y/github/EmbeddedSoftwareMCU/Tools/gcc-arm-none-eabi-unix/bin/../lib/gcc/arm-none-eabi/6.2.1/../../../../arm-none-eabi/lib/thumb/v7e-m/libc.a(lib_a-atexit.o)
__register_frame_info                             /home/y/github/EmbeddedSoftwareMCU/Tools/gcc-arm-none-eabi-unix/bin/../lib/gcc/arm-none-eabi/6.2.1/thumb/v7e-m/crtbegin.o
__stack                                           /home/y/github/EmbeddedSoftwareMCU/Tools/gcc-arm-none-eabi-unix/bin/../lib/gcc/arm-none-eabi/6.2.1/../../../../arm-none-eabi/lib/thumb/v7e-m/crt0.o
_ebss                                             build/startup_at32f403a_407.o
_edata                                            build/startup_at32f403a_407.o
_estack                                           build/startup_at32f403a_407.o
_exit                                             /home/y/github/EmbeddedSoftwareMCU/Tools/gcc-arm-none-eabi-unix/bin/../lib/gcc/arm-none-eabi/6.2.1/../../../../arm-none-eabi/lib/thumb/v7e-m/libnosys.a(_exit.o)
                                                  /home/y/github/EmbeddedSoftwareMCU/Tools/gcc-arm-none-eabi-unix/bin/../lib/gcc/arm-none-eabi/6.2.1/../../../../arm-none-eabi/lib/thumb/v7e-m/libc.a(lib_a-exit.o)
_fini                                             /home/y/github/EmbeddedSoftwareMCU/Tools/gcc-arm-none-eabi-unix/bin/../lib/gcc/arm-none-eabi/6.2.1/thumb/v7e-m/crti.o
                                                  /home/y/github/EmbeddedSoftwareMCU/Tools/gcc-arm-none-eabi-unix/bin/../lib/gcc/arm-none-eabi/6.2.1/../../../../arm-none-eabi/lib/thumb/v7e-m/libc.a(lib_a-fini.o)
_global_impure_ptr                                /home/y/github/EmbeddedSoftwareMCU/Tools/gcc-arm-none-eabi-unix/bin/../lib/gcc/arm-none-eabi/6.2.1/../../../../arm-none-eabi/lib/thumb/v7e-m/libc.a(lib_a-impure.o)
                                                  /home/y/github/EmbeddedSoftwareMCU/Tools/gcc-arm-none-eabi-unix/bin/../lib/gcc/arm-none-eabi/6.2.1/../../../../arm-none-eabi/lib/thumb/v7e-m/libc.a(lib_a-__atexit.o)
                                                  /home/y/github/EmbeddedSoftwareMCU/Tools/gcc-arm-none-eabi-unix/bin/../lib/gcc/arm-none-eabi/6.2.1/../../../../arm-none-eabi/lib/thumb/v7e-m/libc.a(lib_a-__call_atexit.o)
                                                  /home/y/github/EmbeddedSoftwareMCU/Tools/gcc-arm-none-eabi-unix/bin/../lib/gcc/arm-none-eabi/6.2.1/../../../../arm-none-eabi/lib/thumb/v7e-m/libc.a(lib_a-exit.o)
_impure_ptr                                       /home/y/github/EmbeddedSoftwareMCU/Tools/gcc-arm-none-eabi-unix/bin/../lib/gcc/arm-none-eabi/6.2.1/../../../../arm-none-eabi/lib/thumb/v7e-m/libc.a(lib_a-impure.o)
_init                                             /home/y/github/EmbeddedSoftwareMCU/Tools/gcc-arm-none-eabi-unix/bin/../lib/gcc/arm-none-eabi/6.2.1/thumb/v7e-m/crti.o
                                                  /home/y/github/EmbeddedSoftwareMCU/Tools/gcc-arm-none-eabi-unix/bin/../lib/gcc/arm-none-eabi/6.2.1/../../../../arm-none-eabi/lib/thumb/v7e-m/libc.a(lib_a-init.o)
_mainCRTStartup                                   /home/y/github/EmbeddedSoftwareMCU/Tools/gcc-arm-none-eabi-unix/bin/../lib/gcc/arm-none-eabi/6.2.1/../../../../arm-none-eabi/lib/thumb/v7e-m/crt0.o
_sbss                                             build/startup_at32f403a_407.o
_sdata                                            build/startup_at32f403a_407.o
_sidata                                           build/startup_at32f403a_407.o
_start                                            /home/y/github/EmbeddedSoftwareMCU/Tools/gcc-arm-none-eabi-unix/bin/../lib/gcc/arm-none-eabi/6.2.1/../../../../arm-none-eabi/lib/thumb/v7e-m/crt0.o
at32_board_init                                   build/at32f403a_407_board.o
                                                  build/main.o
at32_button_init                                  build/at32f403a_407_board.o
at32_button_press                                 build/at32f403a_407_board.o
at32_button_state                                 build/at32f403a_407_board.o
at32_led_init                                     build/at32f403a_407_board.o
at32_led_off                                      build/at32f403a_407_board.o
at32_led_on                                       build/at32f403a_407_board.o
at32_led_toggle                                   build/at32f403a_407_board.o
                                                  build/main.o
atexit                                            /home/y/github/EmbeddedSoftwareMCU/Tools/gcc-arm-none-eabi-unix/bin/../lib/gcc/arm-none-eabi/6.2.1/../../../../arm-none-eabi/lib/thumb/v7e-m/libc.a(lib_a-atexit.o)
                                                  /home/y/github/EmbeddedSoftwareMCU/Tools/gcc-arm-none-eabi-unix/bin/../lib/gcc/arm-none-eabi/6.2.1/../../../../arm-none-eabi/lib/thumb/v7e-m/libc.a(lib_a-__call_atexit.o)
                                                  /home/y/github/EmbeddedSoftwareMCU/Tools/gcc-arm-none-eabi-unix/bin/../lib/gcc/arm-none-eabi/6.2.1/../../../../arm-none-eabi/lib/thumb/v7e-m/crt0.o
crm_adc_clock_div_set                             build/at32f403a_407_crm.o
crm_ahb_div_set                                   build/at32f403a_407_crm.o
                                                  build/at32f403a_407_clock.o
crm_apb1_div_set                                  build/at32f403a_407_crm.o
                                                  build/at32f403a_407_clock.o
crm_apb2_div_set                                  build/at32f403a_407_crm.o
                                                  build/at32f403a_407_clock.o
crm_auto_step_mode_enable                         build/at32f403a_407_crm.o
                                                  build/at32f403a_407_clock.o
crm_battery_powered_domain_reset                  build/at32f403a_407_crm.o
crm_clkout_div_set                                build/at32f403a_407_crm.o
crm_clkout_to_tmr10_enable                        build/at32f403a_407_crm.o
crm_clock_failure_detection_enable                build/at32f403a_407_crm.o
crm_clock_out_set                                 build/at32f403a_407_crm.o
crm_clock_source_enable                           build/at32f403a_407_crm.o
                                                  build/at32f403a_407_clock.o
crm_clocks_freq_get                               build/at32f403a_407_crm.o
crm_flag_clear                                    build/at32f403a_407_crm.o
crm_flag_get                                      build/at32f403a_407_crm.o
                                                  build/at32f403a_407_clock.o
crm_hext_bypass                                   build/at32f403a_407_crm.o
crm_hext_clock_div_set                            build/at32f403a_407_crm.o
                                                  build/at32f403a_407_clock.o
crm_hext_stable_wait                              build/at32f403a_407_crm.o
                                                  build/at32f403a_407_clock.o
crm_hick_clock_calibration_set                    build/at32f403a_407_crm.o
crm_hick_clock_trimming_set                       build/at32f403a_407_crm.o
crm_hick_divider_select                           build/at32f403a_407_crm.o
crm_hick_sclk_frequency_select                    build/at32f403a_407_crm.o
crm_interrupt_enable                              build/at32f403a_407_crm.o
crm_lext_bypass                                   build/at32f403a_407_crm.o
crm_periph_clock_enable                           build/at32f403a_407_crm.o
                                                  build/at32f403a_407_board.o
crm_periph_reset                                  build/at32f403a_407_crm.o
                                                  build/at32f403a_407_gpio.o
crm_periph_sleep_mode_clock_enable                build/at32f403a_407_crm.o
crm_pll_config                                    build/at32f403a_407_crm.o
                                                  build/at32f403a_407_clock.o
crm_reset                                         build/at32f403a_407_crm.o
                                                  build/at32f403a_407_clock.o
crm_rtc_clock_enable                              build/at32f403a_407_crm.o
crm_rtc_clock_select                              build/at32f403a_407_crm.o
crm_sysclk_switch                                 build/at32f403a_407_crm.o
                                                  build/at32f403a_407_clock.o
crm_sysclk_switch_status_get                      build/at32f403a_407_crm.o
                                                  build/system_at32f403a_407.o
                                                  build/at32f403a_407_clock.o
crm_usb_clock_div_set                             build/at32f403a_407_crm.o
crm_usb_clock_source_select                       build/at32f403a_407_crm.o
crm_usb_interrupt_remapping_set                   build/at32f403a_407_crm.o
delay_init                                        build/at32f403a_407_board.o
delay_ms                                          build/at32f403a_407_board.o
                                                  build/main.o
delay_sec                                         build/at32f403a_407_board.o
delay_us                                          build/at32f403a_407_board.o
exit                                              /home/y/github/EmbeddedSoftwareMCU/Tools/gcc-arm-none-eabi-unix/bin/../lib/gcc/arm-none-eabi/6.2.1/../../../../arm-none-eabi/lib/thumb/v7e-m/libc.a(lib_a-exit.o)
                                                  /home/y/github/EmbeddedSoftwareMCU/Tools/gcc-arm-none-eabi-unix/bin/../lib/gcc/arm-none-eabi/6.2.1/../../../../arm-none-eabi/lib/thumb/v7e-m/crt0.o
free                                              /home/y/github/EmbeddedSoftwareMCU/Tools/gcc-arm-none-eabi-unix/bin/../lib/gcc/arm-none-eabi/6.2.1/../../../../arm-none-eabi/lib/thumb/v7e-m/libc.a(lib_a-__call_atexit.o)
g_pfnVectors                                      build/startup_at32f403a_407.o
gpio_bits_reset                                   build/at32f403a_407_gpio.o
gpio_bits_set                                     build/at32f403a_407_gpio.o
gpio_bits_write                                   build/at32f403a_407_gpio.o
gpio_default_para_init                            build/at32f403a_407_gpio.o
                                                  build/at32f403a_407_board.o
gpio_event_output_config                          build/at32f403a_407_gpio.o
gpio_event_output_enable                          build/at32f403a_407_gpio.o
gpio_exint_line_config                            build/at32f403a_407_gpio.o
gpio_init                                         build/at32f403a_407_gpio.o
                                                  build/at32f403a_407_board.o
gpio_input_data_bit_read                          build/at32f403a_407_gpio.o
                                                  build/at32f403a_407_board.o
gpio_input_data_read                              build/at32f403a_407_gpio.o
gpio_iomux_reset                                  build/at32f403a_407_gpio.o
gpio_output_data_bit_read                         build/at32f403a_407_gpio.o
gpio_output_data_read                             build/at32f403a_407_gpio.o
gpio_pin_remap_config                             build/at32f403a_407_gpio.o
gpio_pin_wp_config                                build/at32f403a_407_gpio.o
gpio_pins_huge_driven_config                      build/at32f403a_407_gpio.o
gpio_port_wirte                                   build/at32f403a_407_gpio.o
gpio_reset                                        build/at32f403a_407_gpio.o
hardware_init_hook                                /home/y/github/EmbeddedSoftwareMCU/Tools/gcc-arm-none-eabi-unix/bin/../lib/gcc/arm-none-eabi/6.2.1/../../../../arm-none-eabi/lib/thumb/v7e-m/crt0.o
led_gpio_crm_clk                                  build/at32f403a_407_board.o
led_gpio_pin                                      build/at32f403a_407_board.o
led_gpio_port                                     build/at32f403a_407_board.o
main                                              build/main.o
                                                  build/startup_at32f403a_407.o
                                                  /home/y/github/EmbeddedSoftwareMCU/Tools/gcc-arm-none-eabi-unix/bin/../lib/gcc/arm-none-eabi/6.2.1/../../../../arm-none-eabi/lib/thumb/v7e-m/crt0.o
malloc                                            /home/y/github/EmbeddedSoftwareMCU/Tools/gcc-arm-none-eabi-unix/bin/../lib/gcc/arm-none-eabi/6.2.1/../../../../arm-none-eabi/lib/thumb/v7e-m/libc.a(lib_a-__atexit.o)
memset                                            /home/y/github/EmbeddedSoftwareMCU/Tools/gcc-arm-none-eabi-unix/bin/../lib/gcc/arm-none-eabi/6.2.1/../../../../arm-none-eabi/lib/thumb/v7e-m/libc.a(lib_a-memset.o)
                                                  /home/y/github/EmbeddedSoftwareMCU/Tools/gcc-arm-none-eabi-unix/bin/../lib/gcc/arm-none-eabi/6.2.1/../../../../arm-none-eabi/lib/thumb/v7e-m/crt0.o
nvic_irq_disable                                  build/at32f403a_407_misc.o
nvic_irq_enable                                   build/at32f403a_407_misc.o
nvic_lowpower_mode_config                         build/at32f403a_407_misc.o
nvic_priority_group_config                        build/at32f403a_407_misc.o
nvic_system_reset                                 build/at32f403a_407_misc.o
nvic_vector_table_set                             build/at32f403a_407_misc.o
software_init_hook                                /home/y/github/EmbeddedSoftwareMCU/Tools/gcc-arm-none-eabi-unix/bin/../lib/gcc/arm-none-eabi/6.2.1/../../../../arm-none-eabi/lib/thumb/v7e-m/crt0.o
system_clock_config                               build/at32f403a_407_clock.o
                                                  build/main.o
system_core_clock                                 build/system_at32f403a_407.o
                                                  build/at32f403a_407_board.o
system_core_clock_update                          build/system_at32f403a_407.o
                                                  build/at32f403a_407_clock.o
systick_clock_source_config                       build/at32f403a_407_misc.o
                                                  build/at32f403a_407_board.o
uart_print_init                                   build/at32f403a_407_board.o
usart_data_transmit                               build/at32f403a_407_board.o
usart_enable                                      build/at32f403a_407_board.o
usart_flag_get                                    build/at32f403a_407_board.o
usart_init                                        build/at32f403a_407_board.o
usart_transmitter_enable                          build/at32f403a_407_board.o
