Archive member included to satisfy reference by file (symbol)

/home/y/github/EmbeddedSoftwareMCU/Tools/gcc-arm-none-eabi-unix/bin/../lib/gcc/arm-none-eabi/6.2.1/../../../../arm-none-eabi/lib/thumb/v7e-m/libc.a(lib_a-exit.o)
                              /home/y/github/EmbeddedSoftwareMCU/Tools/gcc-arm-none-eabi-unix/bin/../lib/gcc/arm-none-eabi/6.2.1/../../../../arm-none-eabi/lib/thumb/v7e-m/crt0.o (exit)
/home/y/github/EmbeddedSoftwareMCU/Tools/gcc-arm-none-eabi-unix/bin/../lib/gcc/arm-none-eabi/6.2.1/../../../../arm-none-eabi/lib/thumb/v7e-m/libc.a(lib_a-impure.o)
                              /home/y/github/EmbeddedSoftwareMCU/Tools/gcc-arm-none-eabi-unix/bin/../lib/gcc/arm-none-eabi/6.2.1/../../../../arm-none-eabi/lib/thumb/v7e-m/libc.a(lib_a-exit.o) (_global_impure_ptr)
/home/y/github/EmbeddedSoftwareMCU/Tools/gcc-arm-none-eabi-unix/bin/../lib/gcc/arm-none-eabi/6.2.1/../../../../arm-none-eabi/lib/thumb/v7e-m/libc.a(lib_a-init.o)
                              /home/y/github/EmbeddedSoftwareMCU/Tools/gcc-arm-none-eabi-unix/bin/../lib/gcc/arm-none-eabi/6.2.1/../../../../arm-none-eabi/lib/thumb/v7e-m/crt0.o (__libc_init_array)
/home/y/github/EmbeddedSoftwareMCU/Tools/gcc-arm-none-eabi-unix/bin/../lib/gcc/arm-none-eabi/6.2.1/../../../../arm-none-eabi/lib/thumb/v7e-m/libc.a(lib_a-memset.o)
                              /home/y/github/EmbeddedSoftwareMCU/Tools/gcc-arm-none-eabi-unix/bin/../lib/gcc/arm-none-eabi/6.2.1/../../../../arm-none-eabi/lib/thumb/v7e-m/crt0.o (memset)
/home/y/github/EmbeddedSoftwareMCU/Tools/gcc-arm-none-eabi-unix/bin/../lib/gcc/arm-none-eabi/6.2.1/../../../../arm-none-eabi/lib/thumb/v7e-m/libc.a(lib_a-vsnprintf.o)
                              build/common.o (vsnprintf)
/home/y/github/EmbeddedSoftwareMCU/Tools/gcc-arm-none-eabi-unix/bin/../lib/gcc/arm-none-eabi/6.2.1/../../../../arm-none-eabi/lib/thumb/v7e-m/libc.a(lib_a-__call_atexit.o)
                              /home/y/github/EmbeddedSoftwareMCU/Tools/gcc-arm-none-eabi-unix/bin/../lib/gcc/arm-none-eabi/6.2.1/../../../../arm-none-eabi/lib/thumb/v7e-m/libc.a(lib_a-exit.o) (__call_exitprocs)
/home/y/github/EmbeddedSoftwareMCU/Tools/gcc-arm-none-eabi-unix/bin/../lib/gcc/arm-none-eabi/6.2.1/../../../../arm-none-eabi/lib/thumb/v7e-m/libc.a(lib_a-atexit.o)
                              /home/y/github/EmbeddedSoftwareMCU/Tools/gcc-arm-none-eabi-unix/bin/../lib/gcc/arm-none-eabi/6.2.1/../../../../arm-none-eabi/lib/thumb/v7e-m/libc.a(lib_a-__call_atexit.o) (atexit)
/home/y/github/EmbeddedSoftwareMCU/Tools/gcc-arm-none-eabi-unix/bin/../lib/gcc/arm-none-eabi/6.2.1/../../../../arm-none-eabi/lib/thumb/v7e-m/libc.a(lib_a-fini.o)
                              /home/y/github/EmbeddedSoftwareMCU/Tools/gcc-arm-none-eabi-unix/bin/../lib/gcc/arm-none-eabi/6.2.1/../../../../arm-none-eabi/lib/thumb/v7e-m/libc.a(lib_a-__call_atexit.o) (__libc_fini_array)
/home/y/github/EmbeddedSoftwareMCU/Tools/gcc-arm-none-eabi-unix/bin/../lib/gcc/arm-none-eabi/6.2.1/../../../../arm-none-eabi/lib/thumb/v7e-m/libc.a(lib_a-svfprintf.o)
                              /home/y/github/EmbeddedSoftwareMCU/Tools/gcc-arm-none-eabi-unix/bin/../lib/gcc/arm-none-eabi/6.2.1/../../../../arm-none-eabi/lib/thumb/v7e-m/libc.a(lib_a-vsnprintf.o) (_svfprintf_r)
/home/y/github/EmbeddedSoftwareMCU/Tools/gcc-arm-none-eabi-unix/bin/../lib/gcc/arm-none-eabi/6.2.1/../../../../arm-none-eabi/lib/thumb/v7e-m/libc.a(lib_a-__atexit.o)
                              /home/y/github/EmbeddedSoftwareMCU/Tools/gcc-arm-none-eabi-unix/bin/../lib/gcc/arm-none-eabi/6.2.1/../../../../arm-none-eabi/lib/thumb/v7e-m/libc.a(lib_a-atexit.o) (__register_exitproc)
/home/y/github/EmbeddedSoftwareMCU/Tools/gcc-arm-none-eabi-unix/bin/../lib/gcc/arm-none-eabi/6.2.1/../../../../arm-none-eabi/lib/thumb/v7e-m/libc.a(lib_a-dtoa.o)
                              /home/y/github/EmbeddedSoftwareMCU/Tools/gcc-arm-none-eabi-unix/bin/../lib/gcc/arm-none-eabi/6.2.1/../../../../arm-none-eabi/lib/thumb/v7e-m/libc.a(lib_a-svfprintf.o) (_dtoa_r)
/home/y/github/EmbeddedSoftwareMCU/Tools/gcc-arm-none-eabi-unix/bin/../lib/gcc/arm-none-eabi/6.2.1/../../../../arm-none-eabi/lib/thumb/v7e-m/libc.a(lib_a-localeconv.o)
                              /home/y/github/EmbeddedSoftwareMCU/Tools/gcc-arm-none-eabi-unix/bin/../lib/gcc/arm-none-eabi/6.2.1/../../../../arm-none-eabi/lib/thumb/v7e-m/libc.a(lib_a-svfprintf.o) (_localeconv_r)
/home/y/github/EmbeddedSoftwareMCU/Tools/gcc-arm-none-eabi-unix/bin/../lib/gcc/arm-none-eabi/6.2.1/../../../../arm-none-eabi/lib/thumb/v7e-m/libc.a(lib_a-mallocr.o)
                              /home/y/github/EmbeddedSoftwareMCU/Tools/gcc-arm-none-eabi-unix/bin/../lib/gcc/arm-none-eabi/6.2.1/../../../../arm-none-eabi/lib/thumb/v7e-m/libc.a(lib_a-svfprintf.o) (_malloc_r)
/home/y/github/EmbeddedSoftwareMCU/Tools/gcc-arm-none-eabi-unix/bin/../lib/gcc/arm-none-eabi/6.2.1/../../../../arm-none-eabi/lib/thumb/v7e-m/libc.a(lib_a-memchr.o)
[...]
Memory Configuration

Name             Origin             Length             Attributes
FLASH            0x0000000008000000 0x00000000000fa000 xr
RAM              0x0000000020000000 0x0000000000018000 xrw
*default*        0x0000000000000000 0xffffffffffffffff

Linker script and memory map

LOAD /home/y/github/EmbeddedSoftwareMCU/Tools/gcc-arm-none-eabi-unix/bin/../lib/gcc/arm-none-eabi/6.2.1/thumb/v7e-m/crti.o
LOAD /home/y/github/EmbeddedSoftwareMCU/Tools/gcc-arm-none-eabi-unix/bin/../lib/gcc/arm-none-eabi/6.2.1/thumb/v7e-m/crtbegin.o
LOAD /home/y/github/EmbeddedSoftwareMCU/Tools/gcc-arm-none-eabi-unix/bin/../lib/gcc/arm-none-eabi/6.2.1/../../../../arm-none-eabi/lib/thumb/v7e-m/crt0.o
LOAD build/at32f403a_407_clock.o
LOAD build/at32f403a_407_int.o
LOAD build/at32f403a_407_board.o
LOAD build/at32f403a_407_crm.o
LOAD build/system_at32f403a_407.o
LOAD build/at32f403a_407_gpio.o
LOAD build/at32f403a_407_misc.o
LOAD build/at32f403a_407_tmr.o
LOAD build/at32f403a_407_usart.o
LOAD build/common.o
LOAD build/main.o
LOAD build/startup_at32f403a_407.o
LOAD /home/y/github/EmbeddedSoftwareMCU/Tools/gcc-arm-none-eabi-unix/bin/../lib/gcc/arm-none-eabi/6.2.1/../../../../arm-none-eabi/lib/thumb/v7e-m/libc.a
LOAD /home/y/github/EmbeddedSoftwareMCU/Tools/gcc-arm-none-eabi-unix/bin/../lib/gcc/arm-none-eabi/6.2.1/../../../../arm-none-eabi/lib/thumb/v7e-m/libm.a
LOAD /home/y/github/EmbeddedSoftwareMCU/Tools/gcc-arm-none-eabi-unix/bin/../lib/gcc/arm-none-eabi/6.2.1/../../../../arm-none-eabi/lib/thumb/v7e-m/libnosys.a
START GROUP
LOAD /home/y/github/EmbeddedSoftwareMCU/Tools/gcc-arm-none-eabi-unix/bin/../lib/gcc/arm-none-eabi/6.2.1/thumb/v7e-m/libgcc.a
LOAD /home/y/github/EmbeddedSoftwareMCU/Tools/gcc-arm-none-eabi-unix/bin/../lib/gcc/arm-none-eabi/6.2.1/../../../../arm-none-eabi/lib/thumb/v7e-m/libc.a
END GROUP
LOAD /home/y/github/EmbeddedSoftwareMCU/Tools/gcc-arm-none-eabi-unix/bin/../lib/gcc/arm-none-eabi/6.2.1/thumb/v7e-m/crtend.o
LOAD /home/y/github/EmbeddedSoftwareMCU/Tools/gcc-arm-none-eabi-unix/bin/../lib/gcc/arm-none-eabi/6.2.1/thumb/v7e-m/crtn.o
                0x0000000020018000                _estack = 0x20018000
                0x0000000000000200                _Min_Heap_Size = 0x200
                0x0000000000000400                _Min_Stack_Size = 0x400

.isr_vector     0x0000000008000000      0x184
                0x0000000008000000                . = ALIGN (0x4)
 *(.isr_vector)
 .isr_vector    0x0000000008000000      0x184 build/startup_at32f403a_407.o
                0x0000000008000000                g_pfnVectors
                0x0000000008000184                . = ALIGN (0x4)

.text           0x00000000080001c0     0x5560
                0x00000000080001c0                . = ALIGN (0x4)
 *(.text)
 .text          0x00000000080001c0       0x6c /home/y/github/EmbeddedSoftwareMCU/Tools/gcc-arm-none-eabi-unix/bin/../lib/gcc/arm-none-eabi/6.2.1/thumb/v7e-m/crtbegin.o
 *fill*         0x000000000800022c        0x4 
 .text          0x0000000008000230       0xa0 /home/y/github/EmbeddedSoftwareMCU/Tools/gcc-arm-none-eabi-unix/bin/../lib/gcc/arm-none-eabi/6.2.1/../../../../arm-none-eabi/lib/thumb/v7e-m/libc.a(lib_a-memchr.o)
                0x0000000008000230                memchr
 .text          0x00000000080002d0      0x134 /home/y/github/EmbeddedSoftwareMCU/Tools/gcc-arm-none-eabi-unix/bin/../lib/gcc/arm-none-eabi/6.2.1/../../../../arm-none-eabi/lib/thumb/v7e-m/libc.a(lib_a-memcpy.o)
                0x00000000080002d0                memcpy
 *fill*         0x0000000008000404       0x3c 
 .text          0x0000000008000440       0xdc /home/y/github/EmbeddedSoftwareMCU/Tools/gcc-arm-none-eabi-unix/bin/../lib/gcc/arm-none-eabi/6.2.1/../../../../arm-none-eabi/lib/thumb/v7e-m/libc.a(lib_a-strlen.o)
                0x0000000008000440                strlen
 .text          0x000000000800051c      0x370 /home/y/github/EmbeddedSoftwareMCU/Tools/gcc-arm-none-eabi-unix/bin/../lib/gcc/arm-none-eabi/6.2.1/thumb/v7e-m/libgcc.a(_arm_addsubdf3.o)
                0x000000000800051c                __aeabi_drsub
                0x0000000008000524                __aeabi_dsub
                0x0000000008000524                __subdf3
                0x0000000008000528                __adddf3
                0x0000000008000528                __aeabi_dadd
                0x00000000080007a0                __aeabi_ui2d
                0x00000000080007a0                __floatunsidf
                0x00000000080007c0                __floatsidf
                0x00000000080007c0                __aeabi_i2d
                0x00000000080007e4                __extendsfdf2
                0x00000000080007e4                __aeabi_f2d
                0x0000000008000820                __aeabi_ul2d
                0x0000000008000820                __floatundidf
                0x0000000008000830                __floatdidf
                0x0000000008000830                __aeabi_l2d
 .text          0x000000000800088c      0x424 /home/y/github/EmbeddedSoftwareMCU/Tools/gcc-arm-none-eabi-unix/bin/../lib/gcc/arm-none-eabi/6.2.1/thumb/v7e-m/libgcc.a(_arm_muldivdf3.o)
                0x000000000800088c                __aeabi_dmul
                0x000000000800088c                __muldf3
                0x0000000008000ae0                __aeabi_ddiv
                0x0000000008000ae0                __divdf3
 .text          0x0000000008000cb0      0x110 /home/y/github/EmbeddedSoftwareMCU/Tools/gcc-arm-none-eabi-unix/bin/../lib/gcc/arm-none-eabi/6.2.1/thumb/v7e-m/libgcc.a(_arm_cmpdf2.o)
                0x0000000008000cb0                __gtdf2
                0x0000000008000cb0                __gedf2
                0x0000000008000cb8                __ltdf2
                0x0000000008000cb8                __ledf2
                0x0000000008000cc0                __cmpdf2
                0x0000000008000cc0                __eqdf2
                0x0000000008000cc0                __nedf2
                0x0000000008000d3c                __aeabi_cdrcmple
                0x0000000008000d4c                __aeabi_cdcmple
                0x0000000008000d4c                __aeabi_cdcmpeq
                0x0000000008000d5c                __aeabi_dcmpeq
                0x0000000008000d70                __aeabi_dcmplt
                0x0000000008000d84                __aeabi_dcmple
                0x0000000008000d98                __aeabi_dcmpge
                0x0000000008000dac                __aeabi_dcmpgt
 .text          0x0000000008000dc0       0x2c /home/y/github/EmbeddedSoftwareMCU/Tools/gcc-arm-none-eabi-unix/bin/../lib/gcc/arm-none-eabi/6.2.1/thumb/v7e-m/libgcc.a(_arm_unorddf2.o)
                0x0000000008000dc0                __aeabi_dcmpun
                0x0000000008000dc0                __unorddf2
 .text          0x0000000008000dec       0x50 /home/y/github/EmbeddedSoftwareMCU/Tools/gcc-arm-none-eabi-unix/bin/../lib/gcc/arm-none-eabi/6.2.1/thumb/v7e-m/libgcc.a(_arm_fixdfsi.o)
                0x0000000008000dec                __fixdfsi
                0x0000000008000dec                __aeabi_d2iz
 .text          0x0000000008000e3c       0x30 /home/y/github/EmbeddedSoftwareMCU/Tools/gcc-arm-none-eabi-unix/bin/../lib/gcc/arm-none-eabi/6.2.1/thumb/v7e-m/libgcc.a(_aeabi_uldivmod.o)
                0x0000000008000e3c                __aeabi_uldivmod
 .text          0x0000000008000e6c      0x2dc /home/y/github/EmbeddedSoftwareMCU/Tools/gcc-arm-none-eabi-unix/bin/../lib/gcc/arm-none-eabi/6.2.1/thumb/v7e-m/libgcc.a(_udivmoddi4.o)
                0x0000000008000e6c                __udivmoddi4
 .text          0x0000000008001148        0x4 /home/y/github/EmbeddedSoftwareMCU/Tools/gcc-arm-none-eabi-unix/bin/../lib/gcc/arm-none-eabi/6.2.1/thumb/v7e-m/libgcc.a(_dvmd_tls.o)
                0x0000000008001148                __aeabi_ldiv0
                0x0000000008001148                __aeabi_idiv0
 *(.text*)
 .text.system_clock_config
                0x000000000800114c       0x6a build/at32f403a_407_clock.o
                0x000000000800114c                system_clock_config
 .text.NMI_Handler
                0x00000000080011b6        0x2 build/at32f403a_407_int.o
                0x00000000080011b6                NMI_Handler
 .text.HardFault_Handler
                0x00000000080011b8        0x2 build/at32f403a_407_int.o
                0x00000000080011b8                HardFault_Handler
 .text.MemManage_Handler
                0x00000000080011ba        0x2 build/at32f403a_407_int.o
                0x00000000080011ba                MemManage_Handler
 .text.BusFault_Handler
                0x00000000080011bc        0x2 build/at32f403a_407_int.o
                0x00000000080011bc                BusFault_Handler
 .text.UsageFault_Handler
                0x00000000080011be        0x2 build/at32f403a_407_int.o
                0x00000000080011be                UsageFault_Handler
 .text.SVC_Handler
                0x00000000080011c0        0x2 build/at32f403a_407_int.o
                0x00000000080011c0                SVC_Handler
 .text.DebugMon_Handler
                0x00000000080011c2        0x2 build/at32f403a_407_int.o
                0x00000000080011c2                DebugMon_Handler
 .text.PendSV_Handler
                0x00000000080011c4        0x2 build/at32f403a_407_int.o
                0x00000000080011c4                PendSV_Handler
 .text.SysTick_Handler
                0x00000000080011c6        0x2 build/at32f403a_407_int.o
                0x00000000080011c6                SysTick_Handler
 .text.uart_print_init
                0x00000000080011c8       0x74 build/at32f403a_407_board.o
                0x00000000080011c8                uart_print_init
 .text.delay_init
                0x000000000800123c       0x38 build/at32f403a_407_board.o
                0x000000000800123c                delay_init
 .text.at32_board_init
                0x0000000008001274        0x8 build/at32f403a_407_board.o
                0x0000000008001274                at32_board_init
 .text.delay_ms
                0x000000000800127c       0x5c build/at32f403a_407_board.o
                0x000000000800127c                delay_ms
 .text.delay_sec
                0x00000000080012d8       0x22 build/at32f403a_407_board.o
                0x00000000080012d8                delay_sec
 *fill*         0x00000000080012fa        0x2 
 .text.crm_reset
                0x00000000080012fc       0x48 build/at32f403a_407_crm.o
                0x00000000080012fc                crm_reset
 .text.crm_flag_get
                0x0000000008001344       0x24 build/at32f403a_407_crm.o
                0x0000000008001344                crm_flag_get
 .text.crm_hext_stable_wait
                0x0000000008001368       0x2a build/at32f403a_407_crm.o
                0x0000000008001368                crm_hext_stable_wait
 .text.crm_periph_clock_enable
                0x0000000008001392       0x3c build/at32f403a_407_crm.o
                0x0000000008001392                crm_periph_clock_enable
 *fill*         0x00000000080013ce        0x2 
 .text.crm_clock_source_enable
                0x00000000080013d0       0x50 build/at32f403a_407_crm.o
                0x00000000080013d0                crm_clock_source_enable
 .text.crm_ahb_div_set
                0x0000000008001420       0x10 build/at32f403a_407_crm.o
                0x0000000008001420                crm_ahb_div_set
 .text.crm_apb1_div_set
                0x0000000008001430       0x10 build/at32f403a_407_crm.o
                0x0000000008001430                crm_apb1_div_set
 .text.crm_apb2_div_set
                0x0000000008001440       0x10 build/at32f403a_407_crm.o
                0x0000000008001440                crm_apb2_div_set
 .text.crm_pll_config
                0x0000000008001450       0x5c build/at32f403a_407_crm.o
                0x0000000008001450                crm_pll_config
 .text.crm_sysclk_switch
                0x00000000080014ac       0x10 build/at32f403a_407_crm.o
                0x00000000080014ac                crm_sysclk_switch
 .text.crm_sysclk_switch_status_get
                0x00000000080014bc       0x10 build/at32f403a_407_crm.o
                0x00000000080014bc                crm_sysclk_switch_status_get
 .text.crm_clocks_freq_get
                0x00000000080014cc      0x104 build/at32f403a_407_crm.o
                0x00000000080014cc                crm_clocks_freq_get
 .text.crm_auto_step_mode_enable
                0x00000000080015d0       0x20 build/at32f403a_407_crm.o
                0x00000000080015d0                crm_auto_step_mode_enable
 .text.crm_hext_clock_div_set
                0x00000000080015f0       0x10 build/at32f403a_407_crm.o
                0x00000000080015f0                crm_hext_clock_div_set
 .text.SystemInit
                0x0000000008001600       0x54 build/system_at32f403a_407.o
                0x0000000008001600                SystemInit
 .text.system_core_clock_update
                0x0000000008001654       0xd4 build/system_at32f403a_407.o
                0x0000000008001654                system_core_clock_update
 .text.gpio_init
                0x0000000008001728       0xac build/at32f403a_407_gpio.o
                0x0000000008001728                gpio_init
 .text.gpio_default_para_init
                0x00000000080017d4       0x16 build/at32f403a_407_gpio.o
                0x00000000080017d4                gpio_default_para_init
 .text.gpio_pin_remap_config
                0x00000000080017ea       0x3c build/at32f403a_407_gpio.o
                0x00000000080017ea                gpio_pin_remap_config
 *fill*         0x0000000008001826        0x2 
 .text.systick_clock_source_config
                0x0000000008001828       0x20 build/at32f403a_407_misc.o
                0x0000000008001828                systick_clock_source_config
 .text.tmr_counter_enable
                0x0000000008001848        0xa build/at32f403a_407_tmr.o
                0x0000000008001848                tmr_counter_enable
 .text.tmr_output_default_para_init
                0x0000000008001852       0x12 build/at32f403a_407_tmr.o
                0x0000000008001852                tmr_output_default_para_init
 .text.tmr_base_init
                0x0000000008001864        0xe build/at32f403a_407_tmr.o
                0x0000000008001864                tmr_base_init
 .text.tmr_clock_source_div_set
                0x0000000008001872        0xa build/at32f403a_407_tmr.o
                0x0000000008001872                tmr_clock_source_div_set
 .text.tmr_cnt_dir_set
                0x000000000800187c        0xa build/at32f403a_407_tmr.o
                0x000000000800187c                tmr_cnt_dir_set
 *fill*         0x0000000008001886        0x2 
 .text.tmr_output_channel_config
                0x0000000008001888       0xf4 build/at32f403a_407_tmr.o
                0x0000000008001888                tmr_output_channel_config
 .text.tmr_channel_value_set
                0x000000000800197c       0x20 build/at32f403a_407_tmr.o
                0x000000000800197c                tmr_channel_value_set
 .text.tmr_period_buffer_enable
                0x000000000800199c        0xa build/at32f403a_407_tmr.o
                0x000000000800199c                tmr_period_buffer_enable
 .text.tmr_output_channel_buffer_enable
                0x00000000080019a6       0x38 build/at32f403a_407_tmr.o
                0x00000000080019a6                tmr_output_channel_buffer_enable
 *fill*         0x00000000080019de        0x2 
 .text.usart_init
                0x00000000080019e0       0x90 build/at32f403a_407_usart.o
                0x00000000080019e0                usart_init
 .text.usart_enable
                0x0000000008001a70        0xa build/at32f403a_407_usart.o
                0x0000000008001a70                usart_enable
 .text.usart_transmitter_enable
                0x0000000008001a7a        0xa build/at32f403a_407_usart.o
                0x0000000008001a7a                usart_transmitter_enable
 .text.usart_data_transmit
                0x0000000008001a84        0x8 build/at32f403a_407_usart.o
                0x0000000008001a84                usart_data_transmit
 .text.usart_flag_get
                0x0000000008001a8c        0xe build/at32f403a_407_usart.o
                0x0000000008001a8c                usart_flag_get
 *fill*         0x0000000008001a9a        0x2 
 .text.log_put  0x0000000008001a9c       0x50 build/common.o
                0x0000000008001a9c                log_put
 .text.crm_configuration
                0x0000000008001aec       0x3c build/main.o
                0x0000000008001aec                crm_configuration
 .text.gpio_configuration
                0x0000000008001b28       0x64 build/main.o
                0x0000000008001b28                gpio_configuration
 .text.main     0x0000000008001b8c      0x114 build/main.o
                0x0000000008001b8c                main
 .text.Reset_Handler
                0x0000000008001ca0       0x48 build/startup_at32f403a_407.o
                0x0000000008001ca0                Reset_Handler
 .text.Default_Handler
                0x0000000008001ce8        0x2 build/startup_at32f403a_407.o
                0x0000000008001ce8                SDIO1_IRQHandler
                0x0000000008001ce8                XMC_IRQHandler
                0x0000000008001ce8                EXINT2_IRQHandler
                0x0000000008001ce8                USBFS_L_CAN1_RX0_IRQHandler
                0x0000000008001ce8                UART8_IRQHandler
                0x0000000008001ce8                SPI4_IRQHandler
                0x0000000008001ce8                I2C2_EVT_IRQHandler
                0x0000000008001ce8                TMR1_OVF_TMR10_IRQHandler
                0x0000000008001ce8                TMR8_TRG_HALL_TMR14_IRQHandler
                0x0000000008001ce8                USBFS_H_CAN1_TX_IRQHandler
                0x0000000008001ce8                I2C1_ERR_IRQHandler
                0x0000000008001ce8                EXINT9_5_IRQHandler
                0x0000000008001ce8                EMAC_IRQHandler
                0x0000000008001ce8                CAN2_RX1_IRQHandler
                0x0000000008001ce8                TMR5_GLOBAL_IRQHandler
                0x0000000008001ce8                SDIO2_IRQHandler
                0x0000000008001ce8                ADC1_2_IRQHandler
                0x0000000008001ce8                SPI1_IRQHandler
                0x0000000008001ce8                TAMPER_IRQHandler
                0x0000000008001ce8                CAN2_RX0_IRQHandler
                0x0000000008001ce8                DMA2_Channel2_IRQHandler
                0x0000000008001ce8                DMA1_Channel4_IRQHandler
                0x0000000008001ce8                TMR8_CH_IRQHandler
                0x0000000008001ce8                USART6_IRQHandler
                0x0000000008001ce8                EXINT0_IRQHandler
                0x0000000008001ce8                USART3_IRQHandler
                0x0000000008001ce8                RTC_IRQHandler
                0x0000000008001ce8                DMA1_Channel7_IRQHandler
                0x0000000008001ce8                CAN1_RX1_IRQHandler
                0x0000000008001ce8                UART5_IRQHandler
                0x0000000008001ce8                ADC3_IRQHandler
                0x0000000008001ce8                ACC_IRQHandler
                0x0000000008001ce8                EMAC_WKUP_IRQHandler
                0x0000000008001ce8                DMA2_Channel1_IRQHandler
                0x0000000008001ce8                EXINT3_IRQHandler
                0x0000000008001ce8                DMA1_Channel6_IRQHandler
                0x0000000008001ce8                UART4_IRQHandler
                0x0000000008001ce8                DMA1_Channel1_IRQHandler
                0x0000000008001ce8                Default_Handler
                0x0000000008001ce8                USBFS_MAPH_IRQHandler
                0x0000000008001ce8                TMR3_GLOBAL_IRQHandler
                0x0000000008001ce8                TMR7_GLOBAL_IRQHandler
                0x0000000008001ce8                CAN1_SE_IRQHandler
                0x0000000008001ce8                CAN2_TX_IRQHandler
                0x0000000008001ce8                I2C3_ERR_IRQHandler
                0x0000000008001ce8                SPI3_I2S3EXT_IRQHandler
                0x0000000008001ce8                TMR1_BRK_TMR9_IRQHandler
                0x0000000008001ce8                USBFS_MAPL_IRQHandler
                0x0000000008001ce8                TMR8_BRK_TMR12_IRQHandler
                0x0000000008001ce8                TMR1_TRG_HALL_TMR11_IRQHandler
                0x0000000008001ce8                DMA1_Channel5_IRQHandler
                0x0000000008001ce8                TMR4_GLOBAL_IRQHandler
                0x0000000008001ce8                EXINT4_IRQHandler
                0x0000000008001ce8                CAN2_SE_IRQHandler
                0x0000000008001ce8                DMA2_Channel6_7_IRQHandler
                0x0000000008001ce8                PVM_IRQHandler
                0x0000000008001ce8                I2C3_EVT_IRQHandler
                0x0000000008001ce8                DMA1_Channel3_IRQHandler
                0x0000000008001ce8                I2C1_EVT_IRQHandler
                0x0000000008001ce8                TMR8_OVF_TMR13_IRQHandler
                0x0000000008001ce8                TMR6_GLOBAL_IRQHandler
                0x0000000008001ce8                EXINT1_IRQHandler
                0x0000000008001ce8                RTCAlarm_IRQHandler
                0x0000000008001ce8                DMA2_Channel4_5_IRQHandler
                0x0000000008001ce8                UART7_IRQHandler
                0x0000000008001ce8                USART2_IRQHandler
                0x0000000008001ce8                DMA1_Channel2_IRQHandler
                0x0000000008001ce8                TMR2_GLOBAL_IRQHandler
                0x0000000008001ce8                FLASH_IRQHandler
                0x0000000008001ce8                SPI2_I2S2EXT_IRQHandler
                0x0000000008001ce8                I2C2_ERR_IRQHandler
                0x0000000008001ce8                USBFSWakeUp_IRQHandler
                0x0000000008001ce8                USART1_IRQHandler
                0x0000000008001ce8                TMR1_CH_IRQHandler
                0x0000000008001ce8                CRM_IRQHandler
                0x0000000008001ce8                EXINT15_10_IRQHandler
                0x0000000008001ce8                WWDT_IRQHandler
                0x0000000008001ce8                DMA2_Channel3_IRQHandler
 *fill*         0x0000000008001cea        0x2 
 .text.__libc_init_array
                0x0000000008001cec       0x50 /home/y/github/EmbeddedSoftwareMCU/Tools/gcc-arm-none-eabi-unix/bin/../lib/gcc/arm-none-eabi/6.2.1/../../../../arm-none-eabi/lib/thumb/v7e-m/libc.a(lib_a-init.o)
                0x0000000008001cec                __libc_init_array
 .text.memset   0x0000000008001d3c       0x9c /home/y/github/EmbeddedSoftwareMCU/Tools/gcc-arm-none-eabi-unix/bin/../lib/gcc/arm-none-eabi/6.2.1/../../../../arm-none-eabi/lib/thumb/v7e-m/libc.a(lib_a-memset.o)
                0x0000000008001d3c                memset
 .text._vsnprintf_r
                0x0000000008001dd8       0x74 /home/y/github/EmbeddedSoftwareMCU/Tools/gcc-arm-none-eabi-unix/bin/../lib/gcc/arm-none-eabi/6.2.1/../../../../arm-none-eabi/lib/thumb/v7e-m/libc.a(lib_a-vsnprintf.o)
                0x0000000008001dd8                _vsnprintf_r
 .text.vsnprintf
                0x0000000008001e4c       0x20 /home/y/github/EmbeddedSoftwareMCU/Tools/gcc-arm-none-eabi-unix/bin/../lib/gcc/arm-none-eabi/6.2.1/../../../../arm-none-eabi/lib/thumb/v7e-m/libc.a(lib_a-vsnprintf.o)
                0x0000000008001e4c                vsnprintf
 .text.startup.register_fini
                0x0000000008001e6c       0x14 /home/y/github/EmbeddedSoftwareMCU/Tools/gcc-arm-none-eabi-unix/bin/../lib/gcc/arm-none-eabi/6.2.1/../../../../arm-none-eabi/lib/thumb/v7e-m/libc.a(lib_a-__call_atexit.o)
 .text.atexit   0x0000000008001e80        0xc /home/y/github/EmbeddedSoftwareMCU/Tools/gcc-arm-none-eabi-unix/bin/../lib/gcc/arm-none-eabi/6.2.1/../../../../arm-none-eabi/lib/thumb/v7e-m/libc.a(lib_a-atexit.o)
                0x0000000008001e80                atexit
 .text.__libc_fini_array
                0x0000000008001e8c       0x34 /home/y/github/EmbeddedSoftwareMCU/Tools/gcc-arm-none-eabi-unix/bin/../lib/gcc/arm-none-eabi/6.2.1/../../../../arm-none-eabi/lib/thumb/v7e-m/libc.a(lib_a-fini.o)
                0x0000000008001e8c                __libc_fini_array
 .text._svfprintf_r
                0x0000000008001ec0     0x144c /home/y/github/EmbeddedSoftwareMCU/Tools/gcc-arm-none-eabi-unix/bin/../lib/gcc/arm-none-eabi/6.2.1/../../../../arm-none-eabi/lib/thumb/v7e-m/libc.a(lib_a-svfprintf.o)
                0x0000000008001ec0                _svfprintf_r
 .text.__register_exitproc
                0x000000000800330c       0xa4 /home/y/github/EmbeddedSoftwareMCU/Tools/gcc-arm-none-eabi-unix/bin/../lib/gcc/arm-none-eabi/6.2.1/../../../../arm-none-eabi/lib/thumb/v7e-m/libc.a(lib_a-__atexit.o)
                0x000000000800330c                __register_exitproc
 .text.quorem   0x00000000080033b0      0x128 /home/y/github/EmbeddedSoftwareMCU/Tools/gcc-arm-none-eabi-unix/bin/../lib/gcc/arm-none-eabi/6.2.1/../../../../arm-none-eabi/lib/thumb/v7e-m/libc.a(lib_a-dtoa.o)
 .text._dtoa_r  0x00000000080034d8      0xe54 /home/y/github/EmbeddedSoftwareMCU/Tools/gcc-arm-none-eabi-unix/bin/../lib/gcc/arm-none-eabi/6.2.1/../../../../arm-none-eabi/lib/thumb/v7e-m/libc.a(lib_a-dtoa.o)
                0x00000000080034d8                _dtoa_r
 .text._localeconv_r
                0x000000000800432c       0x1c /home/y/github/EmbeddedSoftwareMCU/Tools/gcc-arm-none-eabi-unix/bin/../lib/gcc/arm-none-eabi/6.2.1/../../../../arm-none-eabi/lib/thumb/v7e-m/libc.a(lib_a-localeconv.o)
                0x000000000800432c                _localeconv_r
 .text._malloc_r
                0x0000000008004348      0x560 /home/y/github/EmbeddedSoftwareMCU/Tools/gcc-arm-none-eabi-unix/bin/../lib/gcc/arm-none-eabi/6.2.1/../../../../arm-none-eabi/lib/thumb/v7e-m/libc.a(lib_a-mallocr.o)
                0x0000000008004348                _malloc_r
 .text.__malloc_lock
                0x00000000080048a8        0x4 /home/y/github/EmbeddedSoftwareMCU/Tools/gcc-arm-none-eabi-unix/bin/../lib/gcc/arm-none-eabi/6.2.1/../../../../arm-none-eabi/lib/thumb/v7e-m/libc.a(lib_a-mlock.o)
                0x00000000080048a8                __malloc_lock
 .text.__malloc_unlock
                0x00000000080048ac        0x4 /home/y/github/EmbeddedSoftwareMCU/Tools/gcc-arm-none-eabi-unix/bin/../lib/gcc/arm-none-eabi/6.2.1/../../../../arm-none-eabi/lib/thumb/v7e-m/libc.a(lib_a-mlock.o)
                0x00000000080048ac                __malloc_unlock
 .text._Balloc  0x00000000080048b0       0x4c /home/y/github/EmbeddedSoftwareMCU/Tools/gcc-arm-none-eabi-unix/bin/../lib/gcc/arm-none-eabi/6.2.1/../../../../arm-none-eabi/lib/thumb/v7e-m/libc.a(lib_a-mprec.o)
                0x00000000080048b0                _Balloc
 .text._Bfree   0x00000000080048fc       0x14 /home/y/github/EmbeddedSoftwareMCU/Tools/gcc-arm-none-eabi-unix/bin/../lib/gcc/arm-none-eabi/6.2.1/../../../../arm-none-eabi/lib/thumb/v7e-m/libc.a(lib_a-mprec.o)
                0x00000000080048fc                _Bfree
 .text.__multadd
                0x0000000008004910       0x80 /home/y/github/EmbeddedSoftwareMCU/Tools/gcc-arm-none-eabi-unix/bin/../lib/gcc/arm-none-eabi/6.2.1/../../../../arm-none-eabi/lib/thumb/v7e-m/libc.a(lib_a-mprec.o)
                0x0000000008004910                __multadd
 .text.__hi0bits
                0x0000000008004990       0x40 /home/y/github/EmbeddedSoftwareMCU/Tools/gcc-arm-none-eabi-unix/bin/../lib/gcc/arm-none-eabi/6.2.1/../../../../arm-none-eabi/lib/thumb/v7e-m/libc.a(lib_a-mprec.o)
                0x0000000008004990                __hi0bits
 .text.__lo0bits
                0x00000000080049d0       0x60 /home/y/github/EmbeddedSoftwareMCU/Tools/gcc-arm-none-eabi-unix/bin/../lib/gcc/arm-none-eabi/6.2.1/../../../../arm-none-eabi/lib/thumb/v7e-m/libc.a(lib_a-mprec.o)
                0x00000000080049d0                __lo0bits
 .text.__i2b    0x0000000008004a30       0x14 /home/y/github/EmbeddedSoftwareMCU/Tools/gcc-arm-none-eabi-unix/bin/../lib/gcc/arm-none-eabi/6.2.1/../../../../arm-none-eabi/lib/thumb/v7e-m/libc.a(lib_a-mprec.o)
                0x0000000008004a30                __i2b
 .text.__multiply
                0x0000000008004a44      0x124 /home/y/github/EmbeddedSoftwareMCU/Tools/gcc-arm-none-eabi-unix/bin/../lib/gcc/arm-none-eabi/6.2.1/../../../../arm-none-eabi/lib/thumb/v7e-m/libc.a(lib_a-mprec.o)
                0x0000000008004a44                __multiply
 .text.__pow5mult
                0x0000000008004b68       0xa0 /home/y/github/EmbeddedSoftwareMCU/Tools/gcc-arm-none-eabi-unix/bin/../lib/gcc/arm-none-eabi/6.2.1/../../../../arm-none-eabi/lib/thumb/v7e-m/libc.a(lib_a-mprec.o)
                0x0000000008004b68                __pow5mult
 .text.__lshift
                0x0000000008004c08       0xa4 /home/y/github/EmbeddedSoftwareMCU/Tools/gcc-arm-none-eabi-unix/bin/../lib/gcc/arm-none-eabi/6.2.1/../../../../arm-none-eabi/lib/thumb/v7e-m/libc.a(lib_a-mprec.o)
                0x0000000008004c08                __lshift
 .text.__mcmp   0x0000000008004cac       0x38 /home/y/github/EmbeddedSoftwareMCU/Tools/gcc-arm-none-eabi-unix/bin/../lib/gcc/arm-none-eabi/6.2.1/../../../../arm-none-eabi/lib/thumb/v7e-m/libc.a(lib_a-mprec.o)
                0x0000000008004cac                __mcmp
 .text.__mdiff  0x0000000008004ce4      0x108 /home/y/github/EmbeddedSoftwareMCU/Tools/gcc-arm-none-eabi-unix/bin/../lib/gcc/arm-none-eabi/6.2.1/../../../../arm-none-eabi/lib/thumb/v7e-m/libc.a(lib_a-mprec.o)
                0x0000000008004ce4                __mdiff
 .text.__d2b    0x0000000008004dec       0xb8 /home/y/github/EmbeddedSoftwareMCU/Tools/gcc-arm-none-eabi-unix/bin/../lib/gcc/arm-none-eabi/6.2.1/../../../../arm-none-eabi/lib/thumb/v7e-m/libc.a(lib_a-mprec.o)
                0x0000000008004dec                __d2b
 .text._sbrk_r  0x0000000008004ea4       0x24 /home/y/github/EmbeddedSoftwareMCU/Tools/gcc-arm-none-eabi-unix/bin/../lib/gcc/arm-none-eabi/6.2.1/../../../../arm-none-eabi/lib/thumb/v7e-m/libc.a(lib_a-sbrkr.o)
                0x0000000008004ea4                _sbrk_r
 .text.__ssprint_r
                0x0000000008004ec8       0xfc /home/y/github/EmbeddedSoftwareMCU/Tools/gcc-arm-none-eabi-unix/bin/../lib/gcc/arm-none-eabi/6.2.1/../../../../arm-none-eabi/lib/thumb/v7e-m/libc.a(lib_a-svfiprintf.o)
                0x0000000008004ec8                __ssprint_r
 .text._calloc_r
                0x0000000008004fc4       0x60 /home/y/github/EmbeddedSoftwareMCU/Tools/gcc-arm-none-eabi-unix/bin/../lib/gcc/arm-none-eabi/6.2.1/../../../../arm-none-eabi/lib/thumb/v7e-m/libc.a(lib_a-callocr.o)
                0x0000000008004fc4                _calloc_r
 .text._malloc_trim_r
                0x0000000008005024       0xa0 /home/y/github/EmbeddedSoftwareMCU/Tools/gcc-arm-none-eabi-unix/bin/../lib/gcc/arm-none-eabi/6.2.1/../../../../arm-none-eabi/lib/thumb/v7e-m/libc.a(lib_a-freer.o)
                0x0000000008005024                _malloc_trim_r
 .text._free_r  0x00000000080050c4      0x1cc /home/y/github/EmbeddedSoftwareMCU/Tools/gcc-arm-none-eabi-unix/bin/../lib/gcc/arm-none-eabi/6.2.1/../../../../arm-none-eabi/lib/thumb/v7e-m/libc.a(lib_a-freer.o)
                0x00000000080050c4                _free_r
 .text.__ascii_mbtowc
                0x0000000008005290       0x2c /home/y/github/EmbeddedSoftwareMCU/Tools/gcc-arm-none-eabi-unix/bin/../lib/gcc/arm-none-eabi/6.2.1/../../../../arm-none-eabi/lib/thumb/v7e-m/libc.a(lib_a-mbtowc_r.o)
                0x0000000008005290                __ascii_mbtowc
 .text.memmove  0x00000000080052bc       0xc8 /home/y/github/EmbeddedSoftwareMCU/Tools/gcc-arm-none-eabi-unix/bin/../lib/gcc/arm-none-eabi/6.2.1/../../../../arm-none-eabi/lib/thumb/v7e-m/libc.a(lib_a-memmove.o)
                0x00000000080052bc                memmove
 .text._realloc_r
                0x0000000008005384      0x34c /home/y/github/EmbeddedSoftwareMCU/Tools/gcc-arm-none-eabi-unix/bin/../lib/gcc/arm-none-eabi/6.2.1/../../../../arm-none-eabi/lib/thumb/v7e-m/libc.a(lib_a-reallocr.o)
                0x0000000008005384                _realloc_r
 .text.__ascii_wctomb
                0x00000000080056d0       0x1c /home/y/github/EmbeddedSoftwareMCU/Tools/gcc-arm-none-eabi-unix/bin/../lib/gcc/arm-none-eabi/6.2.1/../../../../arm-none-eabi/lib/thumb/v7e-m/libc.a(lib_a-wctomb_r.o)
                0x00000000080056d0                __ascii_wctomb
 .text._sbrk    0x00000000080056ec       0x1c /home/y/github/EmbeddedSoftwareMCU/Tools/gcc-arm-none-eabi-unix/bin/../lib/gcc/arm-none-eabi/6.2.1/../../../../arm-none-eabi/lib/thumb/v7e-m/libnosys.a(sbrk.o)
                0x00000000080056ec                _sbrk
 *(.glue_7)
 .glue_7        0x0000000008005708        0x0 linker stubs
 *(.glue_7t)
 .glue_7t       0x0000000008005708        0x0 linker stubs
 *(.eh_frame)
 .eh_frame      0x0000000008005708        0x0 /home/y/github/EmbeddedSoftwareMCU/Tools/gcc-arm-none-eabi-unix/bin/../lib/gcc/arm-none-eabi/6.2.1/thumb/v7e-m/crtbegin.o
 *(.init)
 .init          0x0000000008005708        0x4 /home/y/github/EmbeddedSoftwareMCU/Tools/gcc-arm-none-eabi-unix/bin/../lib/gcc/arm-none-eabi/6.2.1/thumb/v7e-m/crti.o
                0x0000000008005708                _init
 .init          0x000000000800570c        0x8 /home/y/github/EmbeddedSoftwareMCU/Tools/gcc-arm-none-eabi-unix/bin/../lib/gcc/arm-none-eabi/6.2.1/thumb/v7e-m/crtn.o
 *(.fini)
 .fini          0x0000000008005714        0x4 /home/y/github/EmbeddedSoftwareMCU/Tools/gcc-arm-none-eabi-unix/bin/../lib/gcc/arm-none-eabi/6.2.1/thumb/v7e-m/crti.o
                0x0000000008005714                _fini
 .fini          0x0000000008005718        0x8 /home/y/github/EmbeddedSoftwareMCU/Tools/gcc-arm-none-eabi-unix/bin/../lib/gcc/arm-none-eabi/6.2.1/thumb/v7e-m/crtn.o
                0x0000000008005720                . = ALIGN (0x4)
                0x0000000008005720                _etext = .

.vfp11_veneer   0x0000000008005720        0x0
 .vfp11_veneer  0x0000000008005720        0x0 linker stubs

.v4_bx          0x0000000008005720        0x0
 .v4_bx         0x0000000008005720        0x0 linker stubs

.iplt           0x0000000008005720        0x0
 .iplt          0x0000000008005720        0x0 /home/y/github/EmbeddedSoftwareMCU/Tools/gcc-arm-none-eabi-unix/bin/../lib/gcc/arm-none-eabi/6.2.1/thumb/v7e-m/crtbegin.o

.rodata         0x0000000008005720      0x2d0
                0x0000000008005720                . = ALIGN (0x4)
 *(.rodata)
 *(.rodata*)
 .rodata.adc_div_table.12798
                0x0000000008005720        0x8 build/at32f403a_407_crm.o
 .rodata.ahb_apb1_div_table.12796
                0x0000000008005728        0x8 build/at32f403a_407_crm.o
 .rodata.ahb_apb2_div_table.12797
                0x0000000008005730        0x8 build/at32f403a_407_crm.o
 .rodata.sclk_ahb_div_table.12795
                0x0000000008005738       0x10 build/at32f403a_407_crm.o
 .rodata.sys_ahb_div_table.12693
                0x0000000008005748       0x10 build/system_at32f403a_407.o
 .rodata.main.str1.4
                0x0000000008005758        0xc build/main.o
 .rodata._global_impure_ptr
                0x0000000008005764        0x4 /home/y/github/EmbeddedSoftwareMCU/Tools/gcc-arm-none-eabi-unix/bin/../lib/gcc/arm-none-eabi/6.2.1/../../../../arm-none-eabi/lib/thumb/v7e-m/libc.a(lib_a-impure.o)
                0x0000000008005764                _global_impure_ptr
 .rodata._svfprintf_r.str1.4
                0x0000000008005768       0x42 /home/y/github/EmbeddedSoftwareMCU/Tools/gcc-arm-none-eabi-unix/bin/../lib/gcc/arm-none-eabi/6.2.1/../../../../arm-none-eabi/lib/thumb/v7e-m/libc.a(lib_a-svfprintf.o)
 *fill*         0x00000000080057aa        0x2 
 .rodata.blanks.7208
                0x00000000080057ac       0x10 /home/y/github/EmbeddedSoftwareMCU/Tools/gcc-arm-none-eabi-unix/bin/../lib/gcc/arm-none-eabi/6.2.1/../../../../arm-none-eabi/lib/thumb/v7e-m/libc.a(lib_a-svfprintf.o)
 .rodata.zeroes.7209
                0x00000000080057bc       0x10 /home/y/github/EmbeddedSoftwareMCU/Tools/gcc-arm-none-eabi-unix/bin/../lib/gcc/arm-none-eabi/6.2.1/../../../../arm-none-eabi/lib/thumb/v7e-m/libc.a(lib_a-svfprintf.o)
 .rodata._dtoa_r.str1.4
                0x00000000080057cc       0x10 /home/y/github/EmbeddedSoftwareMCU/Tools/gcc-arm-none-eabi-unix/bin/../lib/gcc/arm-none-eabi/6.2.1/../../../../arm-none-eabi/lib/thumb/v7e-m/libc.a(lib_a-dtoa.o)
                                         0x12 (size before relaxing)
 *fill*         0x00000000080057dc        0x4 
 .rodata.__mprec_bigtens
                0x00000000080057e0       0x28 /home/y/github/EmbeddedSoftwareMCU/Tools/gcc-arm-none-eabi-unix/bin/../lib/gcc/arm-none-eabi/6.2.1/../../../../arm-none-eabi/lib/thumb/v7e-m/libc.a(lib_a-mprec.o)
                0x00000000080057e0                __mprec_bigtens
 .rodata.__mprec_tens
                0x0000000008005808       0xc8 /home/y/github/EmbeddedSoftwareMCU/Tools/gcc-arm-none-eabi-unix/bin/../lib/gcc/arm-none-eabi/6.2.1/../../../../arm-none-eabi/lib/thumb/v7e-m/libc.a(lib_a-mprec.o)
                0x0000000008005808                __mprec_tens
 .rodata.p05.6040
                0x00000000080058d0        0xc /home/y/github/EmbeddedSoftwareMCU/Tools/gcc-arm-none-eabi-unix/bin/../lib/gcc/arm-none-eabi/6.2.1/../../../../arm-none-eabi/lib/thumb/v7e-m/libc.a(lib_a-mprec.o)
 .rodata._setlocale_r.str1.4
                0x00000000080058dc        0xa /home/y/github/EmbeddedSoftwareMCU/Tools/gcc-arm-none-eabi-unix/bin/../lib/gcc/arm-none-eabi/6.2.1/../../../../arm-none-eabi/lib/thumb/v7e-m/libc.a(lib_a-locale.o)
                                          0xd (size before relaxing)
 *fill*         0x00000000080058e6        0x2 
 .rodata.str1.4
                0x00000000080058e8        0x4 /home/y/github/EmbeddedSoftwareMCU/Tools/gcc-arm-none-eabi-unix/bin/../lib/gcc/arm-none-eabi/6.2.1/../../../../arm-none-eabi/lib/thumb/v7e-m/libc.a(lib_a-locale.o)
                                          0x2 (size before relaxing)
 .rodata._ctype_
                0x00000000080058ec      0x101 /home/y/github/EmbeddedSoftwareMCU/Tools/gcc-arm-none-eabi-unix/bin/../lib/gcc/arm-none-eabi/6.2.1/../../../../arm-none-eabi/lib/thumb/v7e-m/libc.a(lib_a-ctype_.o)
                0x00000000080058ec                _ctype_
                0x00000000080059f0                . = ALIGN (0x4)
 *fill*         0x00000000080059ed        0x3 

.ARM.extab
 *(.ARM.extab* .gnu.linkonce.armextab.*)

.ARM            0x00000000080059f0        0x8
                0x00000000080059f0                __exidx_start = .
 *(.ARM.exidx*)
 .ARM.exidx     0x00000000080059f0        0x8 /home/y/github/EmbeddedSoftwareMCU/Tools/gcc-arm-none-eabi-unix/bin/../lib/gcc/arm-none-eabi/6.2.1/thumb/v7e-m/libgcc.a(_udivmoddi4.o)
                0x00000000080059f8                __exidx_end = .

.rel.dyn        0x00000000080059f8        0x0
 .rel.iplt      0x00000000080059f8        0x0 /home/y/github/EmbeddedSoftwareMCU/Tools/gcc-arm-none-eabi-unix/bin/../lib/gcc/arm-none-eabi/6.2.1/thumb/v7e-m/crtbegin.o

.preinit_array  0x00000000080059f8        0x0
                0x00000000080059f8                PROVIDE (__preinit_array_start, .)
 *(.preinit_array*)
                0x00000000080059f8                PROVIDE (__preinit_array_end, .)

.init_array     0x00000000080059f8        0x8
                0x00000000080059f8                PROVIDE (__init_array_start, .)
 *(SORT(.init_array.*))
 .init_array.00000
                0x00000000080059f8        0x4 /home/y/github/EmbeddedSoftwareMCU/Tools/gcc-arm-none-eabi-unix/bin/../lib/gcc/arm-none-eabi/6.2.1/../../../../arm-none-eabi/lib/thumb/v7e-m/libc.a(lib_a-__call_atexit.o)
 *(.init_array*)
 .init_array    0x00000000080059fc        0x4 /home/y/github/EmbeddedSoftwareMCU/Tools/gcc-arm-none-eabi-unix/bin/../lib/gcc/arm-none-eabi/6.2.1/thumb/v7e-m/crtbegin.o
                0x0000000008005a00                PROVIDE (__init_array_end, .)

.fini_array     0x0000000008005a00        0x4
                0x0000000008005a00                PROVIDE (__fini_array_start, .)
 *(SORT(.fini_array.*))
 *(.fini_array*)
 .fini_array    0x0000000008005a00        0x4 /home/y/github/EmbeddedSoftwareMCU/Tools/gcc-arm-none-eabi-unix/bin/../lib/gcc/arm-none-eabi/6.2.1/thumb/v7e-m/crtbegin.o
                0x0000000008005a04                PROVIDE (__fini_array_end, .)
                0x0000000008005a04                _sidata = LOADADDR (.data)

.data           0x0000000020000000      0x9b4 load address 0x0000000008005a04
                0x0000000020000000                . = ALIGN (0x4)
                0x0000000020000000                _sdata = .
 *(.data)
 *(.data*)
 .data.system_core_clock
                0x0000000020000000        0x4 build/system_at32f403a_407.o
                0x0000000020000000                system_core_clock
 .data.ccr1_val
                0x0000000020000004        0x2 build/main.o
                0x0000000020000004                ccr1_val
 *fill*         0x0000000020000006        0x2 
 .data._impure_ptr
                0x0000000020000008        0x4 /home/y/github/EmbeddedSoftwareMCU/Tools/gcc-arm-none-eabi-unix/bin/../lib/gcc/arm-none-eabi/6.2.1/../../../../arm-none-eabi/lib/thumb/v7e-m/libc.a(lib_a-impure.o)
                0x0000000020000008                _impure_ptr
 *fill*         0x000000002000000c        0x4 
 .data.impure_data
                0x0000000020000010      0x428 /home/y/github/EmbeddedSoftwareMCU/Tools/gcc-arm-none-eabi-unix/bin/../lib/gcc/arm-none-eabi/6.2.1/../../../../arm-none-eabi/lib/thumb/v7e-m/libc.a(lib_a-impure.o)
 .data.__malloc_av_
                0x0000000020000438      0x408 /home/y/github/EmbeddedSoftwareMCU/Tools/gcc-arm-none-eabi-unix/bin/../lib/gcc/arm-none-eabi/6.2.1/../../../../arm-none-eabi/lib/thumb/v7e-m/libc.a(lib_a-mallocr.o)
                0x0000000020000438                __malloc_av_
 .data.__malloc_sbrk_base
                0x0000000020000840        0x4 /home/y/github/EmbeddedSoftwareMCU/Tools/gcc-arm-none-eabi-unix/bin/../lib/gcc/arm-none-eabi/6.2.1/../../../../arm-none-eabi/lib/thumb/v7e-m/libc.a(lib_a-mallocr.o)
                0x0000000020000840                __malloc_sbrk_base
 .data.__malloc_trim_threshold
                0x0000000020000844        0x4 /home/y/github/EmbeddedSoftwareMCU/Tools/gcc-arm-none-eabi-unix/bin/../lib/gcc/arm-none-eabi/6.2.1/../../../../arm-none-eabi/lib/thumb/v7e-m/libc.a(lib_a-mallocr.o)
                0x0000000020000844                __malloc_trim_threshold
 .data.__global_locale
                0x0000000020000848      0x16c /home/y/github/EmbeddedSoftwareMCU/Tools/gcc-arm-none-eabi-unix/bin/../lib/gcc/arm-none-eabi/6.2.1/../../../../arm-none-eabi/lib/thumb/v7e-m/libc.a(lib_a-locale.o)
                0x0000000020000848                __global_locale
                0x00000000200009b4                . = ALIGN (0x4)
                0x00000000200009b4                _edata = .

.jcr            0x00000000200009b4        0x0 load address 0x00000000080063b8
 .jcr           0x00000000200009b4        0x0 /home/y/github/EmbeddedSoftwareMCU/Tools/gcc-arm-none-eabi-unix/bin/../lib/gcc/arm-none-eabi/6.2.1/thumb/v7e-m/crtbegin.o

.igot.plt       0x00000000200009b4        0x0 load address 0x00000000080063b8
 .igot.plt      0x00000000200009b4        0x0 /home/y/github/EmbeddedSoftwareMCU/Tools/gcc-arm-none-eabi-unix/bin/../lib/gcc/arm-none-eabi/6.2.1/thumb/v7e-m/crtbegin.o
                0x00000000200009b4                . = ALIGN (0x4)

.bss            0x00000000200009b4      0x168 load address 0x00000000080063b8
                0x00000000200009b4                _sbss = .
                0x00000000200009b4                __bss_start__ = _sbss
 *(.bss)
 .bss           0x00000000200009b4       0x1c /home/y/github/EmbeddedSoftwareMCU/Tools/gcc-arm-none-eabi-unix/bin/../lib/gcc/arm-none-eabi/6.2.1/thumb/v7e-m/crtbegin.o
 *(.bss*)
 .bss.fac_ms    0x00000000200009d0        0x4 build/at32f403a_407_board.o
 .bss.fac_us    0x00000000200009d4        0x4 build/at32f403a_407_board.o
 .bss.log_buf.13647
                0x00000000200009d8      0x100 build/common.o
 .bss.__malloc_current_mallinfo
                0x0000000020000ad8       0x28 /home/y/github/EmbeddedSoftwareMCU/Tools/gcc-arm-none-eabi-unix/bin/../lib/gcc/arm-none-eabi/6.2.1/../../../../arm-none-eabi/lib/thumb/v7e-m/libc.a(lib_a-mallocr.o)
                0x0000000020000ad8                __malloc_current_mallinfo
 .bss.__malloc_max_sbrked_mem
                0x0000000020000b00        0x4 /home/y/github/EmbeddedSoftwareMCU/Tools/gcc-arm-none-eabi-unix/bin/../lib/gcc/arm-none-eabi/6.2.1/../../../../arm-none-eabi/lib/thumb/v7e-m/libc.a(lib_a-mallocr.o)
                0x0000000020000b00                __malloc_max_sbrked_mem
 .bss.__malloc_max_total_mem
                0x0000000020000b04        0x4 /home/y/github/EmbeddedSoftwareMCU/Tools/gcc-arm-none-eabi-unix/bin/../lib/gcc/arm-none-eabi/6.2.1/../../../../arm-none-eabi/lib/thumb/v7e-m/libc.a(lib_a-mallocr.o)
                0x0000000020000b04                __malloc_max_total_mem
 .bss.__malloc_top_pad
                0x0000000020000b08        0x4 /home/y/github/EmbeddedSoftwareMCU/Tools/gcc-arm-none-eabi-unix/bin/../lib/gcc/arm-none-eabi/6.2.1/../../../../arm-none-eabi/lib/thumb/v7e-m/libc.a(lib_a-mallocr.o)
                0x0000000020000b08                __malloc_top_pad
 .bss.heap_end.4116
                0x0000000020000b0c        0x4 /home/y/github/EmbeddedSoftwareMCU/Tools/gcc-arm-none-eabi-unix/bin/../lib/gcc/arm-none-eabi/6.2.1/../../../../arm-none-eabi/lib/thumb/v7e-m/libnosys.a(sbrk.o)
 *(COMMON)
 COMMON         0x0000000020000b10        0x7 build/main.o
                0x0000000020000b10                tmr_oc_init_structure
 *fill*         0x0000000020000b17        0x1 
 COMMON         0x0000000020000b18        0x4 /home/y/github/EmbeddedSoftwareMCU/Tools/gcc-arm-none-eabi-unix/bin/../lib/gcc/arm-none-eabi/6.2.1/../../../../arm-none-eabi/lib/thumb/v7e-m/libc.a(lib_a-reent.o)
                0x0000000020000b18                errno
                0x0000000020000b1c                . = ALIGN (0x4)
                0x0000000020000b1c                _ebss = .
                0x0000000020000b1c                __bss_end__ = _ebss

._user_heap_stack
                0x0000000020000b1c      0x604 load address 0x00000000080063b8
                0x0000000020000b20                . = ALIGN (0x8)
 *fill*         0x0000000020000b1c        0x4 
                0x0000000020000b20                PROVIDE (end, .)
                [!provide]                        PROVIDE (_end, .)
                0x0000000020000d20                . = (. + _Min_Heap_Size)
 *fill*         0x0000000020000b20      0x200 
                0x0000000020001120                . = (. + _Min_Stack_Size)
 *fill*         0x0000000020000d20      0x400 
                0x0000000020001120                . = ALIGN (0x8)

/DISCARD/
 libc.a(*)
 libm.a(*)
 libgcc.a(*)

.ARM.attributes
                0x0000000000000000       0x2a
 *(.ARM.attributes)
 .ARM.attributes
                0x0000000000000000       0x1e /home/y/github/EmbeddedSoftwareMCU/Tools/gcc-arm-none-eabi-unix/bin/../lib/gcc/arm-none-eabi/6.2.1/thumb/v7e-m/crti.o
 .ARM.attributes
                0x000000000000001e       0x2e /home/y/github/EmbeddedSoftwareMCU/Tools/gcc-arm-none-eabi-unix/bin/../lib/gcc/arm-none-eabi/6.2.1/thumb/v7e-m/crtbegin.o
 .ARM.attributes
                0x000000000000004c       0x33 build/at32f403a_407_clock.o
 .ARM.attributes
                0x000000000000007f       0x33 build/at32f403a_407_int.o
 .ARM.attributes
                0x00000000000000b2       0x33 build/at32f403a_407_board.o
 .ARM.attributes
                0x00000000000000e5       0x33 build/at32f403a_407_crm.o
 .ARM.attributes
                0x0000000000000118       0x33 build/system_at32f403a_407.o
 .ARM.attributes
                0x000000000000014b       0x33 build/at32f403a_407_gpio.o
 .ARM.attributes
                0x000000000000017e       0x33 build/at32f403a_407_misc.o
 .ARM.attributes
                0x00000000000001b1       0x33 build/at32f403a_407_tmr.o
 .ARM.attributes
                0x00000000000001e4       0x33 build/at32f403a_407_usart.o
 .ARM.attributes
                0x0000000000000217       0x33 build/common.o
 .ARM.attributes
                0x000000000000024a       0x33 build/main.o
 .ARM.attributes
                0x000000000000027d       0x21 build/startup_at32f403a_407.o
 .ARM.attributes
                0x000000000000029e       0x2e /home/y/github/EmbeddedSoftwareMCU/Tools/gcc-arm-none-eabi-unix/bin/../lib/gcc/arm-none-eabi/6.2.1/../../../../arm-none-eabi/lib/thumb/v7e-m/libc.a(lib_a-impure.o)
 .ARM.attributes
                0x00000000000002cc       0x2e /home/y/github/EmbeddedSoftwareMCU/Tools/gcc-arm-none-eabi-unix/bin/../lib/gcc/arm-none-eabi/6.2.1/../../../../arm-none-eabi/lib/thumb/v7e-m/libc.a(lib_a-init.o)
 .ARM.attributes
                0x00000000000002fa       0x2e /home/y/github/EmbeddedSoftwareMCU/Tools/gcc-arm-none-eabi-unix/bin/../lib/gcc/arm-none-eabi/6.2.1/../../../../arm-none-eabi/lib/thumb/v7e-m/libc.a(lib_a-memset.o)
 .ARM.attributes
                0x0000000000000328       0x2e /home/y/github/EmbeddedSoftwareMCU/Tools/gcc-arm-none-eabi-unix/bin/../lib/gcc/arm-none-eabi/6.2.1/../../../../arm-none-eabi/lib/thumb/v7e-m/libc.a(lib_a-vsnprintf.o)
 .ARM.attributes
                0x0000000000000356       0x2e /home/y/github/EmbeddedSoftwareMCU/Tools/gcc-arm-none-eabi-unix/bin/../lib/gcc/arm-none-eabi/6.2.1/../../../../arm-none-eabi/lib/thumb/v7e-m/libc.a(lib_a-__call_atexit.o)
 .ARM.attributes
                0x0000000000000384       0x2e /home/y/github/EmbeddedSoftwareMCU/Tools/gcc-arm-none-eabi-unix/bin/../lib/gcc/arm-none-eabi/6.2.1/../../../../arm-none-eabi/lib/thumb/v7e-m/libc.a(lib_a-atexit.o)
 .ARM.attributes
                0x00000000000003b2       0x2e /home/y/github/EmbeddedSoftwareMCU/Tools/gcc-arm-none-eabi-unix/bin/../lib/gcc/arm-none-eabi/6.2.1/../../../../arm-none-eabi/lib/thumb/v7e-m/libc.a(lib_a-fini.o)
 .ARM.attributes
                0x00000000000003e0       0x2e /home/y/github/EmbeddedSoftwareMCU/Tools/gcc-arm-none-eabi-unix/bin/../lib/gcc/arm-none-eabi/6.2.1/../../../../arm-none-eabi/lib/thumb/v7e-m/libc.a(lib_a-svfprintf.o)
 .ARM.attributes
                0x000000000000040e       0x2e /home/y/github/EmbeddedSoftwareMCU/Tools/gcc-arm-none-eabi-unix/bin/../lib/gcc/arm-none-eabi/6.2.1/../../../../arm-none-eabi/lib/thumb/v7e-m/libc.a(lib_a-__atexit.o)
 .ARM.attributes
                0x000000000000043c       0x2e /home/y/github/EmbeddedSoftwareMCU/Tools/gcc-arm-none-eabi-unix/bin/../lib/gcc/arm-none-eabi/6.2.1/../../../../arm-none-eabi/lib/thumb/v7e-m/libc.a(lib_a-dtoa.o)
 .ARM.attributes
                0x000000000000046a       0x2e /home/y/github/EmbeddedSoftwareMCU/Tools/gcc-arm-none-eabi-unix/bin/../lib/gcc/arm-none-eabi/6.2.1/../../../../arm-none-eabi/lib/thumb/v7e-m/libc.a(lib_a-localeconv.o)
 .ARM.attributes
                0x0000000000000498       0x2e /home/y/github/EmbeddedSoftwareMCU/Tools/gcc-arm-none-eabi-unix/bin/../lib/gcc/arm-none-eabi/6.2.1/../../../../arm-none-eabi/lib/thumb/v7e-m/libc.a(lib_a-mallocr.o)
 .ARM.attributes
                0x00000000000004c6       0x1c /home/y/github/EmbeddedSoftwareMCU/Tools/gcc-arm-none-eabi-unix/bin/../lib/gcc/arm-none-eabi/6.2.1/../../../../arm-none-eabi/lib/thumb/v7e-m/libc.a(lib_a-memchr.o)
 .ARM.attributes
                0x00000000000004e2       0x1c /home/y/github/EmbeddedSoftwareMCU/Tools/gcc-arm-none-eabi-unix/bin/../lib/gcc/arm-none-eabi/6.2.1/../../../../arm-none-eabi/lib/thumb/v7e-m/libc.a(lib_a-memcpy.o)
 .ARM.attributes
                0x00000000000004fe       0x2e /home/y/github/EmbeddedSoftwareMCU/Tools/gcc-arm-none-eabi-unix/bin/../lib/gcc/arm-none-eabi/6.2.1/../../../../arm-none-eabi/lib/thumb/v7e-m/libc.a(lib_a-mlock.o)
 .ARM.attributes
                0x000000000000052c       0x2e /home/y/github/EmbeddedSoftwareMCU/Tools/gcc-arm-none-eabi-unix/bin/../lib/gcc/arm-none-eabi/6.2.1/../../../../arm-none-eabi/lib/thumb/v7e-m/libc.a(lib_a-mprec.o)
 .ARM.attributes
                0x000000000000055a       0x2e /home/y/github/EmbeddedSoftwareMCU/Tools/gcc-arm-none-eabi-unix/bin/../lib/gcc/arm-none-eabi/6.2.1/../../../../arm-none-eabi/lib/thumb/v7e-m/libc.a(lib_a-sbrkr.o)
 .ARM.attributes
                0x0000000000000588       0x1c /home/y/github/EmbeddedSoftwareMCU/Tools/gcc-arm-none-eabi-unix/bin/../lib/gcc/arm-none-eabi/6.2.1/../../../../arm-none-eabi/lib/thumb/v7e-m/libc.a(lib_a-strlen.o)
 .ARM.attributes
                0x00000000000005a4       0x2e /home/y/github/EmbeddedSoftwareMCU/Tools/gcc-arm-none-eabi-unix/bin/../lib/gcc/arm-none-eabi/6.2.1/../../../../arm-none-eabi/lib/thumb/v7e-m/libc.a(lib_a-svfiprintf.o)
 .ARM.attributes
                0x00000000000005d2       0x2e /home/y/github/EmbeddedSoftwareMCU/Tools/gcc-arm-none-eabi-unix/bin/../lib/gcc/arm-none-eabi/6.2.1/../../../../arm-none-eabi/lib/thumb/v7e-m/libc.a(lib_a-callocr.o)
 .ARM.attributes
                0x0000000000000600       0x2e /home/y/github/EmbeddedSoftwareMCU/Tools/gcc-arm-none-eabi-unix/bin/../lib/gcc/arm-none-eabi/6.2.1/../../../../arm-none-eabi/lib/thumb/v7e-m/libc.a(lib_a-freer.o)
 .ARM.attributes
                0x000000000000062e       0x2e /home/y/github/EmbeddedSoftwareMCU/Tools/gcc-arm-none-eabi-unix/bin/../lib/gcc/arm-none-eabi/6.2.1/../../../../arm-none-eabi/lib/thumb/v7e-m/libc.a(lib_a-locale.o)
 .ARM.attributes
                0x000000000000065c       0x2e /home/y/github/EmbeddedSoftwareMCU/Tools/gcc-arm-none-eabi-unix/bin/../lib/gcc/arm-none-eabi/6.2.1/../../../../arm-none-eabi/lib/thumb/v7e-m/libc.a(lib_a-mbtowc_r.o)
 .ARM.attributes
                0x000000000000068a       0x2e /home/y/github/EmbeddedSoftwareMCU/Tools/gcc-arm-none-eabi-unix/bin/../lib/gcc/arm-none-eabi/6.2.1/../../../../arm-none-eabi/lib/thumb/v7e-m/libc.a(lib_a-memmove.o)
 .ARM.attributes
                0x00000000000006b8       0x2e /home/y/github/EmbeddedSoftwareMCU/Tools/gcc-arm-none-eabi-unix/bin/../lib/gcc/arm-none-eabi/6.2.1/../../../../arm-none-eabi/lib/thumb/v7e-m/libc.a(lib_a-reallocr.o)
 .ARM.attributes
                0x00000000000006e6       0x2e /home/y/github/EmbeddedSoftwareMCU/Tools/gcc-arm-none-eabi-unix/bin/../lib/gcc/arm-none-eabi/6.2.1/../../../../arm-none-eabi/lib/thumb/v7e-m/libc.a(lib_a-reent.o)
 .ARM.attributes
                0x0000000000000714       0x2e /home/y/github/EmbeddedSoftwareMCU/Tools/gcc-arm-none-eabi-unix/bin/../lib/gcc/arm-none-eabi/6.2.1/../../../../arm-none-eabi/lib/thumb/v7e-m/libc.a(lib_a-wctomb_r.o)
 .ARM.attributes
                0x0000000000000742       0x2e /home/y/github/EmbeddedSoftwareMCU/Tools/gcc-arm-none-eabi-unix/bin/../lib/gcc/arm-none-eabi/6.2.1/../../../../arm-none-eabi/lib/thumb/v7e-m/libc.a(lib_a-ctype_.o)
 .ARM.attributes
                0x0000000000000770       0x2e /home/y/github/EmbeddedSoftwareMCU/Tools/gcc-arm-none-eabi-unix/bin/../lib/gcc/arm-none-eabi/6.2.1/../../../../arm-none-eabi/lib/thumb/v7e-m/libnosys.a(sbrk.o)
 .ARM.attributes
                0x000000000000079e       0x1e /home/y/github/EmbeddedSoftwareMCU/Tools/gcc-arm-none-eabi-unix/bin/../lib/gcc/arm-none-eabi/6.2.1/thumb/v7e-m/libgcc.a(_arm_addsubdf3.o)
 .ARM.attributes
                0x00000000000007bc       0x1e /home/y/github/EmbeddedSoftwareMCU/Tools/gcc-arm-none-eabi-unix/bin/../lib/gcc/arm-none-eabi/6.2.1/thumb/v7e-m/libgcc.a(_arm_muldivdf3.o)
 .ARM.attributes
                0x00000000000007da       0x1e /home/y/github/EmbeddedSoftwareMCU/Tools/gcc-arm-none-eabi-unix/bin/../lib/gcc/arm-none-eabi/6.2.1/thumb/v7e-m/libgcc.a(_arm_cmpdf2.o)
 .ARM.attributes
                0x00000000000007f8       0x1e /home/y/github/EmbeddedSoftwareMCU/Tools/gcc-arm-none-eabi-unix/bin/../lib/gcc/arm-none-eabi/6.2.1/thumb/v7e-m/libgcc.a(_arm_unorddf2.o)
 .ARM.attributes
                0x0000000000000816       0x1e /home/y/github/EmbeddedSoftwareMCU/Tools/gcc-arm-none-eabi-unix/bin/../lib/gcc/arm-none-eabi/6.2.1/thumb/v7e-m/libgcc.a(_arm_fixdfsi.o)
 .ARM.attributes
                0x0000000000000834       0x1e /home/y/github/EmbeddedSoftwareMCU/Tools/gcc-arm-none-eabi-unix/bin/../lib/gcc/arm-none-eabi/6.2.1/thumb/v7e-m/libgcc.a(_aeabi_uldivmod.o)
 .ARM.attributes
                0x0000000000000852       0x2e /home/y/github/EmbeddedSoftwareMCU/Tools/gcc-arm-none-eabi-unix/bin/../lib/gcc/arm-none-eabi/6.2.1/thumb/v7e-m/libgcc.a(_udivmoddi4.o)
 .ARM.attributes
                0x0000000000000880       0x1e /home/y/github/EmbeddedSoftwareMCU/Tools/gcc-arm-none-eabi-unix/bin/../lib/gcc/arm-none-eabi/6.2.1/thumb/v7e-m/libgcc.a(_dvmd_tls.o)
 .ARM.attributes
                0x000000000000089e       0x1e /home/y/github/EmbeddedSoftwareMCU/Tools/gcc-arm-none-eabi-unix/bin/../lib/gcc/arm-none-eabi/6.2.1/thumb/v7e-m/crtn.o
OUTPUT(build/AT32F403ACGU7-Test.elf elf32-littlearm)

.debug_info     0x0000000000000000    0x11205
 .debug_info    0x0000000000000000      0x5c9 build/at32f403a_407_clock.o
 .debug_info    0x00000000000005c9      0x18e build/at32f403a_407_int.o
 .debug_info    0x0000000000000757     0x25e0 build/at32f403a_407_board.o
 .debug_info    0x0000000000002d37     0x2474 build/at32f403a_407_crm.o
 .debug_info    0x00000000000051ab     0x16ad build/system_at32f403a_407.o
 .debug_info    0x0000000000006858     0x2176 build/at32f403a_407_gpio.o
 .debug_info    0x00000000000089ce      0xaaf build/at32f403a_407_misc.o
 .debug_info    0x000000000000947d     0x29ba build/at32f403a_407_tmr.o
 .debug_info    0x000000000000be37     0x1260 build/at32f403a_407_usart.o
 .debug_info    0x000000000000d097     0x119b build/common.o
 .debug_info    0x000000000000e232     0x2ef9 build/main.o
 .debug_info    0x000000000001112b       0xda build/startup_at32f403a_407.o

.debug_abbrev   0x0000000000000000     0x1859
 .debug_abbrev  0x0000000000000000       0xe5 build/at32f403a_407_clock.o
 .debug_abbrev  0x00000000000000e5       0x7a build/at32f403a_407_int.o
 .debug_abbrev  0x000000000000015f      0x38a build/at32f403a_407_board.o
 .debug_abbrev  0x00000000000004e9      0x279 build/at32f403a_407_crm.o
 .debug_abbrev  0x0000000000000762      0x1a0 build/system_at32f403a_407.o
 .debug_abbrev  0x0000000000000902      0x270 build/at32f403a_407_gpio.o
 .debug_abbrev  0x0000000000000b72      0x240 build/at32f403a_407_misc.o
 .debug_abbrev  0x0000000000000db2      0x242 build/at32f403a_407_tmr.o
 .debug_abbrev  0x0000000000000ff4      0x28a build/at32f403a_407_usart.o
 .debug_abbrev  0x000000000000127e      0x336 build/common.o
 .debug_abbrev  0x00000000000015b4      0x293 build/main.o
 .debug_abbrev  0x0000000000001847       0x12 build/startup_at32f403a_407.o

.debug_loc      0x0000000000000000     0x237e
 .debug_loc     0x0000000000000000       0x20 build/at32f403a_407_clock.o
 .debug_loc     0x0000000000000020      0x2bd build/at32f403a_407_board.o
 .debug_loc     0x00000000000002dd      0x5f0 build/at32f403a_407_crm.o
 .debug_loc     0x00000000000008cd      0x15c build/system_at32f403a_407.o
 .debug_loc     0x0000000000000a29      0x5c0 build/at32f403a_407_gpio.o
 .debug_loc     0x0000000000000fe9      0x2fb build/at32f403a_407_misc.o
 .debug_loc     0x00000000000012e4      0xb0e build/at32f403a_407_tmr.o
 .debug_loc     0x0000000000001df2      0x3d9 build/at32f403a_407_usart.o
 .debug_loc     0x00000000000021cb      0x13b build/common.o
 .debug_loc     0x0000000000002306       0x78 build/main.o

.debug_aranges  0x0000000000000000      0x6a8
 .debug_aranges
                0x0000000000000000       0x20 build/at32f403a_407_clock.o
 .debug_aranges
                0x0000000000000020       0x60 build/at32f403a_407_int.o
 .debug_aranges
                0x0000000000000080       0x88 build/at32f403a_407_board.o
 .debug_aranges
                0x0000000000000108      0x130 build/at32f403a_407_crm.o
 .debug_aranges
                0x0000000000000238       0x28 build/system_at32f403a_407.o
 .debug_aranges
                0x0000000000000260       0xa8 build/at32f403a_407_gpio.o
 .debug_aranges
                0x0000000000000308       0x50 build/at32f403a_407_misc.o
 .debug_aranges
                0x0000000000000358      0x1d0 build/at32f403a_407_tmr.o
 .debug_aranges
                0x0000000000000528      0x100 build/at32f403a_407_usart.o
 .debug_aranges
                0x0000000000000628       0x28 build/common.o
 .debug_aranges
                0x0000000000000650       0x30 build/main.o
 .debug_aranges
                0x0000000000000680       0x28 build/startup_at32f403a_407.o

.debug_ranges   0x0000000000000000      0x638
 .debug_ranges  0x0000000000000000       0x10 build/at32f403a_407_clock.o
 .debug_ranges  0x0000000000000010       0x50 build/at32f403a_407_int.o
 .debug_ranges  0x0000000000000060       0x78 build/at32f403a_407_board.o
 .debug_ranges  0x00000000000000d8      0x120 build/at32f403a_407_crm.o
 .debug_ranges  0x00000000000001f8       0x18 build/system_at32f403a_407.o
 .debug_ranges  0x0000000000000210       0x98 build/at32f403a_407_gpio.o
 .debug_ranges  0x00000000000002a8       0x70 build/at32f403a_407_misc.o
 .debug_ranges  0x0000000000000318      0x1c0 build/at32f403a_407_tmr.o
 .debug_ranges  0x00000000000004d8       0xf0 build/at32f403a_407_usart.o
 .debug_ranges  0x00000000000005c8       0x30 build/common.o
 .debug_ranges  0x00000000000005f8       0x20 build/main.o
 .debug_ranges  0x0000000000000618       0x20 build/startup_at32f403a_407.o

.debug_line     0x0000000000000000     0x2ee5
 .debug_line    0x0000000000000000      0x27d build/at32f403a_407_clock.o
 .debug_line    0x000000000000027d      0x2b5 build/at32f403a_407_int.o
 .debug_line    0x0000000000000532      0x4ce build/at32f403a_407_board.o
 .debug_line    0x0000000000000a00      0x579 build/at32f403a_407_crm.o
 .debug_line    0x0000000000000f79      0x2c4 build/system_at32f403a_407.o
 .debug_line    0x000000000000123d      0x44e build/at32f403a_407_gpio.o
 .debug_line    0x000000000000168b      0x369 build/at32f403a_407_misc.o
 .debug_line    0x00000000000019f4      0x7ac build/at32f403a_407_tmr.o
 .debug_line    0x00000000000021a0      0x4ec build/at32f403a_407_usart.o
 .debug_line    0x000000000000268c      0x3be build/common.o
 .debug_line    0x0000000000002a4a      0x3d1 build/main.o
 .debug_line    0x0000000000002e1b       0xca build/startup_at32f403a_407.o

.debug_str      0x0000000000000000     0x6139
 .debug_str     0x0000000000000000      0x91a build/at32f403a_407_clock.o
                                        0x965 (size before relaxing)
 .debug_str     0x000000000000091a       0xad build/at32f403a_407_int.o
                                        0x270 (size before relaxing)
 .debug_str     0x00000000000009c7     0x131a build/at32f403a_407_board.o
                                       0x155a (size before relaxing)
 .debug_str     0x0000000000001ce1     0x1363 build/at32f403a_407_crm.o
                                       0x218c (size before relaxing)
 .debug_str     0x0000000000003044       0xdd build/system_at32f403a_407.o
                                        0xb66 (size before relaxing)
 .debug_str     0x0000000000003121      0x894 build/at32f403a_407_gpio.o
                                       0x1404 (size before relaxing)
 .debug_str     0x00000000000039b5      0x86f build/at32f403a_407_misc.o
                                        0xb1c (size before relaxing)
 .debug_str     0x0000000000004224     0x1825 build/at32f403a_407_tmr.o
                                       0x2048 (size before relaxing)
 .debug_str     0x0000000000005a49      0x5b7 build/at32f403a_407_usart.o
                                        0xe44 (size before relaxing)
 .debug_str     0x0000000000006000       0xc2 build/common.o
                                        0x83e (size before relaxing)
 .debug_str     0x00000000000060c2       0x77 build/main.o
                                       0x18ad (size before relaxing)

.comment        0x0000000000000000       0x6e
 .comment       0x0000000000000000       0x6e build/at32f403a_407_clock.o
                                         0x6f (size before relaxing)
 .comment       0x000000000000006e       0x6f build/at32f403a_407_int.o
 .comment       0x000000000000006e       0x6f build/at32f403a_407_board.o
 .comment       0x000000000000006e       0x6f build/at32f403a_407_crm.o
 .comment       0x000000000000006e       0x6f build/system_at32f403a_407.o
 .comment       0x000000000000006e       0x6f build/at32f403a_407_gpio.o
 .comment       0x000000000000006e       0x6f build/at32f403a_407_misc.o
 .comment       0x000000000000006e       0x6f build/at32f403a_407_tmr.o
 .comment       0x000000000000006e       0x6f build/at32f403a_407_usart.o
 .comment       0x000000000000006e       0x6f build/common.o
 .comment       0x000000000000006e       0x6f build/main.o

.debug_frame    0x0000000000000000     0x1944
 .debug_frame   0x0000000000000000       0x2c build/at32f403a_407_clock.o
 .debug_frame   0x000000000000002c       0xa0 build/at32f403a_407_int.o
 .debug_frame   0x00000000000000cc      0x170 build/at32f403a_407_board.o
 .debug_frame   0x000000000000023c      0x280 build/at32f403a_407_crm.o
 .debug_frame   0x00000000000004bc       0x3c build/system_at32f403a_407.o
 .debug_frame   0x00000000000004f8      0x184 build/at32f403a_407_gpio.o
 .debug_frame   0x000000000000067c       0x94 build/at32f403a_407_misc.o
 .debug_frame   0x0000000000000710      0x3f8 build/at32f403a_407_tmr.o
 .debug_frame   0x0000000000000b08      0x224 build/at32f403a_407_usart.o
 .debug_frame   0x0000000000000d2c       0x88 build/common.o
 .debug_frame   0x0000000000000db4       0x64 build/main.o
 .debug_frame   0x0000000000000e18       0x2c /home/y/github/EmbeddedSoftwareMCU/Tools/gcc-arm-none-eabi-unix/bin/../lib/gcc/arm-none-eabi/6.2.1/../../../../arm-none-eabi/lib/thumb/v7e-m/libc.a(lib_a-init.o)
 .debug_frame   0x0000000000000e44       0x34 /home/y/github/EmbeddedSoftwareMCU/Tools/gcc-arm-none-eabi-unix/bin/../lib/gcc/arm-none-eabi/6.2.1/../../../../arm-none-eabi/lib/thumb/v7e-m/libc.a(lib_a-memset.o)
 .debug_frame   0x0000000000000e78       0x60 /home/y/github/EmbeddedSoftwareMCU/Tools/gcc-arm-none-eabi-unix/bin/../lib/gcc/arm-none-eabi/6.2.1/../../../../arm-none-eabi/lib/thumb/v7e-m/libc.a(lib_a-vsnprintf.o)
 .debug_frame   0x0000000000000ed8       0x50 /home/y/github/EmbeddedSoftwareMCU/Tools/gcc-arm-none-eabi-unix/bin/../lib/gcc/arm-none-eabi/6.2.1/../../../../arm-none-eabi/lib/thumb/v7e-m/libc.a(lib_a-__call_atexit.o)
 .debug_frame   0x0000000000000f28       0x20 /home/y/github/EmbeddedSoftwareMCU/Tools/gcc-arm-none-eabi-unix/bin/../lib/gcc/arm-none-eabi/6.2.1/../../../../arm-none-eabi/lib/thumb/v7e-m/libc.a(lib_a-atexit.o)
 .debug_frame   0x0000000000000f48       0x34 /home/y/github/EmbeddedSoftwareMCU/Tools/gcc-arm-none-eabi-unix/bin/../lib/gcc/arm-none-eabi/6.2.1/../../../../arm-none-eabi/lib/thumb/v7e-m/libc.a(lib_a-fini.o)
 .debug_frame   0x0000000000000f7c       0x40 /home/y/github/EmbeddedSoftwareMCU/Tools/gcc-arm-none-eabi-unix/bin/../lib/gcc/arm-none-eabi/6.2.1/../../../../arm-none-eabi/lib/thumb/v7e-m/libc.a(lib_a-svfprintf.o)
 .debug_frame   0x0000000000000fbc       0x34 /home/y/github/EmbeddedSoftwareMCU/Tools/gcc-arm-none-eabi-unix/bin/../lib/gcc/arm-none-eabi/6.2.1/../../../../arm-none-eabi/lib/thumb/v7e-m/libc.a(lib_a-__atexit.o)
 .debug_frame   0x0000000000000ff0       0x88 /home/y/github/EmbeddedSoftwareMCU/Tools/gcc-arm-none-eabi-unix/bin/../lib/gcc/arm-none-eabi/6.2.1/../../../../arm-none-eabi/lib/thumb/v7e-m/libc.a(lib_a-dtoa.o)
 .debug_frame   0x0000000000001078       0x40 /home/y/github/EmbeddedSoftwareMCU/Tools/gcc-arm-none-eabi-unix/bin/../lib/gcc/arm-none-eabi/6.2.1/../../../../arm-none-eabi/lib/thumb/v7e-m/libc.a(lib_a-localeconv.o)
 .debug_frame   0x00000000000010b8       0x58 /home/y/github/EmbeddedSoftwareMCU/Tools/gcc-arm-none-eabi-unix/bin/../lib/gcc/arm-none-eabi/6.2.1/../../../../arm-none-eabi/lib/thumb/v7e-m/libc.a(lib_a-mallocr.o)
 .debug_frame   0x0000000000001110       0x30 /home/y/github/EmbeddedSoftwareMCU/Tools/gcc-arm-none-eabi-unix/bin/../lib/gcc/arm-none-eabi/6.2.1/../../../../arm-none-eabi/lib/thumb/v7e-m/libc.a(lib_a-mlock.o)
 .debug_frame   0x0000000000001140      0x25c /home/y/github/EmbeddedSoftwareMCU/Tools/gcc-arm-none-eabi-unix/bin/../lib/gcc/arm-none-eabi/6.2.1/../../../../arm-none-eabi/lib/thumb/v7e-m/libc.a(lib_a-mprec.o)
 .debug_frame   0x000000000000139c       0x2c /home/y/github/EmbeddedSoftwareMCU/Tools/gcc-arm-none-eabi-unix/bin/../lib/gcc/arm-none-eabi/6.2.1/../../../../arm-none-eabi/lib/thumb/v7e-m/libc.a(lib_a-sbrkr.o)
 .debug_frame   0x00000000000013c8       0x78 /home/y/github/EmbeddedSoftwareMCU/Tools/gcc-arm-none-eabi-unix/bin/../lib/gcc/arm-none-eabi/6.2.1/../../../../arm-none-eabi/lib/thumb/v7e-m/libc.a(lib_a-svfiprintf.o)
 .debug_frame   0x0000000000001440       0x28 /home/y/github/EmbeddedSoftwareMCU/Tools/gcc-arm-none-eabi-unix/bin/../lib/gcc/arm-none-eabi/6.2.1/../../../../arm-none-eabi/lib/thumb/v7e-m/libc.a(lib_a-callocr.o)
 .debug_frame   0x0000000000001468       0x74 /home/y/github/EmbeddedSoftwareMCU/Tools/gcc-arm-none-eabi-unix/bin/../lib/gcc/arm-none-eabi/6.2.1/../../../../arm-none-eabi/lib/thumb/v7e-m/libc.a(lib_a-freer.o)
 .debug_frame   0x00000000000014dc       0x6c /home/y/github/EmbeddedSoftwareMCU/Tools/gcc-arm-none-eabi-unix/bin/../lib/gcc/arm-none-eabi/6.2.1/../../../../arm-none-eabi/lib/thumb/v7e-m/libc.a(lib_a-locale.o)
 .debug_frame   0x0000000000001548       0x4c /home/y/github/EmbeddedSoftwareMCU/Tools/gcc-arm-none-eabi-unix/bin/../lib/gcc/arm-none-eabi/6.2.1/../../../../arm-none-eabi/lib/thumb/v7e-m/libc.a(lib_a-mbtowc_r.o)
 .debug_frame   0x0000000000001594       0x30 /home/y/github/EmbeddedSoftwareMCU/Tools/gcc-arm-none-eabi-unix/bin/../lib/gcc/arm-none-eabi/6.2.1/../../../../arm-none-eabi/lib/thumb/v7e-m/libc.a(lib_a-memmove.o)
 .debug_frame   0x00000000000015c4       0x68 /home/y/github/EmbeddedSoftwareMCU/Tools/gcc-arm-none-eabi-unix/bin/../lib/gcc/arm-none-eabi/6.2.1/../../../../arm-none-eabi/lib/thumb/v7e-m/libc.a(lib_a-reallocr.o)
 .debug_frame   0x000000000000162c       0x58 /home/y/github/EmbeddedSoftwareMCU/Tools/gcc-arm-none-eabi-unix/bin/../lib/gcc/arm-none-eabi/6.2.1/../../../../arm-none-eabi/lib/thumb/v7e-m/libc.a(lib_a-reent.o)
 .debug_frame   0x0000000000001684       0x3c /home/y/github/EmbeddedSoftwareMCU/Tools/gcc-arm-none-eabi-unix/bin/../lib/gcc/arm-none-eabi/6.2.1/../../../../arm-none-eabi/lib/thumb/v7e-m/libc.a(lib_a-wctomb_r.o)
 .debug_frame   0x00000000000016c0       0x20 /home/y/github/EmbeddedSoftwareMCU/Tools/gcc-arm-none-eabi-unix/bin/../lib/gcc/arm-none-eabi/6.2.1/../../../../arm-none-eabi/lib/thumb/v7e-m/libnosys.a(sbrk.o)
 .debug_frame   0x00000000000016e0       0xac /home/y/github/EmbeddedSoftwareMCU/Tools/gcc-arm-none-eabi-unix/bin/../lib/gcc/arm-none-eabi/6.2.1/thumb/v7e-m/libgcc.a(_arm_addsubdf3.o)
 .debug_frame   0x000000000000178c       0x50 /home/y/github/EmbeddedSoftwareMCU/Tools/gcc-arm-none-eabi-unix/bin/../lib/gcc/arm-none-eabi/6.2.1/thumb/v7e-m/libgcc.a(_arm_muldivdf3.o)
 .debug_frame   0x00000000000017dc       0xc4 /home/y/github/EmbeddedSoftwareMCU/Tools/gcc-arm-none-eabi-unix/bin/../lib/gcc/arm-none-eabi/6.2.1/thumb/v7e-m/libgcc.a(_arm_cmpdf2.o)
 .debug_frame   0x00000000000018a0       0x20 /home/y/github/EmbeddedSoftwareMCU/Tools/gcc-arm-none-eabi-unix/bin/../lib/gcc/arm-none-eabi/6.2.1/thumb/v7e-m/libgcc.a(_arm_unorddf2.o)
 .debug_frame   0x00000000000018c0       0x24 /home/y/github/EmbeddedSoftwareMCU/Tools/gcc-arm-none-eabi-unix/bin/../lib/gcc/arm-none-eabi/6.2.1/thumb/v7e-m/libgcc.a(_arm_fixdfsi.o)
 .debug_frame   0x00000000000018e4       0x2c /home/y/github/EmbeddedSoftwareMCU/Tools/gcc-arm-none-eabi-unix/bin/../lib/gcc/arm-none-eabi/6.2.1/thumb/v7e-m/libgcc.a(_aeabi_uldivmod.o)
 .debug_frame   0x0000000000001910       0x34 /home/y/github/EmbeddedSoftwareMCU/Tools/gcc-arm-none-eabi-unix/bin/../lib/gcc/arm-none-eabi/6.2.1/thumb/v7e-m/libgcc.a(_udivmoddi4.o)

Cross Reference Table

Symbol                                            File
ACC_IRQHandler                                    build/startup_at32f403a_407.o
ADC1_2_IRQHandler                                 build/startup_at32f403a_407.o
ADC3_IRQHandler                                   build/startup_at32f403a_407.o
BusFault_Handler                                  build/at32f403a_407_int.o
CAN1_RX1_IRQHandler                               build/startup_at32f403a_407.o
CAN1_SE_IRQHandler                                build/startup_at32f403a_407.o
CAN2_RX0_IRQHandler                               build/startup_at32f403a_407.o
CAN2_RX1_IRQHandler                               build/startup_at32f403a_407.o
CAN2_SE_IRQHandler                                build/startup_at32f403a_407.o
CAN2_TX_IRQHandler                                build/startup_at32f403a_407.o
CRM_IRQHandler                                    build/startup_at32f403a_407.o
DMA1_Channel1_IRQHandler                          build/startup_at32f403a_407.o
DMA1_Channel2_IRQHandler                          build/startup_at32f403a_407.o
DMA1_Channel3_IRQHandler                          build/startup_at32f403a_407.o
DMA1_Channel4_IRQHandler                          build/startup_at32f403a_407.o
DMA1_Channel5_IRQHandler                          build/startup_at32f403a_407.o
DMA1_Channel6_IRQHandler                          build/startup_at32f403a_407.o
DMA1_Channel7_IRQHandler                          build/startup_at32f403a_407.o
DMA2_Channel1_IRQHandler                          build/startup_at32f403a_407.o
DMA2_Channel2_IRQHandler                          build/startup_at32f403a_407.o
DMA2_Channel3_IRQHandler                          build/startup_at32f403a_407.o
DMA2_Channel4_5_IRQHandler                        build/startup_at32f403a_407.o
DMA2_Channel6_7_IRQHandler                        build/startup_at32f403a_407.o
DebugMon_Handler                                  build/at32f403a_407_int.o
Default_Handler                                   build/startup_at32f403a_407.o
EMAC_IRQHandler                                   build/startup_at32f403a_407.o
EMAC_WKUP_IRQHandler                              build/startup_at32f403a_407.o
EXINT0_IRQHandler                                 build/startup_at32f403a_407.o
EXINT15_10_IRQHandler                             build/startup_at32f403a_407.o
EXINT1_IRQHandler                                 build/startup_at32f403a_407.o
EXINT2_IRQHandler                                 build/startup_at32f403a_407.o
EXINT3_IRQHandler                                 build/startup_at32f403a_407.o
EXINT4_IRQHandler                                 build/startup_at32f403a_407.o
EXINT9_5_IRQHandler                               build/startup_at32f403a_407.o
FLASH_IRQHandler                                  build/startup_at32f403a_407.o
HAL_GetTick                                       build/common.o
HardFault_Handler                                 build/at32f403a_407_int.o
I2C1_ERR_IRQHandler                               build/startup_at32f403a_407.o
I2C1_EVT_IRQHandler                               build/startup_at32f403a_407.o
I2C2_ERR_IRQHandler                               build/startup_at32f403a_407.o
I2C2_EVT_IRQHandler                               build/startup_at32f403a_407.o
I2C3_ERR_IRQHandler                               build/startup_at32f403a_407.o
I2C3_EVT_IRQHandler                               build/startup_at32f403a_407.o
MemManage_Handler                                 build/at32f403a_407_int.o
NMI_Handler                                       build/at32f403a_407_int.o
PVM_IRQHandler                                    build/startup_at32f403a_407.o
PendSV_Handler                                    build/at32f403a_407_int.o
RTCAlarm_IRQHandler                               build/startup_at32f403a_407.o
RTC_IRQHandler                                    build/startup_at32f403a_407.o
Reset_Handler                                     build/startup_at32f403a_407.o
SDIO1_IRQHandler                                  build/startup_at32f403a_407.o
SDIO2_IRQHandler                                  build/startup_at32f403a_407.o
SPI1_IRQHandler                                   build/startup_at32f403a_407.o
SPI2_I2S2EXT_IRQHandler                           build/startup_at32f403a_407.o
SPI3_I2S3EXT_IRQHandler                           build/startup_at32f403a_407.o
SPI4_IRQHandler                                   build/startup_at32f403a_407.o
SVC_Handler                                       build/at32f403a_407_int.o
SysTick_Handler                                   build/at32f403a_407_int.o
SystemInit                                        build/system_at32f403a_407.o
                                                  build/startup_at32f403a_407.o
TAMPER_IRQHandler                                 build/startup_at32f403a_407.o
TMR1_BRK_TMR9_IRQHandler                          build/startup_at32f403a_407.o
TMR1_CH_IRQHandler                                build/startup_at32f403a_407.o
TMR1_OVF_TMR10_IRQHandler                         build/startup_at32f403a_407.o
TMR1_TRG_HALL_TMR11_IRQHandler                    build/startup_at32f403a_407.o
TMR2_GLOBAL_IRQHandler                            build/startup_at32f403a_407.o
TMR3_GLOBAL_IRQHandler                            build/startup_at32f403a_407.o
TMR4_GLOBAL_IRQHandler                            build/startup_at32f403a_407.o
TMR5_GLOBAL_IRQHandler                            build/startup_at32f403a_407.o
TMR6_GLOBAL_IRQHandler                            build/startup_at32f403a_407.o
TMR7_GLOBAL_IRQHandler                            build/startup_at32f403a_407.o
TMR8_BRK_TMR12_IRQHandler                         build/startup_at32f403a_407.o
TMR8_CH_IRQHandler                                build/startup_at32f403a_407.o
TMR8_OVF_TMR13_IRQHandler                         build/startup_at32f403a_407.o
TMR8_TRG_HALL_TMR14_IRQHandler                    build/startup_at32f403a_407.o
UART4_IRQHandler                                  build/startup_at32f403a_407.o
UART5_IRQHandler                                  build/startup_at32f403a_407.o
UART7_IRQHandler                                  build/startup_at32f403a_407.o
UART8_IRQHandler                                  build/startup_at32f403a_407.o
USART1_IRQHandler                                 build/startup_at32f403a_407.o
USART2_IRQHandler                                 build/startup_at32f403a_407.o
USART3_IRQHandler                                 build/startup_at32f403a_407.o
USART6_IRQHandler                                 build/startup_at32f403a_407.o
USBFSWakeUp_IRQHandler                            build/startup_at32f403a_407.o
USBFS_H_CAN1_TX_IRQHandler                        build/startup_at32f403a_407.o
USBFS_L_CAN1_RX0_IRQHandler                       build/startup_at32f403a_407.o
USBFS_MAPH_IRQHandler                             build/startup_at32f403a_407.o
USBFS_MAPL_IRQHandler                             build/startup_at32f403a_407.o
UsageFault_Handler                                build/at32f403a_407_int.o
WWDT_IRQHandler                                   build/startup_at32f403a_407.o
XMC_IRQHandler                                    build/startup_at32f403a_407.o
_Balloc                                           /home/y/github/EmbeddedSoftwareMCU/Tools/gcc-arm-none-eabi-unix/bin/../lib/gcc/arm-none-eabi/6.2.1/../../../../arm-none-eabi/lib/thumb/v7e-m/libc.a(lib_a-mprec.o)
                                                  /home/y/github/EmbeddedSoftwareMCU/Tools/gcc-arm-none-eabi-unix/bin/../lib/gcc/arm-none-eabi/6.2.1/../../../../arm-none-eabi/lib/thumb/v7e-m/libc.a(lib_a-dtoa.o)
_Bfree                                            /home/y/github/EmbeddedSoftwareMCU/Tools/gcc-arm-none-eabi-unix/bin/../lib/gcc/arm-none-eabi/6.2.1/../../../../arm-none-eabi/lib/thumb/v7e-m/libc.a(lib_a-mprec.o)
                                                  /home/y/github/EmbeddedSoftwareMCU/Tools/gcc-arm-none-eabi-unix/bin/../lib/gcc/arm-none-eabi/6.2.1/../../../../arm-none-eabi/lib/thumb/v7e-m/libc.a(lib_a-dtoa.o)
_Jv_RegisterClasses                               /home/y/github/EmbeddedSoftwareMCU/Tools/gcc-arm-none-eabi-unix/bin/../lib/gcc/arm-none-eabi/6.2.1/thumb/v7e-m/crtbegin.o
_PathLocale                                       /home/y/github/EmbeddedSoftwareMCU/Tools/gcc-arm-none-eabi-unix/bin/../lib/gcc/arm-none-eabi/6.2.1/../../../../arm-none-eabi/lib/thumb/v7e-m/libc.a(lib_a-locale.o)
__adddf3                                          /home/y/github/EmbeddedSoftwareMCU/Tools/gcc-arm-none-eabi-unix/bin/../lib/gcc/arm-none-eabi/6.2.1/thumb/v7e-m/libgcc.a(_arm_addsubdf3.o)
__aeabi_cdcmpeq                                   /home/y/github/EmbeddedSoftwareMCU/Tools/gcc-arm-none-eabi-unix/bin/../lib/gcc/arm-none-eabi/6.2.1/thumb/v7e-m/libgcc.a(_arm_cmpdf2.o)
__aeabi_cdcmple                                   /home/y/github/EmbeddedSoftwareMCU/Tools/gcc-arm-none-eabi-unix/bin/../lib/gcc/arm-none-eabi/6.2.1/thumb/v7e-m/libgcc.a(_arm_cmpdf2.o)
__aeabi_cdrcmple                                  /home/y/github/EmbeddedSoftwareMCU/Tools/gcc-arm-none-eabi-unix/bin/../lib/gcc/arm-none-eabi/6.2.1/thumb/v7e-m/libgcc.a(_arm_cmpdf2.o)
__aeabi_d2iz                                      /home/y/github/EmbeddedSoftwareMCU/Tools/gcc-arm-none-eabi-unix/bin/../lib/gcc/arm-none-eabi/6.2.1/thumb/v7e-m/libgcc.a(_arm_fixdfsi.o)
                                                  /home/y/github/EmbeddedSoftwareMCU/Tools/gcc-arm-none-eabi-unix/bin/../lib/gcc/arm-none-eabi/6.2.1/../../../../arm-none-eabi/lib/thumb/v7e-m/libc.a(lib_a-dtoa.o)
__aeabi_dadd                                      /home/y/github/EmbeddedSoftwareMCU/Tools/gcc-arm-none-eabi-unix/bin/../lib/gcc/arm-none-eabi/6.2.1/thumb/v7e-m/libgcc.a(_arm_addsubdf3.o)
                                                  /home/y/github/EmbeddedSoftwareMCU/Tools/gcc-arm-none-eabi-unix/bin/../lib/gcc/arm-none-eabi/6.2.1/../../../../arm-none-eabi/lib/thumb/v7e-m/libc.a(lib_a-dtoa.o)
__aeabi_dcmpeq                                    /home/y/github/EmbeddedSoftwareMCU/Tools/gcc-arm-none-eabi-unix/bin/../lib/gcc/arm-none-eabi/6.2.1/thumb/v7e-m/libgcc.a(_arm_cmpdf2.o)
                                                  /home/y/github/EmbeddedSoftwareMCU/Tools/gcc-arm-none-eabi-unix/bin/../lib/gcc/arm-none-eabi/6.2.1/../../../../arm-none-eabi/lib/thumb/v7e-m/libc.a(lib_a-dtoa.o)
                                                  /home/y/github/EmbeddedSoftwareMCU/Tools/gcc-arm-none-eabi-unix/bin/../lib/gcc/arm-none-eabi/6.2.1/../../../../arm-none-eabi/lib/thumb/v7e-m/libc.a(lib_a-svfprintf.o)
__aeabi_dcmpge                                    /home/y/github/EmbeddedSoftwareMCU/Tools/gcc-arm-none-eabi-unix/bin/../lib/gcc/arm-none-eabi/6.2.1/thumb/v7e-m/libgcc.a(_arm_cmpdf2.o)
                                                  /home/y/github/EmbeddedSoftwareMCU/Tools/gcc-arm-none-eabi-unix/bin/../lib/gcc/arm-none-eabi/6.2.1/../../../../arm-none-eabi/lib/thumb/v7e-m/libc.a(lib_a-dtoa.o)
__aeabi_dcmpgt                                    /home/y/github/EmbeddedSoftwareMCU/Tools/gcc-arm-none-eabi-unix/bin/../lib/gcc/arm-none-eabi/6.2.1/thumb/v7e-m/libgcc.a(_arm_cmpdf2.o)
                                                  /home/y/github/EmbeddedSoftwareMCU/Tools/gcc-arm-none-eabi-unix/bin/../lib/gcc/arm-none-eabi/6.2.1/../../../../arm-none-eabi/lib/thumb/v7e-m/libc.a(lib_a-dtoa.o)
__aeabi_dcmple                                    /home/y/github/EmbeddedSoftwareMCU/Tools/gcc-arm-none-eabi-unix/bin/../lib/gcc/arm-none-eabi/6.2.1/thumb/v7e-m/libgcc.a(_arm_cmpdf2.o)
                                                  /home/y/github/EmbeddedSoftwareMCU/Tools/gcc-arm-none-eabi-unix/bin/../lib/gcc/arm-none-eabi/6.2.1/../../../../arm-none-eabi/lib/thumb/v7e-m/libc.a(lib_a-svfprintf.o)
__aeabi_dcmplt                                    /home/y/github/EmbeddedSoftwareMCU/Tools/gcc-arm-none-eabi-unix/bin/../lib/gcc/arm-none-eabi/6.2.1/thumb/v7e-m/libgcc.a(_arm_cmpdf2.o)
                                                  /home/y/github/EmbeddedSoftwareMCU/Tools/gcc-arm-none-eabi-unix/bin/../lib/gcc/arm-none-eabi/6.2.1/../../../../arm-none-eabi/lib/thumb/v7e-m/libc.a(lib_a-dtoa.o)
                                                  /home/y/github/EmbeddedSoftwareMCU/Tools/gcc-arm-none-eabi-unix/bin/../lib/gcc/arm-none-eabi/6.2.1/../../../../arm-none-eabi/lib/thumb/v7e-m/libc.a(lib_a-svfprintf.o)
__aeabi_dcmpun                                    /home/y/github/EmbeddedSoftwareMCU/Tools/gcc-arm-none-eabi-unix/bin/../lib/gcc/arm-none-eabi/6.2.1/thumb/v7e-m/libgcc.a(_arm_unorddf2.o)
                                                  /home/y/github/EmbeddedSoftwareMCU/Tools/gcc-arm-none-eabi-unix/bin/../lib/gcc/arm-none-eabi/6.2.1/../../../../arm-none-eabi/lib/thumb/v7e-m/libc.a(lib_a-svfprintf.o)
__aeabi_ddiv                                      /home/y/github/EmbeddedSoftwareMCU/Tools/gcc-arm-none-eabi-unix/bin/../lib/gcc/arm-none-eabi/6.2.1/thumb/v7e-m/libgcc.a(_arm_muldivdf3.o)
                                                  /home/y/github/EmbeddedSoftwareMCU/Tools/gcc-arm-none-eabi-unix/bin/../lib/gcc/arm-none-eabi/6.2.1/../../../../arm-none-eabi/lib/thumb/v7e-m/libc.a(lib_a-mprec.o)
                                                  /home/y/github/EmbeddedSoftwareMCU/Tools/gcc-arm-none-eabi-unix/bin/../lib/gcc/arm-none-eabi/6.2.1/../../../../arm-none-eabi/lib/thumb/v7e-m/libc.a(lib_a-dtoa.o)
__aeabi_dmul                                      /home/y/github/EmbeddedSoftwareMCU/Tools/gcc-arm-none-eabi-unix/bin/../lib/gcc/arm-none-eabi/6.2.1/thumb/v7e-m/libgcc.a(_arm_muldivdf3.o)
                                                  /home/y/github/EmbeddedSoftwareMCU/Tools/gcc-arm-none-eabi-unix/bin/../lib/gcc/arm-none-eabi/6.2.1/../../../../arm-none-eabi/lib/thumb/v7e-m/libc.a(lib_a-mprec.o)
                                                  /home/y/github/EmbeddedSoftwareMCU/Tools/gcc-arm-none-eabi-unix/bin/../lib/gcc/arm-none-eabi/6.2.1/../../../../arm-none-eabi/lib/thumb/v7e-m/libc.a(lib_a-dtoa.o)
__aeabi_drsub                                     /home/y/github/EmbeddedSoftwareMCU/Tools/gcc-arm-none-eabi-unix/bin/../lib/gcc/arm-none-eabi/6.2.1/thumb/v7e-m/libgcc.a(_arm_addsubdf3.o)
__aeabi_dsub                                      /home/y/github/EmbeddedSoftwareMCU/Tools/gcc-arm-none-eabi-unix/bin/../lib/gcc/arm-none-eabi/6.2.1/thumb/v7e-m/libgcc.a(_arm_addsubdf3.o)
                                                  /home/y/github/EmbeddedSoftwareMCU/Tools/gcc-arm-none-eabi-unix/bin/../lib/gcc/arm-none-eabi/6.2.1/../../../../arm-none-eabi/lib/thumb/v7e-m/libc.a(lib_a-dtoa.o)
__aeabi_f2d                                       /home/y/github/EmbeddedSoftwareMCU/Tools/gcc-arm-none-eabi-unix/bin/../lib/gcc/arm-none-eabi/6.2.1/thumb/v7e-m/libgcc.a(_arm_addsubdf3.o)
__aeabi_i2d                                       /home/y/github/EmbeddedSoftwareMCU/Tools/gcc-arm-none-eabi-unix/bin/../lib/gcc/arm-none-eabi/6.2.1/thumb/v7e-m/libgcc.a(_arm_addsubdf3.o)
                                                  /home/y/github/EmbeddedSoftwareMCU/Tools/gcc-arm-none-eabi-unix/bin/../lib/gcc/arm-none-eabi/6.2.1/../../../../arm-none-eabi/lib/thumb/v7e-m/libc.a(lib_a-dtoa.o)
__aeabi_idiv0                                     /home/y/github/EmbeddedSoftwareMCU/Tools/gcc-arm-none-eabi-unix/bin/../lib/gcc/arm-none-eabi/6.2.1/thumb/v7e-m/libgcc.a(_dvmd_tls.o)
__aeabi_l2d                                       /home/y/github/EmbeddedSoftwareMCU/Tools/gcc-arm-none-eabi-unix/bin/../lib/gcc/arm-none-eabi/6.2.1/thumb/v7e-m/libgcc.a(_arm_addsubdf3.o)
__aeabi_ldiv0                                     /home/y/github/EmbeddedSoftwareMCU/Tools/gcc-arm-none-eabi-unix/bin/../lib/gcc/arm-none-eabi/6.2.1/thumb/v7e-m/libgcc.a(_dvmd_tls.o)
                                                  /home/y/github/EmbeddedSoftwareMCU/Tools/gcc-arm-none-eabi-unix/bin/../lib/gcc/arm-none-eabi/6.2.1/thumb/v7e-m/libgcc.a(_aeabi_uldivmod.o)
__aeabi_ui2d                                      /home/y/github/EmbeddedSoftwareMCU/Tools/gcc-arm-none-eabi-unix/bin/../lib/gcc/arm-none-eabi/6.2.1/thumb/v7e-m/libgcc.a(_arm_addsubdf3.o)
                                                  /home/y/github/EmbeddedSoftwareMCU/Tools/gcc-arm-none-eabi-unix/bin/../lib/gcc/arm-none-eabi/6.2.1/../../../../arm-none-eabi/lib/thumb/v7e-m/libc.a(lib_a-dtoa.o)
__aeabi_ul2d                                      /home/y/github/EmbeddedSoftwareMCU/Tools/gcc-arm-none-eabi-unix/bin/../lib/gcc/arm-none-eabi/6.2.1/thumb/v7e-m/libgcc.a(_arm_addsubdf3.o)
__aeabi_uldivmod                                  /home/y/github/EmbeddedSoftwareMCU/Tools/gcc-arm-none-eabi-unix/bin/../lib/gcc/arm-none-eabi/6.2.1/thumb/v7e-m/libgcc.a(_aeabi_uldivmod.o)
                                                  /home/y/github/EmbeddedSoftwareMCU/Tools/gcc-arm-none-eabi-unix/bin/../lib/gcc/arm-none-eabi/6.2.1/../../../../arm-none-eabi/lib/thumb/v7e-m/libc.a(lib_a-svfiprintf.o)
                                                  /home/y/github/EmbeddedSoftwareMCU/Tools/gcc-arm-none-eabi-unix/bin/../lib/gcc/arm-none-eabi/6.2.1/../../../../arm-none-eabi/lib/thumb/v7e-m/libc.a(lib_a-svfprintf.o)
__any_on                                          /home/y/github/EmbeddedSoftwareMCU/Tools/gcc-arm-none-eabi-unix/bin/../lib/gcc/arm-none-eabi/6.2.1/../../../../arm-none-eabi/lib/thumb/v7e-m/libc.a(lib_a-mprec.o)
__ascii_mbtowc                                    /home/y/github/EmbeddedSoftwareMCU/Tools/gcc-arm-none-eabi-unix/bin/../lib/gcc/arm-none-eabi/6.2.1/../../../../arm-none-eabi/lib/thumb/v7e-m/libc.a(lib_a-mbtowc_r.o)
                                                  /home/y/github/EmbeddedSoftwareMCU/Tools/gcc-arm-none-eabi-unix/bin/../lib/gcc/arm-none-eabi/6.2.1/../../../../arm-none-eabi/lib/thumb/v7e-m/libc.a(lib_a-locale.o)
__ascii_wctomb                                    /home/y/github/EmbeddedSoftwareMCU/Tools/gcc-arm-none-eabi-unix/bin/../lib/gcc/arm-none-eabi/6.2.1/../../../../arm-none-eabi/lib/thumb/v7e-m/libc.a(lib_a-wctomb_r.o)
                                                  /home/y/github/EmbeddedSoftwareMCU/Tools/gcc-arm-none-eabi-unix/bin/../lib/gcc/arm-none-eabi/6.2.1/../../../../arm-none-eabi/lib/thumb/v7e-m/libc.a(lib_a-locale.o)
__b2d                                             /home/y/github/EmbeddedSoftwareMCU/Tools/gcc-arm-none-eabi-unix/bin/../lib/gcc/arm-none-eabi/6.2.1/../../../../arm-none-eabi/lib/thumb/v7e-m/libc.a(lib_a-mprec.o)
__bss_end__                                       /home/y/github/EmbeddedSoftwareMCU/Tools/gcc-arm-none-eabi-unix/bin/../lib/gcc/arm-none-eabi/6.2.1/../../../../arm-none-eabi/lib/thumb/v7e-m/crt0.o
__bss_start__                                     /home/y/github/EmbeddedSoftwareMCU/Tools/gcc-arm-none-eabi-unix/bin/../lib/gcc/arm-none-eabi/6.2.1/../../../../arm-none-eabi/lib/thumb/v7e-m/crt0.o
__call_exitprocs                                  /home/y/github/EmbeddedSoftwareMCU/Tools/gcc-arm-none-eabi-unix/bin/../lib/gcc/arm-none-eabi/6.2.1/../../../../arm-none-eabi/lib/thumb/v7e-m/libc.a(lib_a-__call_atexit.o)
                                                  /home/y/github/EmbeddedSoftwareMCU/Tools/gcc-arm-none-eabi-unix/bin/../lib/gcc/arm-none-eabi/6.2.1/../../../../arm-none-eabi/lib/thumb/v7e-m/libc.a(lib_a-exit.o)
__cmpdf2                                          /home/y/github/EmbeddedSoftwareMCU/Tools/gcc-arm-none-eabi-unix/bin/../lib/gcc/arm-none-eabi/6.2.1/thumb/v7e-m/libgcc.a(_arm_cmpdf2.o)
__copybits                                        /home/y/github/EmbeddedSoftwareMCU/Tools/gcc-arm-none-eabi-unix/bin/../lib/gcc/arm-none-eabi/6.2.1/../../../../arm-none-eabi/lib/thumb/v7e-m/libc.a(lib_a-mprec.o)
__d2b                                             /home/y/github/EmbeddedSoftwareMCU/Tools/gcc-arm-none-eabi-unix/bin/../lib/gcc/arm-none-eabi/6.2.1/../../../../arm-none-eabi/lib/thumb/v7e-m/libc.a(lib_a-mprec.o)
                                                  /home/y/github/EmbeddedSoftwareMCU/Tools/gcc-arm-none-eabi-unix/bin/../lib/gcc/arm-none-eabi/6.2.1/../../../../arm-none-eabi/lib/thumb/v7e-m/libc.a(lib_a-dtoa.o)
__deregister_frame_info                           /home/y/github/EmbeddedSoftwareMCU/Tools/gcc-arm-none-eabi-unix/bin/../lib/gcc/arm-none-eabi/6.2.1/thumb/v7e-m/crtbegin.o
__divdf3                                          /home/y/github/EmbeddedSoftwareMCU/Tools/gcc-arm-none-eabi-unix/bin/../lib/gcc/arm-none-eabi/6.2.1/thumb/v7e-m/libgcc.a(_arm_muldivdf3.o)
__dso_handle                                      /home/y/github/EmbeddedSoftwareMCU/Tools/gcc-arm-none-eabi-unix/bin/../lib/gcc/arm-none-eabi/6.2.1/thumb/v7e-m/crtbegin.o
__eqdf2                                           /home/y/github/EmbeddedSoftwareMCU/Tools/gcc-arm-none-eabi-unix/bin/../lib/gcc/arm-none-eabi/6.2.1/thumb/v7e-m/libgcc.a(_arm_cmpdf2.o)
__extendsfdf2                                     /home/y/github/EmbeddedSoftwareMCU/Tools/gcc-arm-none-eabi-unix/bin/../lib/gcc/arm-none-eabi/6.2.1/thumb/v7e-m/libgcc.a(_arm_addsubdf3.o)
__fini_array_end                                  /home/y/github/EmbeddedSoftwareMCU/Tools/gcc-arm-none-eabi-unix/bin/../lib/gcc/arm-none-eabi/6.2.1/../../../../arm-none-eabi/lib/thumb/v7e-m/libc.a(lib_a-fini.o)
__fini_array_start                                /home/y/github/EmbeddedSoftwareMCU/Tools/gcc-arm-none-eabi-unix/bin/../lib/gcc/arm-none-eabi/6.2.1/../../../../arm-none-eabi/lib/thumb/v7e-m/libc.a(lib_a-fini.o)
__fixdfsi                                         /home/y/github/EmbeddedSoftwareMCU/Tools/gcc-arm-none-eabi-unix/bin/../lib/gcc/arm-none-eabi/6.2.1/thumb/v7e-m/libgcc.a(_arm_fixdfsi.o)
__floatdidf                                       /home/y/github/EmbeddedSoftwareMCU/Tools/gcc-arm-none-eabi-unix/bin/../lib/gcc/arm-none-eabi/6.2.1/thumb/v7e-m/libgcc.a(_arm_addsubdf3.o)
__floatsidf                                       /home/y/github/EmbeddedSoftwareMCU/Tools/gcc-arm-none-eabi-unix/bin/../lib/gcc/arm-none-eabi/6.2.1/thumb/v7e-m/libgcc.a(_arm_addsubdf3.o)
__floatundidf                                     /home/y/github/EmbeddedSoftwareMCU/Tools/gcc-arm-none-eabi-unix/bin/../lib/gcc/arm-none-eabi/6.2.1/thumb/v7e-m/libgcc.a(_arm_addsubdf3.o)
__floatunsidf                                     /home/y/github/EmbeddedSoftwareMCU/Tools/gcc-arm-none-eabi-unix/bin/../lib/gcc/arm-none-eabi/6.2.1/thumb/v7e-m/libgcc.a(_arm_addsubdf3.o)